07-22 19:17:43.419 1463-6077/? V/BroadcastQueue: [background] Process cur broadcast BroadcastRecord{6fe1970 u0 com.android.launcher.action.HOME_MODE_CHANGE qIdx=4}, state= (APP_RECEIVE) DELIVERED for app ProcessRecord{52f2ecc 30762:com.sec.android.app.clockpackage/u0a68}
07-22 19:17:43.419 9953-9953/? I/KeyboardViewUtil: KeyboardViewUtil.getKeyboardHeightRatio():182 systemKeyboardHeightRatio:1.000000; userKeyboardHeightRatio:1.000000.
07-22 19:17:43.429 28269-1944/? W/System.err: addSampleData ====== video: false, size : 356, time : 235607857
07-22 19:17:43.429 28269-1944/? W/System.err: addSampleData ====== video: false, size : 360, time : 235614030
07-22 19:17:43.439 1463-2903/? V/MARsPolicyManager: handelAlertToastWindowStarted pkgName = videoeditor.videorecorder.screenrecorder
07-22 19:17:43.449 2896-2896/? D/QuickViewWorkspace: onLayout()7
07-22 19:17:43.459 28269-1944/? W/System.err: addSampleData ====== video: false, size : 356, time : 235636935
07-22 19:17:43.459 347-347/? I/SurfaceFlinger: id=1732 createSurf (1x1),1 flag=4, 
07-22 19:17:43.459 2294-2294/? D/DateView: received broadcast android.intent.action.CONFIGURATION_CHANGED
07-22 19:17:43.459 2294-2294/? D/CoverUpdateMonitor: received broadcast android.intent.action.CONFIGURATION_CHANGED
07-22 19:17:43.469 2294-2294/? I/Choreographer: Skipped 48 frames!  The application may be doing too much work on its main thread.
07-22 19:17:43.469 2896-2896/? V/LauncherAppWidgetHostView: calculateWidgetSize: (target widgetsize)  using w/h 686 220 span 4 1 (widgetid 26) [current Gridsize : GRID_4x4]
07-22 19:17:43.469 2896-2896/? D/LauncherAppWidgetHostView: calculateWidgetSize() widget = AIMP(widget id = 26) result hostview size = 686 x 220
07-22 19:17:43.469 2896-2896/? D/LauncherAppWidgetHostView: setResizeScaleResult() 686/ 220 scaleToResize = 1.0(widget id = 26)
07-22 19:17:43.469 2896-2896/? V/LauncherAppWidgetHostView: calculateWidgetSize: (target widgetsize)  using w/h 686 220 span 4 1 (widgetid 28) [current Gridsize : GRID_4x4]
07-22 19:17:43.469 2896-2896/? D/LauncherAppWidgetHostView: calculateWidgetSize() widget = Weather and Clock(widget id = 28) result hostview size = 686 x 220
07-22 19:17:43.469 2896-2896/? D/LauncherAppWidgetHostView: setResizeScaleResult() 686/ 220 scaleToResize = 1.0(widget id = 28)
07-22 19:17:43.479 28269-1944/? W/System.err: addSampleData ====== video: false, size : 359, time : 235657821
07-22 19:17:43.489 9953-9953/? I/GoogleInputMethodServic: GoogleInputMethodService.onStartInput():1808 
07-22 19:17:43.489 9953-9953/? W/SessionManager: SessionManager.beginSession():53 Try to begin an already begun session [INPUT_SESSION], end it first
07-22 19:17:43.509 28269-1940/? W/System.err: addSampleData ====== video: true, size : 11, time : 235691307
07-22 19:17:43.519 28269-1944/? W/System.err: addSampleData ====== video: false, size : 360, time : 235697158
07-22 19:17:43.519 28269-1944/? W/System.err: addSampleData ====== video: false, size : 364, time : 235700692
07-22 19:17:43.529 30282-30282/? D/Recents: onTaskStackChanged
07-22 19:17:43.529 28269-28269/? D/ViewRootImpl: MSG_RESIZED_REPORT: ci=Rect(0, 0 - 0, 0) vi=Rect(0, 0 - 0, 0) or=1
07-22 19:17:43.539 28269-1944/? W/System.err: addSampleData ====== video: false, size : 358, time : 235718500
07-22 19:17:43.549 1463-2340/? V/WindowStateAnimator: Finishing drawing window Window{641e56e u0 d0 videoeditor.videorecorder.screenrecorder}: mDrawState=DRAW_PENDING
07-22 19:17:43.569 28269-1940/? W/System.err: addSampleData ====== video: true, size : 11, time : 235744586
07-22 19:17:43.569 2896-2908/? I/art: Background partial concurrent mark sweep GC freed 4535(240KB) AllocSpace objects, 17(876KB) LOS objects, 40% free, 14MB/24MB, paused 15.208ms total 150.854ms
07-22 19:17:43.569 28269-1944/? W/System.err: addSampleData ====== video: false, size : 360, time : 235747835
07-22 19:17:43.579 28269-1940/? W/System.err: addSampleData ====== video: true, size : 11, time : 235761958
07-22 19:17:43.589 28269-1944/? W/System.err: addSampleData ====== video: false, size : 363, time : 235769584
07-22 19:17:43.599 9953-9953/? I/Environment: Environment.getDeviceMode():696 Get device mode by ui mode:1 and smallestScreenWidthDp:360
07-22 19:17:43.599 9953-9953/? I/Environment: Environment.getDeviceMode():696 Get device mode by ui mode:1 and smallestScreenWidthDp:360
07-22 19:17:43.609 1463-1482/? V/BroadcastQueue: [background] Process cur broadcast BroadcastRecord{4835c9c u0 com.samsung.android.providers.context.log.action.REPORT_APP_STATUS_SURVEY qIdx=4}, state= (APP_RECEIVE) DELIVERED for app ProcessRecord{c736306 3413:com.samsung.android.providers.context/u0a5}
07-22 19:17:43.619 28269-1944/? W/System.err: addSampleData ====== video: false, size : 357, time : 235798414
07-22 19:17:43.619 28269-1940/? W/System.err: addSampleData ====== video: true, size : 11, time : 235801866
07-22 19:17:43.629 30282-30282/? I/ApplicationPackageManager: load=com.enixan.TotemFarm, bg=96-96, dr=96-96
07-22 19:17:43.629 2294-2294/? D/KeyguardEffectViewController: onLayoutChange() v: com.android.keyguard.effect.EffectBehindView{bc73a9a I.E...... ......ID 0,0-720,48 #7f0e0322 app:id/keyguard_effect_behind}, bottom : 48, oldBottom : 48
07-22 19:17:43.639 30282-30282/? I/ApplicationPackageManager: scaled rate=0.87999994, size=96, alpha=0, hold=26, target=96
07-22 19:17:43.639 28269-1944/? W/System.err: addSampleData ====== video: false, size : 355, time : 235821178
07-22 19:17:43.649 1463-2716/? V/WindowStateAnimator: Finishing drawing window Window{2f144f5 u0 d0 com.sec.android.app.launcher/com.sec.android.app.launcher.activities.LauncherActivity}: mDrawState=DRAW_PENDING
07-22 19:17:43.649 2896-2896/? D/ViewRootImpl: MSG_RESIZED_REPORT: ci=Rect(0, 0 - 0, 0) vi=Rect(0, 48 - 0, 0) or=1
07-22 19:17:43.659 28269-1944/? W/System.err: addSampleData ====== video: false, size : 359, time : 235836437
07-22 19:17:43.659 1463-2903/? D/InputMethodManagerService: windowGainedFocus mCurrentFocusedUserId - 0 and mSecureKeypadEnabled-false
07-22 19:17:43.659 28269-1940/? W/System.err: addSampleData ====== video: true, size : 6411, time : 235840887
07-22 19:17:43.669 1463-1755/? D/KnoxTimeoutHandler: notifyActivityDrawn [MsgParam] userId: 0 fullscreen is true showWhenlocked is false
07-22 19:17:43.679 1463-1463/? D/KnoxTimeoutHandler: activityDrawn [MsgParam] userId: 0 fullscreen is true showWhenlocked is false
07-22 19:17:43.679 1463-1755/? I/Timeline: Timeline: Activity_windows_visible id: ActivityRecord{f1af63c u0 com.sec.android.app.launcher/.activities.LauncherActivity t841} time:34860910
07-22 19:17:43.679 1463-1463/? I/KnoxTimeoutHandler: SD activityfalse
07-22 19:17:43.679 1463-1463/? I/KnoxTimeoutHandler: Fullscreen and mCurrent is not KNOX user. Hence hide keyguard
07-22 19:17:43.679 2896-2896/? V/LauncherAppWidgetHostView: calculateWidgetSize: (target widgetsize)  using w/h 686 220 span 4 1 (widgetid 26) [current Gridsize : GRID_4x4]
07-22 19:17:43.679 2896-2896/? D/LauncherAppWidgetHostView: calculateWidgetSize() widget = AIMP(widget id = 26) result hostview size = 686 x 220
07-22 19:17:43.679 2896-2896/? D/LauncherAppWidgetHostView: setResizeScaleResult() 686/ 220 scaleToResize = 1.0(widget id = 26)
07-22 19:17:43.679 2896-2896/? V/LauncherAppWidgetHostView: calculateWidgetSize: (target widgetsize)  using w/h 686 220 span 4 1 (widgetid 28) [current Gridsize : GRID_4x4]
07-22 19:17:43.679 2896-2896/? D/LauncherAppWidgetHostView: calculateWidgetSize() widget = Weather and Clock(widget id = 28) result hostview size = 686 x 220
07-22 19:17:43.679 2896-2896/? D/LauncherAppWidgetHostView: setResizeScaleResult() 686/ 220 scaleToResize = 1.0(widget id = 28)
07-22 19:17:43.689 28269-1944/? W/System.err: addSampleData ====== video: false, size : 363, time : 235865096
07-22 19:17:43.689 2294-2294/? D/NotificationStackScrollLayout:  scroll range should be extended : 756
07-22 19:17:43.689 28269-1940/? W/System.err: addSampleData ====== video: true, size : 3714, time : 235866645
07-22 19:17:43.689 2294-2294/? W/View: requestLayout() improperly called by com.android.systemui.qs.QSContainer{d53cdcd V.E...... ......ID 0,232-720,514 #7f0e01ba app:id/quick_settings_container} during layout: running second layout pass
07-22 19:17:43.689 2294-2294/? I/ViewRootImpl: requestLayout is already in process
07-22 19:17:43.689 1463-1677/? D/ViewRootImpl: MSG_RESIZED_REPORT: ci=Rect(0, 0 - 0, 0) vi=Rect(0, 48 - 0, 0) or=1
07-22 19:17:43.699 28269-1944/? W/System.err: addSampleData ====== video: false, size : 365, time : 235880607
07-22 19:17:43.699 2896-2896/? D/QuickViewWorkspace: onMeasure()
07-22 19:17:43.699 2896-2896/? D/QuickViewWorkspace: onLayout()7
07-22 19:17:43.709 9953-9953/? I/GoogleInputMethodServic: GoogleInputMethodService.onFinishInput():3138 
07-22 19:17:43.719 1463-1677/? V/WindowStateAnimator: Finishing drawing window Window{ed9e061 u0 d0 PointerLocation}: mDrawState=DRAW_PENDING
07-22 19:17:43.719 1463-2903/? V/WindowStateAnimator: Finishing drawing window Window{f64911e u0 d0 StatusBar}: mDrawState=DRAW_PENDING
07-22 19:17:43.729 1463-3522/? V/BroadcastQueue: [background] Process cur broadcast BroadcastRecord{ece26a5 u0 com.samsung.android.providers.context.log.action.REPORT_APP_STATUS_SURVEY qIdx=4}, state= (APP_RECEIVE) DELIVERED for app ProcessRecord{c736306 3413:com.samsung.android.providers.context/u0a5}
07-22 19:17:43.729 28269-1940/? W/System.err: addSampleData ====== video: true, size : 209, time : 235903705
07-22 19:17:43.729 2294-2294/? D/SecKeyguardClockView: isDualClockSetting, isHomeTimeZoneExist, isEasyUxOn, mIsNetworkRoaming: true, true, false, false
07-22 19:17:43.729 2294-2294/? D/SecKeyguardClockView: handleUpdateClock() >> START >> Text Single Clock will be inflated.
07-22 19:17:43.729 28269-1944/? W/System.err: addSampleData ====== video: false, size : 349, time : 235911846
07-22 19:17:43.739 2294-2294/? V/KeyguardUpdateMonitor: *** unregister callback for com.android.keyguard.status.KeyguardDateView$3@27223ac
07-22 19:17:43.739 2294-2294/? V/KeyguardUpdateMonitor: *** unregister callback for com.android.keyguard.status.SecKeyguardClockSingleView$2@85d49b9
07-22 19:17:43.739 28269-1944/? W/System.err: addSampleData ====== video: false, size : 368, time : 235918208
07-22 19:17:43.769 28269-1940/? W/System.err: addSampleData ====== video: true, size : 89, time : 235945370
07-22 19:17:43.779 1463-2903/? V/WindowStateAnimator: Finishing drawing window Window{2f144f5 u0 d0 com.sec.android.app.launcher/com.sec.android.app.launcher.activities.LauncherActivity}: mDrawState=HAS_DRAWN
07-22 19:17:43.789 2896-2896/? I/Timeline: Timeline: Activity_idle id: android.os.BinderProxy@a7cb23 time:34861019
07-22 19:17:43.789 28269-1944/? W/System.err: addSampleData ====== video: false, size : 355, time : 235970074
07-22 19:17:43.799 1463-2226/? D/NetworkPolicy: isUidForegroundLocked: 10133, mScreenOn: true, uidstate: 13, mProxSensorScreenOff: false
07-22 19:17:43.799 1463-2226/? D/NetworkPolicy: isUidForegroundLocked: 10022, mScreenOn: true, uidstate: 4, mProxSensorScreenOff: false
07-22 19:17:43.799 1463-2226/? D/NetworkPolicy: isUidForegroundLocked: 10011, mScreenOn: true, uidstate: 3, mProxSensorScreenOff: false
07-22 19:17:43.809 2294-2294/? D/SecKeyguardClockSingleView: font effect info: null
07-22 19:17:43.809 2294-2294/? D/SecKeyguardClockSingleView: clockThemeFont: 
07-22 19:17:43.809 28269-1944/? W/System.err: addSampleData ====== video: false, size : 361, time : 235986830
07-22 19:17:43.809 9953-9953/? I/GoogleInputMethodServic: GoogleInputMethodService.onStartInput():1808 
07-22 19:17:43.819 28269-1940/? W/System.err: addSampleData ====== video: true, size : 141480, time : 235998243
07-22 19:17:43.829 28269-1944/? W/System.err: addSampleData ====== video: false, size : 359, time : 236006872
07-22 19:17:43.849 28269-1944/? W/System.err: addSampleData ====== video: false, size : 363, time : 236027803
07-22 19:17:43.859 28269-1940/? W/System.err: addSampleData ====== video: true, size : 6729, time : 236033998
07-22 19:17:43.869 28269-1944/? W/System.err: addSampleData ====== video: false, size : 361, time : 236050099
07-22 19:17:43.879 28269-1940/? W/System.err: addSampleData ====== video: true, size : 278, time : 236057617
07-22 19:17:43.889 2294-2294/? V/KeyguardUpdateMonitor: *** register callback for com.android.keyguard.status.SecKeyguardClockSingleView$2@ca3b3f3
07-22 19:17:43.889 2294-2294/? V/KeyguardUpdateMonitor: *** unregister callback for null
07-22 19:17:43.889 28269-1944/? W/System.err: addSampleData ====== video: false, size : 358, time : 236068212
07-22 19:17:43.899 2294-2294/? V/KeyguardUpdateMonitor: *** register callback for com.android.keyguard.status.KeyguardDateView$3@c8fd6ae
07-22 19:17:43.899 2294-2294/? V/KeyguardUpdateMonitor: *** unregister callback for null
07-22 19:17:43.899 2294-2294/? D/SecKeyguardClockView: handleUpdateClock() << END << Clock is inflated.
07-22 19:17:43.899 28269-1940/? W/System.err: addSampleData ====== video: true, size : 97, time : 236077990
07-22 19:17:43.899 2294-2294/? D/WallpaperService: MSG_UPDATE_SURFACE
07-22 19:17:43.899 2294-2294/? D/WallpaperService: updateSurface
07-22 19:17:43.899 2294-2294/? V/WallpaperService: Changes: creating=false format=false size=true
07-22 19:17:43.899 2294-2294/? V/WallpaperService: mWidth:1280 SurfaceWidth:720 mHeight:1280 SurfaceHeigh:1280
07-22 19:17:43.899 2294-2294/? D/WallpaperService: relayout
07-22 19:17:43.909 2294-2294/? V/WallpaperService: Wallpaper size has changed: (720, 1280)
07-22 19:17:43.909 2294-2294/? V/WallpaperService: onSurfaceChanged(android.service.wallpaper.WallpaperService$Engine$1@d5e218, 2, 720, 1280): com.android.systemui.ImageWallpaper$DrawableEngine@c84c471
07-22 19:17:43.909 2294-2294/? D/ImageWallpaper: drawFrame
07-22 19:17:43.919 28269-1944/? W/System.err: addSampleData ====== video: false, size : 357, time : 236094976
07-22 19:17:43.919 2294-2294/? D/ImageWallpaper: drawFrame() mXOffset:0.0 mYOffset:0.0
07-22 19:17:43.929 2024-2024/? V/GamesNativeSDK: Received Activity Stop Event.
07-22 19:17:43.929 2294-2294/? D/ImageWallpaper: drawWallpaperWithOpenGL() w:0 h:0 left:0 top:0
07-22 19:17:43.949 28269-1944/? W/System.err: addSampleData ====== video: false, size : 356, time : 236129438
07-22 19:17:43.959 2024-2502/? V/GamesNativeSDK: Attached to JVM on thread main_dispatch
07-22 19:17:43.969 1463-1475/? I/art: Background partial concurrent mark sweep GC freed 144390(10MB) AllocSpace objects, 106(2MB) LOS objects, 29% free, 38MB/54MB, paused 3.830ms total 588.107ms
07-22 19:17:43.969 28269-1940/? W/System.err: addSampleData ====== video: true, size : 54, time : 236142450
07-22 19:17:43.969 2024-2502/? V/GamesNativeSDK: Running disconnect operation.
07-22 19:17:43.969 2024-2024/? V/ActivityThread: updateVisibility : ActivityRecord{4c4aff8 token=android.os.BinderProxy@7ff9ca1 {com.enixan.TotemFarm/com.unity3d.player.UnityPlayerActivity}} show : false
07-22 19:17:43.969 28269-1944/? W/System.err: addSampleData ====== video: false, size : 363, time : 236149584
07-22 19:17:43.989 28269-1944/? W/System.err: addSampleData ====== video: false, size : 361, time : 236166665
07-22 19:17:44.009 28269-1940/? W/System.err: addSampleData ====== video: true, size : 48, time : 236184389
07-22 19:17:44.009 28269-1944/? W/System.err: addSampleData ====== video: false, size : 366, time : 236187104
07-22 19:17:44.019 2294-2294/? D/ImageWallpaper: finish drawWallpaperWithOpenGL
07-22 19:17:44.019 2294-2294/? D/ImageWallpaper: onVisibilityChanged:false
07-22 19:17:44.029 2294-2294/? D/PhoneStatusBar: setAreThereNotifications: N=3 any=true clearable=true
07-22 19:17:44.029 28269-1944/? W/System.err: addSampleData ====== video: false, size : 360, time : 236210891
07-22 19:17:44.049 28269-1944/? W/System.err: addSampleData ====== video: false, size : 364, time : 236233865
07-22 19:17:44.069 28269-1940/? W/System.err: addSampleData ====== video: true, size : 48, time : 236245020
07-22 19:17:44.069 28269-1944/? W/System.err: addSampleData ====== video: false, size : 367, time : 236252109
07-22 19:17:44.079 2294-2294/? D/PhoneStatusBar: setSystemUiVisibility vis=8600 mask=ffffffff oldVal=9706 newVal=8600 diff=1106
07-22 19:17:44.079 2294-2294/? D/WallpaperService: updateSurface
07-22 19:17:44.079 2294-2294/? D/ImageWallpaper: onVisibilityChanged:true
07-22 19:17:44.079 2294-2294/? D/ImageWallpaper: drawFrame
07-22 19:17:44.079 2294-2294/? D/WallpaperService: MSG_WINDOW_RESIZED
07-22 19:17:44.079 2294-2294/? D/WallpaperService: updateSurface
07-22 19:17:44.079 2294-2294/? V/WallpaperService: Changes: creating=false format=false size=false
07-22 19:17:44.079 2294-2294/? V/WallpaperService: mWidth:720 SurfaceWidth:720 mHeight:1280 SurfaceHeigh:1280
07-22 19:17:44.079 2294-2294/? D/WallpaperService: relayout
07-22 19:17:44.079 28269-1940/? W/System.err: addSampleData ====== video: true, size : 48, time : 236264332
07-22 19:17:44.089 2294-2294/? V/WallpaperService: Wallpaper size has changed: (720, 1280)
07-22 19:17:44.089 2294-2294/? D/ImageWallpaper: onSurfaceRedrawNeeded: newRotation:1
07-22 19:17:44.089 2294-2294/? D/ImageWallpaper: drawFrame
07-22 19:17:44.089 2294-2294/? D/WallpaperService: finishDrawing
07-22 19:17:44.089 1463-3269/? V/WindowStateAnimator: Finishing drawing window Window{5596481 u0 d0 com.android.systemui.ImageWallpaper}: mDrawState=DRAW_PENDING
07-22 19:17:44.089 2294-2294/? D/NotificationStackScrollLayout:  scroll range should be extended : 708
07-22 19:17:44.099 2294-2294/? D/WallpaperService: MSG_WINDOW_RESIZED
07-22 19:17:44.099 2294-2294/? D/WallpaperService: updateSurface
07-22 19:17:44.099 2294-2294/? V/WallpaperService: Changes: creating=false format=false size=false
07-22 19:17:44.099 2294-2294/? V/WallpaperService: mWidth:720 SurfaceWidth:720 mHeight:1280 SurfaceHeigh:1280
07-22 19:17:44.099 2294-2294/? D/WallpaperService: relayout
07-22 19:17:44.109 28269-1944/? W/System.err: addSampleData ====== video: false, size : 358, time : 236285488
07-22 19:17:44.109 2294-2294/? V/WallpaperService: Wallpaper size has changed: (720, 1280)
07-22 19:17:44.109 2294-2294/? D/ImageWallpaper: onSurfaceRedrawNeeded: newRotation:1
07-22 19:17:44.109 2294-2294/? D/ImageWallpaper: drawFrame
07-22 19:17:44.119 2294-2294/? D/WallpaperService: finishDrawing
07-22 19:17:44.119 1463-2903/? V/WindowStateAnimator: Finishing drawing window Window{5596481 u0 d0 com.android.systemui.ImageWallpaper}: mDrawState=DRAW_PENDING
07-22 19:17:44.119 2294-2294/? D/WallpaperService: MSG_WINDOW_RESIZED
07-22 19:17:44.119 2294-2294/? D/WallpaperService: updateSurface
07-22 19:17:44.119 2294-2294/? V/WallpaperService: Changes: creating=false format=false size=false
07-22 19:17:44.119 2294-2294/? V/WallpaperService: mWidth:720 SurfaceWidth:720 mHeight:1280 SurfaceHeigh:1280
07-22 19:17:44.119 2294-2294/? D/WallpaperService: relayout
07-22 19:17:44.129 28269-1940/? W/System.err: addSampleData ====== video: true, size : 403, time : 236306389
07-22 19:17:44.129 28269-1944/? W/System.err: addSampleData ====== video: false, size : 352, time : 236306388
07-22 19:17:44.129 2294-2294/? V/WallpaperService: Wallpaper size has changed: (720, 1280)
07-22 19:17:44.129 2294-2294/? D/ImageWallpaper: onSurfaceRedrawNeeded: newRotation:1
07-22 19:17:44.129 1463-1755/? I/WindowManager: Screen frozen for +1s926ms due to Window{5596481 u0 d0 com.android.systemui.ImageWallpaper}
07-22 19:17:44.129 2294-2294/? D/ImageWallpaper: drawFrame
07-22 19:17:44.139 2294-2294/? D/WallpaperService: finishDrawing
07-22 19:17:44.139 347-347/? I/SurfaceFlinger: id=1733 createSurf (2560x720),-1 flag=20004, ClackSurfac
07-22 19:17:44.139 347-347/? I/SurfaceFlinger: id=1734 createSurf (1280x1440),-1 flag=20004, ClackSurfac
07-22 19:17:44.149 28269-1944/? W/System.err: addSampleData ====== video: false, size : 358, time : 236328088
07-22 19:17:44.149 347-347/? I/SurfaceFlinger: id=1735 createSurf (2560x720),-1 flag=20004, ClackSurfac
07-22 19:17:44.149 347-347/? I/SurfaceFlinger: id=1736 createSurf (1280x1440),-1 flag=20004, ClackSurfac
07-22 19:17:44.149 1463-1755/? D/InputDispatcher: setInputDispatchMode: enabled=1, frozen=0
07-22 19:17:44.159 1463-3613/? V/WindowStateAnimator: Finishing drawing window Window{5596481 u0 d0 com.android.systemui.ImageWallpaper}: mDrawState=HAS_DRAWN
07-22 19:17:44.159 2294-2294/? D/WallpaperService: MSG_WINDOW_RESIZED
07-22 19:17:44.159 2294-2294/? D/WallpaperService: updateSurface
07-22 19:17:44.159 2294-2294/? V/WallpaperService: Changes: creating=false format=false size=false
07-22 19:17:44.159 2294-2294/? V/WallpaperService: mWidth:720 SurfaceWidth:720 mHeight:1280 SurfaceHeigh:1280
07-22 19:17:44.159 2294-2294/? D/WallpaperService: relayout
07-22 19:17:44.169 2294-2294/? V/WallpaperService: Wallpaper size has changed: (720, 1280)
07-22 19:17:44.169 2294-2294/? D/ImageWallpaper: onSurfaceRedrawNeeded: newRotation:1
07-22 19:17:44.169 2294-2294/? D/ImageWallpaper: drawFrame
07-22 19:17:44.169 28269-1944/? W/System.err: addSampleData ====== video: false, size : 367, time : 236345896
07-22 19:17:44.169 2294-2294/? D/WallpaperService: finishDrawing
07-22 19:17:44.169 1463-3522/? V/WindowStateAnimator: Finishing drawing window Window{5596481 u0 d0 com.android.systemui.ImageWallpaper}: mDrawState=HAS_DRAWN
07-22 19:17:44.189 28269-1944/? W/System.err: addSampleData ====== video: false, size : 353, time : 236366282
07-22 19:17:44.199 28269-1940/? W/System.err: addSampleData ====== video: true, size : 69, time : 236375578
07-22 19:17:44.209 1463-1463/? D/CustomFrequencyManagerService: releaseDVFSLockLocked : Getting Lock type frm List : DVFS_MIN_LIMIT  frequency : 1190400  uid : 1000  pid : 1463  tag : ROTATION_BOOSTER@39
07-22 19:17:44.209 28269-1944/? W/System.err: addSampleData ====== video: false, size : 358, time : 236386765
07-22 19:17:44.229 28269-1944/? W/System.err: addSampleData ====== video: false, size : 358, time : 236406534
07-22 19:17:44.269 28269-1944/? W/System.err: addSampleData ====== video: false, size : 352, time : 236447002
07-22 19:17:44.289 28269-1944/? W/System.err: addSampleData ====== video: false, size : 360, time : 236467519
07-22 19:17:44.289 1463-3412/? V/AlarmManager:  remove PendingIntent] PendingIntent{a28861e: PendingIntentRecord{5526eff com.google.android.gms broadcastIntent}}
07-22 19:17:44.299 1463-1673/? V/BroadcastQueue: [background] Process cur broadcast BroadcastRecord{a2524cc u0 com.google.android.gms.gcm.ACTION_SCHEDULE qIdx=4}, state= (APP_RECEIVE) DELIVERED for app ProcessRecord{2145ef7 2612:com.google.android.gms.persistent/u0a11}
07-22 19:17:44.309 28269-1944/? W/System.err: addSampleData ====== video: false, size : 361, time : 236487305
07-22 19:17:44.319 1463-2397/? V/BroadcastQueue: [background] Process cur broadcast BroadcastRecord{4cf0315 u0 com.google.android.gms.gcm.ACTION_SCHEDULE qIdx=4}, state= (APP_RECEIVE) DELIVERED for app ProcessRecord{2145ef7 2612:com.google.android.gms.persistent/u0a11}
07-22 19:17:44.329 28269-1944/? W/System.err: addSampleData ====== video: false, size : 362, time : 236506127
07-22 19:17:44.339 28269-1940/? W/System.err: addSampleData ====== video: true, size : 734580, time : 236514458
07-22 19:17:44.349 28269-1944/? W/System.err: addSampleData ====== video: false, size : 366, time : 236527420
07-22 19:17:44.369 28269-1944/? W/System.err: addSampleData ====== video: false, size : 358, time : 236546285
07-22 19:17:44.389 28269-1944/? W/System.err: addSampleData ====== video: false, size : 359, time : 236565896
07-22 19:17:44.409 28269-1940/? W/System.err: addSampleData ====== video: true, size : 488578, time : 236585880
07-22 19:17:44.439 28269-1944/? W/System.err: addSampleData ====== video: false, size : 360, time : 236618135
07-22 19:17:44.459 28269-1944/? W/System.err: addSampleData ====== video: false, size : 361, time : 236637047
07-22 19:17:44.489 28269-1940/? W/System.err: addSampleData ====== video: true, size : 565507, time : 236663152
07-22 19:17:44.489 28269-1944/? W/System.err: addSampleData ====== video: false, size : 363, time : 236664458
07-22 19:17:44.499 28269-1944/? W/System.err: addSampleData ====== video: false, size : 361, time : 236675546
07-22 19:17:44.519 28269-1944/? W/System.err: addSampleData ====== video: false, size : 360, time : 236700958
07-22 19:17:44.539 28269-1944/? W/System.err: addSampleData ====== video: false, size : 359, time : 236719090
07-22 19:17:44.549 28269-1940/? W/System.err: addSampleData ====== video: true, size : 640542, time : 236730671
07-22 19:17:44.569 28269-1944/? W/System.err: addSampleData ====== video: false, size : 361, time : 236744368
07-22 19:17:44.599 28269-1944/? W/System.err: addSampleData ====== video: false, size : 364, time : 236777111
07-22 19:17:44.609 28269-1940/? W/System.err: addSampleData ====== video: true, size : 607665, time : 236786622
07-22 19:17:44.619 28269-1944/? W/System.err: addSampleData ====== video: false, size : 359, time : 236796349
07-22 19:17:44.629 347-3345/? I/SurfaceFlinger: id=1730 Removed TcreenshotS (13/17)
07-22 19:17:44.629 347-10312/? I/SurfaceFlinger: id=1733 Removed ClackSurfac (13/16)
07-22 19:17:44.629 347-10312/? I/SurfaceFlinger: id=1730 Removed TcreenshotS (-2/16)
07-22 19:17:44.629 347-10312/? I/SurfaceFlinger: id=1733 Removed ClackSurfac (-2/16)
07-22 19:17:44.629 347-1516/? I/SurfaceFlinger: id=1734 Removed ClackSurfac (13/15)
07-22 19:17:44.629 347-1516/? I/SurfaceFlinger: id=1734 Removed ClackSurfac (-2/15)
07-22 19:17:44.629 347-1516/? I/SurfaceFlinger: id=1735 Removed ClackSurfac (13/14)
07-22 19:17:44.629 347-1516/? I/SurfaceFlinger: id=1735 Removed ClackSurfac (-2/14)
07-22 19:17:44.629 347-1516/? I/SurfaceFlinger: id=1736 Removed ClackSurfac (13/13)
07-22 19:17:44.629 347-10312/? I/SurfaceFlinger: id=1736 Removed ClackSurfac (-2/13)
07-22 19:17:44.639 28269-1944/? W/System.err: addSampleData ====== video: false, size : 360, time : 236815945
07-22 19:17:44.649 28269-1940/? W/System.err: addSampleData ====== video: true, size : 471311, time : 236829279
07-22 19:17:44.659 28269-1940/? W/System.err: addSampleData ====== video: true, size : 147722, time : 236835887
07-22 19:17:44.659 1463-1755/? V/WindowOrientationListener: OrientationSensorJudge.getProposedRotation, Rotation: 0
07-22 19:17:44.659 1463-1755/? V/WindowManager: rotationForOrientationLw(orient=1, last=0); user=0  sensorRotation=0 mLidState=-1 mDockMode=0 mHdmiPlugged=false mMobileKeyboardEnabled=false displayId=0
07-22 19:17:44.659 1463-1755/? V/WindowOrientationListener: OrientationSensorJudge.getProposedRotation, Rotation: 0
07-22 19:17:44.659 28269-1944/? W/System.err: addSampleData ====== video: false, size : 365, time : 236839176
07-22 19:17:44.669 2612-12027/? E/SQLiteDatabase: Error inserting service_kind=0 source=16 tag=Measurement.PackageMeasurementTaskService.UPLOAD_TASK_TAG requires_charging=0 target_package=com.google.android.gms source_version=202614000 required_network_type=0 flex_time=2228000 persistence_level=1 target_class=com.google.android.gms.measurement.PackageMeasurementTaskService runtime=1595434664420 retry_strategy={"maximum_backoff_seconds":{"3600":0},"initial_backoff_seconds":{"30":0},"retry_policy":{"0":0}} preferred_network_type=1 required_idleness_state=0 preferred_charging_state=1 last_runtime=0 period=4458000 task_type=0 job_id=-1 user_id=0
    android.database.sqlite.SQLiteConstraintException: UNIQUE constraint failed: pending_ops.tag, pending_ops.target_class, pending_ops.target_package, pending_ops.user_id (code 2067)
    #################################################################
    Error Code : 2067 (SQLITE_CONSTRAINT_UNIQUE)
    Caused By : Abort due to constraint violation.
    	(UNIQUE constraint failed: pending_ops.tag, pending_ops.target_class, pending_ops.target_package, pending_ops.user_id (code 2067))
    #################################################################
        at android.database.sqlite.SQLiteConnection.nativeExecuteForLastInsertedRowId(Native Method)
        at android.database.sqlite.SQLiteConnection.executeForLastInsertedRowId(SQLiteConnection.java:915)
        at android.database.sqlite.SQLiteSession.executeForLastInsertedRowId(SQLiteSession.java:788)
        at android.database.sqlite.SQLiteStatement.executeInsert(SQLiteStatement.java:86)
        at android.database.sqlite.SQLiteDatabase.insertWithOnConflict(SQLiteDatabase.java:1609)
        at android.database.sqlite.SQLiteDatabase.insert(SQLiteDatabase.java:1479)
        at aqmx.a(:com.google.android.gms@202614017@20.26.14 (040306-320008519):175)
        at aqlx.a(:com.google.android.gms@202614017@20.26.14 (040306-320008519):180)
        at aqlx.a(:com.google.android.gms@202614017@20.26.14 (040306-320008519):22)
        at aqlx.a(:com.google.android.gms@202614017@20.26.14 (040306-320008519):175)
        at aqih.run(:com.google.android.gms@202614017@20.26.14 (040306-320008519):9)
        at skp.b(:com.google.android.gms@202614017@20.26.14 (040306-320008519):12)
        at skp.run(:com.google.android.gms@202614017@20.26.14 (040306-320008519):7)
        at java.util.concurrent.ThreadPoolExecutor.runWorker(ThreadPoolExecutor.java:1113)
        at java.util.concurrent.ThreadPoolExecutor$Worker.run(ThreadPoolExecutor.java:588)
        at sql.run(:com.google.android.gms@202614017@20.26.14 (040306-320008519):0)
        at java.lang.Thread.run(Thread.java:818)
07-22 19:17:44.679 28269-1944/? W/System.err: addSampleData ====== video: false, size : 355, time : 236859663
07-22 19:17:44.689 1463-2397/? V/AlarmManager:  remove PendingIntent] PendingIntent{652e62a: PendingIntentRecord{5172a25 com.google.android.gms broadcastIntent}}
07-22 19:17:44.699 28269-1944/? W/System.err: addSampleData ====== video: false, size : 362, time : 236877924
07-22 19:17:44.699 28269-1940/? W/System.err: addSampleData ====== video: true, size : 51629, time : 236882593
07-22 19:17:44.719 28269-1944/? W/System.err: addSampleData ====== video: false, size : 355, time : 236897252
07-22 19:17:44.729 28269-1940/? W/System.err: addSampleData ====== video: true, size : 16607, time : 236911330
07-22 19:17:44.759 28269-1940/? W/System.err: addSampleData ====== video: true, size : 97860, time : 236935611
07-22 19:17:44.759 28269-1944/? W/System.err: addSampleData ====== video: false, size : 359, time : 236936318
07-22 19:17:44.759 1463-5030/? D/SSRM:n: SIOP:: AP = 490, PST = 491 (W:20), CP = 40, CUR = 11, LCD = 86
07-22 19:17:44.779 28269-1944/? W/System.err: addSampleData ====== video: false, size : 363, time : 236955318
07-22 19:17:44.779 1463-5030/? D/ConnectivityService: returning getNetworkInfo for network type 1 : [type: WIFI[] - WIFI, state: CONNECTED/CONNECTED, reason: (unspecified), extra: "Xiaomi_B6CB", roaming: false, failover: false, isAvailable: true]
07-22 19:17:44.799 28269-1944/? W/System.err: addSampleData ====== video: false, size : 356, time : 236975712
07-22 19:17:44.809 1463-2191/? D/InputReader: Input event(7): value=1 when=34862046079000
07-22 19:17:44.809 1463-2273/? D/lights: button : 1 +
07-22 19:17:44.809 1463-2273/? D/lights: button : 1 -
07-22 19:17:44.819 28269-1944/? W/System.err: addSampleData ====== video: false, size : 349, time : 236995030
07-22 19:17:44.819 2294-2294/? D/Recents: handleProxyCall type=5
07-22 19:17:44.819 30282-30282/? D/Recents: handleProxyCall type=5
07-22 19:17:44.839 28269-1944/? W/System.err: addSampleData ====== video: false, size : 366, time : 237016256
07-22 19:17:44.859 28269-1944/? W/System.err: addSampleData ====== video: false, size : 386, time : 237035963
07-22 19:17:44.879 28269-1944/? W/System.err: addSampleData ====== video: false, size : 376, time : 237055956
07-22 19:17:44.899 1463-2191/? D/InputReader: Input event(7): value=0 when=34862132615000
07-22 19:17:44.899 1463-2190/? D/PowerManagerService: [api] [s] userActivity : event: 0 flags: 0 (uid: 1000 pid: 1463) eventTime = 34862134
07-22 19:17:44.899 2294-2456/? D/vol.VolumeDialogControl: onReceive ACTION_CLOSE_SYSTEM_DIALOGS
07-22 19:17:44.909 2294-2294/? D/Recents: handleProxyCall type=4
07-22 19:17:44.909 2294-2294/? D/vol.SecVolumeDialog: dismissH reason: 2
07-22 19:17:44.909 2294-2294/? D/vol.SecVolumeDialog: dismissH : false
07-22 19:17:44.909 2294-2294/? D/ToggleSlider: onReceive : android.intent.action.CLOSE_SYSTEM_DIALOGS
07-22 19:17:44.909 2294-2294/? D/ToggleSlider: onReceive : android.intent.action.CLOSE_SYSTEM_DIALOGS
07-22 19:17:44.909 2294-2294/? D/ToggleSlider: onReceive : android.intent.action.CLOSE_SYSTEM_DIALOGS
07-22 19:17:44.909 2294-2294/? D/HotspotTile: onReceive : android.intent.action.CLOSE_SYSTEM_DIALOGS
07-22 19:17:44.909 2294-2294/? D/MobileDataTile: action:android.intent.action.CLOSE_SYSTEM_DIALOGS
07-22 19:17:44.909 2294-2294/? D/LocationTile: onReceive : android.intent.action.CLOSE_SYSTEM_DIALOGS
07-22 19:17:44.909 2294-2294/? D/AirplaneModeTile: onReceive : android.intent.action.CLOSE_SYSTEM_DIALOGS
07-22 19:17:44.909 2294-2294/? D/PhoneStatusBar: animateCollapsePanels, state: 0, QSexpanded: false, QSdetailsShowing: false
07-22 19:17:44.909 2294-2294/? D/PhoneStatusBar: animateCollapse(): mExpandedVisible=false flags=2
07-22 19:17:44.909 2294-2294/? D/StatusBar-Window: fnf=true sanc=false, kni=false, sbf=false
07-22 19:17:44.909 2294-2294/? D/CoverUI: applyFocusableFlag() : Remove SAMSUNG_FLAG_SVIEW_COVER
07-22 19:17:44.909 2294-2294/? D/StatusBarWindowManager: forceCollapsed : false isKeyguardShowingAndNotOccluded() : false panelVisible : false keyguardFadingAway : false bouncerShowing : false headsUpShowing : false
07-22 19:17:44.909 2294-2294/? D/CoverUI: applyHeight h = 48, oc = false, fa = false, ac = false, sc = false
07-22 19:17:44.909 2294-2294/? D/PanelView: updateQsState
07-22 19:17:44.909 2294-2294/? D/KeyguardCircleAffordanceView: setPreviewView: mRight=false,preview=null
07-22 19:17:44.909 2294-2294/? D/KeyguardCircleAffordanceView: setPreviewView: mRight=true,preview=null
07-22 19:17:44.909 2294-2294/? D/KeyguardSwipeHelper: reset()
07-22 19:17:44.909 2294-2294/? D/KeyguardUnlockEventHandler: reset()
07-22 19:17:44.909 2294-2294/? D/KeyguardSwipeHelper: resetChildViewVI()
07-22 19:17:44.909 1463-1673/? V/BroadcastQueue: [background] Process cur broadcast BroadcastRecord{1e8fc1b u-1 com.samsung.settings.action.directaccess.CLOSE_DIALOG qIdx=4}, state= (APP_RECEIVE) DELIVERED for app ProcessRecord{4df875d 30735:com.samsung.android.SettingsReceiver/1000}
07-22 19:17:44.909 30282-30282/? D/Recents: handleProxyCall type=4
07-22 19:17:44.919 30282-30282/? D/Recents: startRecentsActivity() : isTopTaskHome=true, displayId=0
07-22 19:17:44.919 28269-1944/? W/System.err: addSampleData ====== video: false, size : 347, time : 237097709
07-22 19:17:44.919 30282-30282/? D/Recents: getHomeTransitionActivityOptions is getting called
07-22 19:17:44.919 30282-30282/? D/DVFS_Recents: mRecentListHelper createHintNotifier by Recents
07-22 19:17:44.939 28269-1944/? W/System.err: addSampleData ====== video: false, size : 351, time : 237116218
07-22 19:17:44.939 1463-1482/? D/ResourcesManager: For user 0 new overlays fetched Null
07-22 19:17:44.939 1463-1482/? D/CustomFrequencyManagerService: acquireDVFSLockLocked : type : DVFS_MIN_LIMIT  frequency : 1190400  uid : 1000  pid : 1463  pkgName : ACTIVITY_RESUME_BOOSTER@7
07-22 19:17:44.939 1463-1482/? D/ActivityManager: mDVFSHelper.acquire()
07-22 19:17:44.949 1463-1482/? D/InputDispatcher: Focused application set to: xxxx
07-22 19:17:44.949 1463-1482/? D/InputDispatcher: Focus left window: 2896
07-22 19:17:44.949 1463-1755/? D/PointerIcon: setMouseIconStyle1 pointerType: 1001 iconType:101 flag:0 pid:1463 uid:1000
07-22 19:17:44.949 1463-1755/? D/PointerIcon: setMouseCustomIcon IconType is same.101
07-22 19:17:44.949 1463-1482/? D/ActivityManager:  Launching com.android.systemui, updated priority
07-22 19:17:44.959 28269-1944/? W/System.err: addSampleData ====== video: false, size : 350, time : 237137852
07-22 19:17:44.959 30282-30282/? D/Recents_RecentsActivity: onDestroy
07-22 19:17:44.959 2896-2896/? D/Launcher: onPause, Launcher: 174256972
07-22 19:17:44.959 2896-2896/? D/Launcher.HomeView: onPause
07-22 19:17:44.959 2896-2896/? D/Launcher.Workspace: exitWidgetResizeMode. isClearResizeFrame is false
07-22 19:17:44.969 1463-2226/? D/NetworkPolicy: isUidForegroundLocked: 10051, mScreenOn: true, uidstate: 3, mProxSensorScreenOff: false
07-22 19:17:44.969 1463-1463/? D/SensorService: [SO] activate (ident=0xb8edfec0, enabled=0)
07-22 19:17:44.969 1463-1463/? I/Sensors: AccelerometerSensor enable: mEnabled 1, handle 0, en 0
07-22 19:17:44.969 1463-1463/? D/SensorManager: unregisterListener ::   
07-22 19:17:44.969 1463-1463/? D/SensorService: SensorEventConnection::SocketBufferSize, SystemSocketBufferSize - 4096, 8388608
07-22 19:17:44.969 30282-30282/? D/ViewRootImpl: #3 mView = null
07-22 19:17:44.969 1463-1463/? I/Sensors: AccelerometerSensor(0) setDelay : 66000000(ns)
07-22 19:17:44.969 1463-1463/? D/SensorService: [SO] changed settle time [1]
07-22 19:17:44.969 1463-1463/? D/SensorService: [SO] setDelay [66000000]
07-22 19:17:44.969 1463-1463/? D/SensorService: [SO] activate (ident=0xb8edfec0, enabled=1)
07-22 19:17:44.969 1463-1463/? D/SensorService: [SO] AR_init
07-22 19:17:44.969 1463-1463/? I/Sensors: AccelerometerSensor enable: mEnabled 0, handle 0, en 1
07-22 19:17:44.979 28269-1944/? W/System.err: addSampleData ====== video: false, size : 409, time : 237155938
07-22 19:17:44.979 1463-1463/? D/SensorManager: registerListener :: 1600221811, Screen Orientation Sensor, 66000, 0,  
07-22 19:17:44.979 2896-2896/? D/Launcher.HomeView: onStop
07-22 19:17:44.979 2896-2896/? V/ActivityThread: updateVisibility : ActivityRecord{366b237 token=android.os.BinderProxy@a7cb23 {com.sec.android.app.launcher/com.sec.android.app.launcher.activities.LauncherActivity}} show : false
07-22 19:17:44.979 2896-2896/? D/capture: ----destroy
07-22 19:17:44.979 2896-2896/? D/Launcher: onTrimMemory. Level: 20
07-22 19:17:44.999 28269-1944/? W/System.err: addSampleData ====== video: false, size : 345, time : 237181200
07-22 19:17:45.019 30282-30282/? D/Recents_RecentsActivity: onCreate
07-22 19:17:45.019 28269-1944/? W/System.err: addSampleData ====== video: false, size : 341, time : 237199572
07-22 19:17:45.049 1463-2170/? D/SensorService: [SO] Reset Rotation Old [100], Init [1]
07-22 19:17:45.049 28269-1944/? W/System.err: addSampleData ====== video: false, size : 349, time : 237229066
07-22 19:17:45.069 28269-1940/? W/System.err: addSampleData ====== video: true, size : 59698, time : 237243938
07-22 19:17:45.079 30282-30282/? D/Recents_RecentsActivity: onStart
07-22 19:17:45.089 28269-1944/? W/System.err: addSampleData ====== video: false, size : 356, time : 237267340
07-22 19:17:45.089 28269-1940/? W/System.err: addSampleData ====== video: true, size : 177161, time : 237269052
07-22 19:17:45.089 2294-2294/? D/WallpaperService: MSG_WINDOW_RESIZED
07-22 19:17:45.089 2294-2294/? D/WallpaperService: updateSurface
07-22 19:17:45.089 2294-2294/? V/WallpaperService: Changes: creating=false format=false size=false
07-22 19:17:45.089 2294-2294/? V/WallpaperService: mWidth:720 SurfaceWidth:720 mHeight:1280 SurfaceHeigh:1280
07-22 19:17:45.089 2294-2294/? D/WallpaperService: relayout
07-22 19:17:45.099 2294-2294/? V/WallpaperService: Wallpaper size has changed: (720, 1280)
07-22 19:17:45.099 2294-2294/? D/WallpaperService: MSG_WINDOW_RESIZED
07-22 19:17:45.099 30282-30282/? D/Recents_RecentsActivity: updateRecentsTasks
07-22 19:17:45.099 2294-2294/? D/WallpaperService: updateSurface
07-22 19:17:45.099 2294-2294/? V/WallpaperService: Changes: creating=false format=false size=false
07-22 19:17:45.099 2294-2294/? V/WallpaperService: mWidth:720 SurfaceWidth:720 mHeight:1280 SurfaceHeigh:1280
07-22 19:17:45.099 2294-2294/? D/WallpaperService: relayout
07-22 19:17:45.099 30282-30282/? D/ScoverManager: registerListener
07-22 19:17:45.099 30282-30282/? D/Recents_RecentsActivity: onResume
07-22 19:17:45.099 1463-2716/? D/CoverManagerWhiteLists: isAllowedToUse : SIGNATURE_MATCH
07-22 19:17:45.099 2294-2294/? V/WallpaperService: Wallpaper size has changed: (720, 1280)
07-22 19:17:45.109 28269-1944/? W/System.err: addSampleData ====== video: false, size : 356, time : 237286022
07-22 19:17:45.109 1463-2340/? D/CoverManagerWhiteLists: isAllowedToUse : SIGNATURE_MATCH
07-22 19:17:45.109 1463-2340/? D/CoverManager.StateNotifier: registerListenerCallback : binder = android.os.BinderProxy@5a158fc, pid : 30282, uid : 10047, type : 1
07-22 19:17:45.109 1463-2170/? D/SensorService: [SO] currT = 109288628675654, prevT = 109288317359404, diff = 311316250, [0.707 8.972 4.092]
07-22 19:17:45.109 1463-2170/? D/SensorService: [SO] 0.707 8.972 4.092
07-22 19:17:45.109 1463-2170/? D/SensorService: [SO] [100 -> 0]
07-22 19:17:45.109 1463-1677/? V/WindowOrientationListener: OrientationSensorJudge.onSensorChanged, Rotation: -1
07-22 19:17:45.109 30282-30282/? D/ViewRootImpl: #1 mView = com.android.internal.policy.PhoneWindow$DecorView{a396533 I.E...... R.....I. 0,0-0,0}
07-22 19:17:45.119 1463-2709/? D/ActivityManager: post active user change for 0 fullscreen true isFloatingActivity() false isHomeActivity() false
07-22 19:17:45.119 30282-30282/? D/Recents_RecentsActivity: onPause
07-22 19:17:45.119 1463-2709/? D/KnoxTimeoutHandler: postActiveUserChange [MsgParam] userId: 0 fullscreen is true showWhenlocked is false
07-22 19:17:45.119 1463-1463/? D/KnoxTimeoutHandler: handleActiveUserChange [MsgParam] userId: 0 fullscreen is true showWhenlocked is false
07-22 19:17:45.119 30282-30282/? D/ScoverManager: unregisterListener
07-22 19:17:45.119 1463-2716/? D/CoverManagerWhiteLists: isAllowedToUse : SIGNATURE_MATCH
07-22 19:17:45.119 1463-3621/? D/CoverManagerWhiteLists: isAllowedToUse : SIGNATURE_MATCH
07-22 19:17:45.119 1463-3621/? D/CoverManager.StateNotifier: unregisterCallback : binder = android.os.BinderProxy@5a158fc, pid : 30282, uid : 10047
07-22 19:17:45.119 1463-1463/? I/KnoxTimeoutHandler: Shared devices show user statefalse
07-22 19:17:45.119 30282-30282/? D/Recents_RecentsActivity: onNewIntent
07-22 19:17:45.119 30282-30282/? D/ScoverManager: registerListener
07-22 19:17:45.119 30282-30282/? D/Recents_RecentsActivity: onResume
07-22 19:17:45.119 1463-3269/? D/CoverManagerWhiteLists: isAllowedToUse : SIGNATURE_MATCH
07-22 19:17:45.119 1463-3613/? D/CoverManagerWhiteLists: isAllowedToUse : SIGNATURE_MATCH
07-22 19:17:45.119 1463-3613/? D/CoverManager.StateNotifier: registerListenerCallback : binder = android.os.BinderProxy@27d220b, pid : 30282, uid : 10047, type : 1
07-22 19:17:45.129 30282-30282/? D/View: mTwDrawDuringWindowsAnimating=true
07-22 19:17:45.129 2294-2294/? D/WallpaperService: MSG_WINDOW_RESIZED
07-22 19:17:45.129 2294-2294/? D/WallpaperService: updateSurface
07-22 19:17:45.129 2294-2294/? V/WallpaperService: Changes: creating=false format=false size=false
07-22 19:17:45.129 2294-2294/? V/WallpaperService: mWidth:720 SurfaceWidth:720 mHeight:1280 SurfaceHeigh:1280
07-22 19:17:45.129 2294-2294/? D/WallpaperService: relayout
07-22 19:17:45.129 28269-1944/? W/System.err: addSampleData ====== video: false, size : 359, time : 237306113
07-22 19:17:45.129 2294-2294/? V/WallpaperService: Wallpaper size has changed: (720, 1280)
07-22 19:17:45.129 2294-2294/? D/WallpaperService: MSG_WINDOW_RESIZED
07-22 19:17:45.129 2294-2294/? D/WallpaperService: updateSurface
07-22 19:17:45.129 2294-2294/? V/WallpaperService: Changes: creating=false format=false size=false
07-22 19:17:45.129 2294-2294/? V/WallpaperService: mWidth:720 SurfaceWidth:720 mHeight:1280 SurfaceHeigh:1280
07-22 19:17:45.129 2294-2294/? D/WallpaperService: relayout
07-22 19:17:45.129 2294-2294/? V/WallpaperService: Wallpaper size has changed: (720, 1280)
07-22 19:17:45.149 28269-1944/? W/System.err: addSampleData ====== video: false, size : 359, time : 237325994
07-22 19:17:45.149 347-347/? I/SurfaceFlinger: id=1737 createSurf (720x1280),1 flag=4, TeparatedRe
07-22 19:17:45.149 1463-1677/? D/StatusBarManagerService: manageDisableList userId=0 what=0x0 pkg=Window{a092dda u0 d0 com.android.systemui/com.android.systemui.recents.SeparatedRecentsActivity}
07-22 19:17:45.149 2294-2294/? D/PhoneStatusBar: setSystemUiVisibility vis=8700 mask=ffffffff oldVal=c600 newVal=8700 diff=4100
07-22 19:17:45.149 1463-2716/? D/InputDispatcher: Focus entered window: 30282
07-22 19:17:45.149 2294-2294/? D/WallpaperService: MSG_WINDOW_RESIZED
07-22 19:17:45.149 2294-2294/? D/WallpaperService: updateSurface
07-22 19:17:45.149 2294-2294/? V/WallpaperService: Changes: creating=false format=false size=false
07-22 19:17:45.149 2294-2294/? V/WallpaperService: mWidth:720 SurfaceWidth:720 mHeight:1280 SurfaceHeigh:1280
07-22 19:17:45.149 2294-2294/? D/WallpaperService: relayout
07-22 19:17:45.149 1463-1755/? D/PointerIcon: setMouseIconStyle1 pointerType: 1001 iconType:101 flag:0 pid:1463 uid:1000
07-22 19:17:45.149 1463-1755/? D/PointerIcon: setMouseCustomIcon IconType is same.101
07-22 19:17:45.149 30282-32392/? I/Adreno-EGL: <qeglDrvAPI_eglInitialize:379>: EGL 1.4 QUALCOMM build: Nondeterministic_AU_msm8916_32_LA.BR.1.2.6_RB1__release_AU (Ia10634f51b)
    OpenGL ES Shader Compiler Version: XE031.06.00.05
    Build Date: 01/04/16 Mon
    Local Branch: 
    Remote Branch: quic/LA.BR.1.2.6_rb1.7
    Local Patches: NONE
    Reconstruct Branch: NOTHING
07-22 19:17:45.149 30282-32392/? I/OpenGLRenderer: Initialized EGL, version 1.4
07-22 19:17:45.159 2294-2294/? V/WallpaperService: Wallpaper size has changed: (720, 1280)
07-22 19:17:45.169 28269-1944/? W/System.err: addSampleData ====== video: false, size : 361, time : 237348310
07-22 19:17:45.189 30282-30282/? D/Recents_TaskView: prepareEnterRecentsAnimation()
07-22 19:17:45.189 28269-1944/? W/System.err: addSampleData ====== video: false, size : 364, time : 237372692
07-22 19:17:45.209 28269-1944/? W/System.err: addSampleData ====== video: false, size : 357, time : 237393724
07-22 19:17:45.229 1463-6077/? V/WindowStateAnimator: Finishing drawing window Window{a092dda u0 d0 com.android.systemui/com.android.systemui.recents.SeparatedRecentsActivity}: mDrawState=DRAW_PENDING
07-22 19:17:45.229 30282-30282/? D/ViewRootImpl: MSG_RESIZED_REPORT: ci=Rect(0, 0 - 0, 0) vi=Rect(0, 0 - 0, 0) or=1
07-22 19:17:45.229 1463-2903/? D/InputMethodManagerService: windowGainedFocus mCurrentFocusedUserId - 0 and mSecureKeypadEnabled-false
07-22 19:17:45.249 28269-1940/? W/System.err: addSampleData ====== video: true, size : 84108, time : 237425975
07-22 19:17:45.249 28269-1944/? W/System.err: addSampleData ====== video: false, size : 360, time : 237428370
07-22 19:17:45.249 1463-1677/? W/ContextImpl: Calling a method in the system process without a qualified user: android.app.ContextImpl.sendBroadcast:836 com.android.server.policy.PhoneWindowManager.notifyToSSRM:8740 com.android.server.policy.PhoneWindowManager.access$1500:309 com.android.server.policy.PhoneWindowManager$PolicyHandler.handleMessage:1213 android.os.Handler.dispatchMessage:102 
07-22 19:17:45.259 1463-1755/? D/KnoxTimeoutHandler: notifyActivityDrawn [MsgParam] userId: 0 fullscreen is true showWhenlocked is false
07-22 19:17:45.259 1463-1463/? D/KnoxTimeoutHandler: activityDrawn [MsgParam] userId: 0 fullscreen is true showWhenlocked is false
07-22 19:17:45.269 1463-1463/? I/KnoxTimeoutHandler: SD activityfalse
07-22 19:17:45.269 1463-1463/? I/KnoxTimeoutHandler: Fullscreen and mCurrent is not KNOX user. Hence hide keyguard
07-22 19:17:45.279 28269-1944/? W/System.err: addSampleData ====== video: false, size : 354, time : 237455903
07-22 19:17:45.279 1463-1677/? D/ViewRootImpl: MSG_RESIZED: ci=Rect(0, 0 - 0, 0) vi=Rect(0, 0 - 0, 0) or=1
07-22 19:17:45.279 9953-9953/? I/GoogleInputMethodServic: GoogleInputMethodService.onFinishInput():3138 
07-22 19:17:45.279 2294-2294/? D/PanelView: updateQsState
07-22 19:17:45.279 2294-2294/? D/KeyguardSwipeHelper: reset()
07-22 19:17:45.279 2294-2294/? D/KeyguardUnlockEventHandler: reset()
07-22 19:17:45.279 2294-2294/? D/KeyguardSwipeHelper: resetChildViewVI()
07-22 19:17:45.289 28269-1944/? W/System.err: addSampleData ====== video: false, size : 357, time : 237468245
07-22 19:17:45.289 28269-1940/? W/System.err: addSampleData ====== video: true, size : 342, time : 237468543
07-22 19:17:45.309 28269-1944/? W/System.err: addSampleData ====== video: false, size : 362, time : 237487965
07-22 19:17:45.319 28269-1940/? W/System.err: addSampleData ====== video: true, size : 1238, time : 237496123
07-22 19:17:45.329 9953-9953/? I/GoogleInputMethodServic: GoogleInputMethodService.onStartInput():1808 
07-22 19:17:45.329 28269-1944/? W/System.err: addSampleData ====== video: false, size : 356, time : 237508974
07-22 19:17:45.349 28269-1944/? W/System.err: addSampleData ====== video: false, size : 361, time : 237528096
07-22 19:17:45.359 28269-1940/? W/System.err: addSampleData ====== video: true, size : 3988, time : 237538452
07-22 19:17:45.369 28269-1944/? W/System.err: addSampleData ====== video: false, size : 361, time : 237547987
07-22 19:17:45.379 1463-3597/? V/WindowStateAnimator: Finishing drawing window Window{a092dda u0 d0 com.android.systemui/com.android.systemui.recents.SeparatedRecentsActivity}: mDrawState=HAS_DRAWN
07-22 19:17:45.389 30282-30282/? I/Timeline: Timeline: Activity_idle id: android.os.BinderProxy@6137af6 time:34862623
07-22 19:17:45.389 30282-30282/? D/Recents_TaskView: startEnterRecentsAnimation()
07-22 19:17:45.409 28269-1940/? W/System.err: addSampleData ====== video: true, size : 99768, time : 237590213
07-22 19:17:45.409 28269-1944/? W/System.err: addSampleData ====== video: false, size : 354, time : 237590539
07-22 19:17:45.429 28269-1944/? W/System.err: addSampleData ====== video: false, size : 359, time : 237608770
07-22 19:17:45.449 28269-1944/? W/System.err: addSampleData ====== video: false, size : 366, time : 237630496
07-22 19:17:45.469 28269-1944/? W/System.err: addSampleData ====== video: false, size : 359, time : 237648521
