07-22 19:17:49.709 1463-1755/? D/KnoxTimeoutHandler: notifyActivityDrawn [MsgParam] userId: 0 fullscreen is true showWhenlocked is false
07-22 19:17:49.709 1463-1755/? D/ViewRootImpl: #3 mView = null
07-22 19:17:49.709 347-1516/? I/SurfaceFlinger: id=1739 Removed UotemFarm (5/15)
07-22 19:17:49.709 1463-1463/? I/KnoxTimeoutHandler: SD activityfalse
07-22 19:17:49.709 1463-1463/? I/KnoxTimeoutHandler: Fullscreen and mCurrent is not KNOX user. Hence hide keyguard
07-22 19:17:49.709 1463-1463/? D/KnoxTimeoutHandler: activityDrawn [MsgParam] userId: 0 fullscreen is true showWhenlocked is false
07-22 19:17:49.709 347-3345/? I/SurfaceFlinger: id=1739 Removed UotemFarm (-2/15)
07-22 19:17:49.709 1463-1463/? I/KnoxTimeoutHandler: SD activityfalse
07-22 19:17:49.709 1463-1463/? I/KnoxTimeoutHandler: Fullscreen and mCurrent is not KNOX user. Hence hide keyguard
07-22 19:17:49.709 1463-1463/? D/KnoxTimeoutHandler: activityDrawn [MsgParam] userId: 0 fullscreen is true showWhenlocked is false
07-22 19:17:49.719 1463-1463/? I/KnoxTimeoutHandler: SD activityfalse
07-22 19:17:49.719 1463-1463/? I/KnoxTimeoutHandler: Fullscreen and mCurrent is not KNOX user. Hence hide keyguard
07-22 19:17:49.719 28269-1940/? W/System.err: addSampleData ====== video: true, size : 11, time : 241896426
07-22 19:17:49.719 28269-1944/? W/System.err: addSampleData ====== video: false, size : 365, time : 241897177
07-22 19:17:49.719 2896-2896/? D/Launcher: onTrimMemory. Level: 20
07-22 19:17:49.719 2896-2896/? V/ActivityThread: updateVisibility : ActivityRecord{366b237 token=android.os.BinderProxy@a7cb23 {com.sec.android.app.launcher/com.sec.android.app.launcher.activities.LauncherActivity}} show : false
07-22 19:17:49.729 1463-1677/? V/WindowStateAnimator: Finishing drawing window Window{ed9e061 u0 d0 PointerLocation}: mDrawState=DRAW_PENDING
07-22 19:17:49.739 28269-1944/? W/System.err: addSampleData ====== video: false, size : 361, time : 241921467
07-22 19:17:49.739 1463-1755/? I/WindowManager: Screen frozen for +1s145ms due to Window{ed9e061 u0 d0 PointerLocation}
07-22 19:17:49.759 28269-1944/? W/System.err: addSampleData ====== video: false, size : 360, time : 241938461
07-22 19:17:49.759 347-347/? I/SurfaceFlinger: id=1744 createSurf (1440x1280),-1 flag=20004, ClackSurfac
07-22 19:17:49.789 347-347/? I/SurfaceFlinger: id=1745 createSurf (720x2560),-1 flag=20004, ClackSurfac
07-22 19:17:49.799 28269-1944/? W/System.err: addSampleData ====== video: false, size : 357, time : 241976258
07-22 19:17:49.809 347-347/? I/SurfaceFlinger: id=1746 createSurf (1440x1280),-1 flag=20004, ClackSurfac
07-22 19:17:49.819 28269-1944/? W/System.err: addSampleData ====== video: false, size : 359, time : 241997130
07-22 19:17:49.819 28269-1940/? W/System.err: addSampleData ====== video: true, size : 13096, time : 241996898
07-22 19:17:49.819 347-347/? I/SurfaceFlinger: id=1747 createSurf (720x2560),-1 flag=20004, ClackSurfac
07-22 19:17:49.819 28269-1940/? W/System.err: addSampleData ====== video: true, size : 75, time : 242001800
07-22 19:17:49.819 1463-1755/? D/InputDispatcher: setInputDispatchMode: enabled=1, frozen=0
07-22 19:17:49.839 28269-1944/? W/System.err: addSampleData ====== video: false, size : 361, time : 242016795
07-22 19:17:49.839 1463-2709/? D/PowerManagerService: [api] acquire WakeLock flags=0x2000000a tag=WindowManager uid=1000 pid=1463
07-22 19:17:49.859 28269-1944/? W/System.err: addSampleData ====== video: false, size : 360, time : 242036263
07-22 19:17:49.859 28269-1940/? W/System.err: addSampleData ====== video: true, size : 39, time : 242042309
07-22 19:17:49.879 28269-1944/? W/System.err: addSampleData ====== video: false, size : 353, time : 242059233
07-22 19:17:49.899 28269-1940/? W/System.err: addSampleData ====== video: true, size : 11, time : 242075233
07-22 19:17:49.899 28269-1944/? W/System.err: addSampleData ====== video: false, size : 363, time : 242082421
07-22 19:17:49.909 2525-2545/? I/Unity: SystemInfo CPU = ARMv7 VFPv3 NEON, Cores = 4, Memory = 1892mb
07-22 19:17:49.909 2525-2545/? I/Unity: SystemInfo ARM big.LITTLE configuration: 4 big (mask: 15), 0 little (mask: 0)
07-22 19:17:49.909 2525-2545/? I/Unity: ApplicationInfo com.enixan.TotemFarm version 1.0.34.0 build 011310c0-c14c-4ccd-832d-cd98692a5e3b
07-22 19:17:49.909 2525-2545/? I/Unity: Built from '2018.1/release' branch, Version '2018.1.1f1 (b8cbb5de9840)', Build type 'Release', Scripting Backend 'mono'
07-22 19:17:49.919 28269-1944/? W/System.err: addSampleData ====== video: false, size : 366, time : 242097824
07-22 19:17:49.919 28269-1940/? W/System.err: addSampleData ====== video: true, size : 11, time : 242098910
07-22 19:17:49.939 28269-1940/? W/System.err: addSampleData ====== video: true, size : 15968, time : 242121482
07-22 19:17:49.959 28269-1944/? W/System.err: addSampleData ====== video: false, size : 362, time : 242137333
07-22 19:17:49.979 28269-1944/? W/System.err: addSampleData ====== video: false, size : 364, time : 242155757
07-22 19:17:49.979 28269-1940/? W/System.err: addSampleData ====== video: true, size : 18478, time : 242163836
07-22 19:17:49.989 1463-1677/? D/StatusBarManagerService: manageDisableList userId=0 what=0x0 pkg=Window{d954363 u0 d0 com.enixan.TotemFarm/com.unity3d.player.UnityPlayerActivity}
07-22 19:17:49.989 2294-2294/? D/PhoneStatusBar: setSystemUiVisibility vis=9706 mask=ffffffff oldVal=8600 newVal=9706 diff=1106
07-22 19:17:49.999 28269-1944/? W/System.err: addSampleData ====== video: false, size : 353, time : 242175682
07-22 19:17:50.019 28269-1944/? W/System.err: addSampleData ====== video: false, size : 361, time : 242196267
07-22 19:17:50.029 28269-1940/? W/System.err: addSampleData ====== video: true, size : 18874, time : 242211684
07-22 19:17:50.039 28269-1944/? W/System.err: addSampleData ====== video: false, size : 357, time : 242217758
07-22 19:17:50.059 28269-1944/? W/System.err: addSampleData ====== video: false, size : 359, time : 242238789
07-22 19:17:50.079 28269-1944/? W/System.err: addSampleData ====== video: false, size : 365, time : 242256741
07-22 19:17:50.119 28269-1940/? W/System.err: addSampleData ====== video: true, size : 19864, time : 242294252
07-22 19:17:50.119 28269-1944/? W/System.err: addSampleData ====== video: false, size : 363, time : 242295252
07-22 19:17:50.119 28269-1940/? W/System.err: addSampleData ====== video: true, size : 20414, time : 242297043
07-22 19:17:50.139 28269-1944/? W/System.err: addSampleData ====== video: false, size : 359, time : 242317091
07-22 19:17:50.159 28269-1940/? W/System.err: addSampleData ====== video: true, size : 16058, time : 242336955
07-22 19:17:50.169 28269-1944/? W/System.err: addSampleData ====== video: false, size : 356, time : 242347472
07-22 19:17:50.189 28269-1944/? W/System.err: addSampleData ====== video: false, size : 354, time : 242365625
07-22 19:17:50.199 28269-1940/? W/System.err: addSampleData ====== video: true, size : 18005, time : 242376468
07-22 19:17:50.209 28269-1944/? W/System.err: addSampleData ====== video: false, size : 360, time : 242387632
07-22 19:17:50.229 28269-1944/? W/System.err: addSampleData ====== video: false, size : 364, time : 242407333
07-22 19:17:50.239 28269-1940/? W/System.err: addSampleData ====== video: true, size : 18262, time : 242416652
07-22 19:17:50.249 28269-1944/? W/System.err: addSampleData ====== video: false, size : 361, time : 242425883
07-22 19:17:50.269 347-1516/? I/SurfaceFlinger: id=1740 Removed TcreenshotS (14/18)
07-22 19:17:50.269 347-484/? I/SurfaceFlinger: id=1744 Removed ClackSurfac (14/17)
07-22 19:17:50.269 347-484/? I/SurfaceFlinger: id=1740 Removed TcreenshotS (-2/17)
07-22 19:17:50.269 347-484/? I/SurfaceFlinger: id=1744 Removed ClackSurfac (-2/17)
07-22 19:17:50.269 347-3345/? I/SurfaceFlinger: id=1745 Removed ClackSurfac (14/16)
07-22 19:17:50.269 347-1516/? I/SurfaceFlinger: id=1746 Removed ClackSurfac (14/15)
07-22 19:17:50.269 347-1516/? I/SurfaceFlinger: id=1745 Removed ClackSurfac (-2/15)
07-22 19:17:50.269 347-3345/? I/SurfaceFlinger: id=1747 Removed ClackSurfac (14/14)
07-22 19:17:50.269 347-1516/? I/SurfaceFlinger: id=1746 Removed ClackSurfac (-2/14)
07-22 19:17:50.269 347-1516/? I/SurfaceFlinger: id=1747 Removed ClackSurfac (-2/14)
07-22 19:17:50.279 9953-9969/? I/PeriodicStatsRunner: PeriodicStatsRunner.call():175 call()
07-22 19:17:50.289 9953-9969/? I/PeriodicStatsRunner: PeriodicStatsRunner.call():179 No submit PeriodicStats since input started.
07-22 19:17:50.289 28269-1940/? W/System.err: addSampleData ====== video: true, size : 14315, time : 242467989
07-22 19:17:50.289 28269-1944/? W/System.err: addSampleData ====== video: false, size : 367, time : 242467915
07-22 19:17:50.289 1463-1463/? D/CustomFrequencyManagerService: releaseDVFSLockLocked : Getting Lock type frm List : DVFS_MIN_LIMIT  frequency : 1190400  uid : 1000  pid : 1463  tag : ACTIVITY_RESUME_BOOSTER@13
07-22 19:17:50.299 1463-1755/? V/WindowOrientationListener: OrientationSensorJudge.getProposedRotation, Rotation: 0
07-22 19:17:50.299 1463-1755/? V/WindowManager: rotationForOrientationLw(orient=6, last=1); user=0  sensorRotation=0 mLidState=-1 mDockMode=0 mHdmiPlugged=false mMobileKeyboardEnabled=false displayId=0
07-22 19:17:50.299 1463-1755/? V/WindowOrientationListener: OrientationSensorJudge.getProposedRotation, Rotation: 0
07-22 19:17:50.299 1463-1463/? D/CustomFrequencyManagerService: FrequencyrequestList.getNextCStateDisableRequest, index: 2
07-22 19:17:50.299 1463-2344/? V/WindowOrientationListener: setCurrentAppOrientation :0
07-22 19:17:50.299 1463-2344/? V/WindowOrientationListener: OrientationSensorJudge.getProposedRotation, Rotation: 0
07-22 19:17:50.299 1463-2344/? V/WindowManager: rotationForOrientationLw(orient=0, last=1); user=0  sensorRotation=0 mLidState=-1 mDockMode=0 mHdmiPlugged=false mMobileKeyboardEnabled=false displayId=0
07-22 19:17:50.299 1463-2344/? V/WindowOrientationListener: OrientationSensorJudge.getProposedRotation, Rotation: 0
07-22 19:17:50.309 28269-1944/? W/System.err: addSampleData ====== video: false, size : 357, time : 242487024
07-22 19:17:50.309 2525-2545/? I/Adreno-EGL: <qeglDrvAPI_eglInitialize:379>: EGL 1.4 QUALCOMM build: Nondeterministic_AU_msm8916_32_LA.BR.1.2.6_RB1__release_AU (Ia10634f51b)
    OpenGL ES Shader Compiler Version: XE031.06.00.05
    Build Date: 01/04/16 Mon
    Local Branch: 
    Remote Branch: quic/LA.BR.1.2.6_rb1.7
    Local Patches: NONE
    Reconstruct Branch: NOTHING
07-22 19:17:50.309 1463-3407/? D/CustomFrequencyManagerService: releaseDVFSLockLocked : Getting Lock type frm List : DVFS_MIN_LIMIT  frequency : 1190400  uid : 1000  pid : 1463  tag : LAUNCHER_APP_BOOSTER_CPU@7
07-22 19:17:50.319 1463-2716/? D/CustomFrequencyManagerService: FrequencyrequestList.getNextCStateDisableRequest, index: 0
07-22 19:17:50.319 28269-1940/? W/System.err: addSampleData ====== video: true, size : 13771, time : 242498360
07-22 19:17:50.329 28269-1944/? W/System.err: addSampleData ====== video: false, size : 354, time : 242507683
07-22 19:17:50.339 2525-2545/? W/Adreno-EGL: <qeglDrvAPI_eglGetConfigAttrib:607>: EGL_BAD_ATTRIBUTE
07-22 19:17:50.339 2525-2545/? W/Adreno-EGL: <qeglDrvAPI_eglGetConfigAttrib:607>: EGL_BAD_ATTRIBUTE
07-22 19:17:50.349 28269-1940/? W/System.err: addSampleData ====== video: true, size : 8097, time : 242525504
07-22 19:17:50.349 28269-1944/? W/System.err: addSampleData ====== video: false, size : 359, time : 242527736
07-22 19:17:50.349 28269-1940/? W/System.err: addSampleData ====== video: true, size : 906, time : 242532447
07-22 19:17:50.369 2525-2545/? D/Unity: GL_AMD_compressed_ATC_texture GL_AMD_performance_monitor GL_AMD_program_binary_Z400 GL_EXT_debug_label GL_EXT_debug_marker GL_EXT_discard_framebuffer GL_EXT_robustness GL_EXT_texture_format_BGRA8888 GL_EXT_texture_type_2_10_10_10_REV GL_NV_fence GL_OES_compressed_ETC1_RGB8_texture GL_OES_depth_texture GL_OES_depth24 GL_OES_EGL_image GL_OES_EGL_sync GL_OES_EGL_image_external GL_OES_element_index_uint GL_OES_fbo_render_mipmap GL_OES_fragment_precision_high GL_OES_get_program_binary GL_OES_packed_depth_stencil GL_OES_depth_texture_cube_map GL_OES_rgb8_rgba8 GL_OES_standard_derivatives GL_OES_texture_3D GL_OES_texture_float GL_OES_texture_half_float GL_OES_texture_half_float_linear GL_OES_texture_npot GL_OES_vertex_half_float GL_OES_vertex_type_10_10_10_2 GL_OES_vertex_array_object GL_QCOM_alpha_test GL_QCOM_binning_control GL_QCOM_driver_control GL_QCOM_perfmon_global_mode GL_QCOM_extended_get GL_QCOM_extended_get2 GL_QCOM_tiled_rendering GL_QCOM_writeonly_rendering GL_EXT_sRGB GL_EXT_sRGB_write_control GL_EXT_
07-22 19:17:50.369 2525-2545/? D/Unity: texture_sRGB_decode GL_EXT_texture_filter_anisotropic GL_EXT_multisampled_render_to_texture GL_EXT_color_buffer_float GL_EXT_color_buffer_half_float GL_EXT_disjoint_timer_query 
07-22 19:17:50.369 28269-1944/? W/System.err: addSampleData ====== video: false, size : 366, time : 242546182
07-22 19:17:50.379 28269-1940/? W/System.err: addSampleData ====== video: true, size : 12254, time : 242555262
07-22 19:17:50.389 28269-1944/? W/System.err: addSampleData ====== video: false, size : 361, time : 242566948
07-22 19:17:50.409 28269-1944/? W/System.err: addSampleData ====== video: false, size : 356, time : 242585975
07-22 19:17:50.429 414-2023/? W/AudioPolicyIntefaceImpl: Skipped to add effects on session 591
07-22 19:17:50.429 414-2023/? I/APM::AudioPolicyManager: startOutput() output 2, stream 3, session 591
07-22 19:17:50.449 28269-1944/? W/System.err: addSampleData ====== video: false, size : 357, time : 242626736
07-22 19:17:50.449 414-2016/? D/audio_hw_primary: out_set_parameters: enter: usecase(0: deep-buffer-playback) kvpairs: routing=2
07-22 19:17:50.449 414-2016/? D/audio_hw_hfp: audio_extn_hfp_set_parameters: enter
07-22 19:17:50.449 414-2016/? V/audio_hw_primary: out_set_parameters: exit: code(0)
07-22 19:17:50.449 414-2016/? D/AudioFlinger: setCurDevice() 0x2
07-22 19:17:50.469 28269-1944/? W/System.err: addSampleData ====== video: false, size : 357, time : 242646035
07-22 19:17:50.469 414-2016/? I/AudioMixer: create resampler src 24000, 2, dst 48000, 2
07-22 19:17:50.469 414-2016/? D/SoundAliveResampler: [SoundAliveResampler] Init+++
07-22 19:17:50.469 414-2016/? D/audio_hw_primary: start_output_stream: enter: stream(0xb76eb9d8)usecase(0: deep-buffer-playback) devices(0x2)
07-22 19:17:50.469 414-2016/? V/audio_hw_primary: select_devices: ENTER
07-22 19:17:50.469 414-2016/? V/audio_hw_primary: select_devices: usecase(normal)
07-22 19:17:50.469 414-2016/? V/audio_hw_primary: select_devices: usecase(PCM_PLAYBACK)
07-22 19:17:50.469 414-2016/? V/msm8974_platform: platform_get_output_snd_device: enter: output devices(0x2)
07-22 19:17:50.469 414-2016/? V/msm8974_platform: get_OUTPUT_snd_device: for Normal Playback
07-22 19:17:50.469 414-2016/? V/msm8974_platform: platform_get_output_snd_device: exit: snd_device(speaker)
07-22 19:17:50.469 414-2016/? V/audio_hw_primary: select_devices: ENTER
07-22 19:17:50.469 414-2016/? V/audio_hw_primary: select_devices: usecase(normal)
07-22 19:17:50.469 414-2016/? V/audio_hw_primary: select_devices: usecase(PCM_CAPTURE)
07-22 19:17:50.469 414-2016/? V/msm8974_platform: platform_get_input_snd_device: enter: out_device(0x2) in_device(0x4)
07-22 19:17:50.479 414-2016/? V/msm8974_platform: get_INPUT_snd_device: check by Input_source(1)
07-22 19:17:50.479 414-2016/? V/msm8974_platform: platform_get_input_snd_device_by_source: enter: out_device(0x2) in_device(0x4)
07-22 19:17:50.479 414-2016/? V/msm8974_platform: get_INPUT_snd_device: for Normal Capture
07-22 19:17:50.479 414-2016/? V/msm8974_platform: get_INPUT_snd_device: input device is not NONE, not IN_VOICE_CALL, no IN_COMMUNICATION
07-22 19:17:50.479 414-2016/? V/msm8974_platform: platform_get_input_snd_device: exit: in_snd_device(rec-main-mic)
07-22 19:17:50.479 414-2016/? D/audio_hw_primary: select_devices: out_snd_device(2: speaker)
07-22 19:17:50.479 414-2016/? D/audio_hw_primary: select_devices: in_snd_device(0: dummy)
07-22 19:17:50.479 414-2016/? D/hardware_info: hw_info_append_hw_type : device_name = speaker
07-22 19:17:50.479 414-2016/? D/ACDB-LOADER: ACDB -> send_audio_cal, acdb_id = 15, path =  0
07-22 19:17:50.479 414-2016/? D/ACDB-LOADER: ACDB -> send_asm_topology
07-22 19:17:50.479 414-2016/? D/ACDB-LOADER: ACDB -> ACDB_CMD_GET_AUDPROC_STREAM_TOPOLOGY_ID
07-22 19:17:50.479 414-2016/? D/ACDB-LOADER: ACDB -> send_adm_topology
07-22 19:17:50.479 414-2016/? D/ACDB-LOADER: ACDB -> ACDB_CMD_GET_AUDPROC_COMMON_TOPOLOGY_ID
07-22 19:17:50.479 414-2016/? D/ACDB-LOADER: ACDB -> send_audtable
07-22 19:17:50.479 414-2016/? D/ACDB-LOADER: ACDB -> ACDB_CMD_GET_AUDPROC_COMMON_TABLE_SIZE
07-22 19:17:50.479 414-2016/? D/ACDB-LOADER: ACDB -> ACDB_CMD_GET_AUDPROC_COMMON_TABLE
07-22 19:17:50.479 414-2016/? D/ACDB-LOADER: ACDB -> AUDIO_SET_AUDPROC_CAL
07-22 19:17:50.479 414-2016/? D/ACDB-LOADER: ACDB -> send_audvoltable
07-22 19:17:50.479 414-2016/? D/ACDB-LOADER: ACDB -> ACDB_CMD_GET_AUDPROC_GAIN_DEP_STEP_TABLE
07-22 19:17:50.479 414-2016/? D/ACDB-LOADER: ACDB -> AUDIO_SET_AUDPROC_VOL_CAL
07-22 19:17:50.479 414-2016/? D/ACDB-LOADER: ACDB -> send_afe_cal
07-22 19:17:50.479 414-2016/? D/ACDB-LOADER: ACDB -> ACDB_CMD_GET_AFE_COMMON_TABLE
07-22 19:17:50.479 414-2016/? D/ACDB-LOADER: ACDB -> AUDIO_SET_AFE_CAL
07-22 19:17:50.479 414-2016/? D/ACDB-LOADER: ACDB -> send_hw_delay : acdb_id = 15 path = 0
07-22 19:17:50.479 414-2016/? D/ACDB-LOADER: ACDB -> ACDB_AVSYNC_INFO: ACDB_CMD_GET_DEVICE_PROPERTY
07-22 19:17:50.479 414-2016/? V/audio_hw_primary: enable_snd_device: snd_device(2: speaker, speaker)
07-22 19:17:50.479 414-2016/? D/audio_route: ++++ audio_route_update_path ==============
07-22 19:17:50.479 414-2016/? D/audio_route: Setting mixer control: MI2S_RX Channels, value: 1
07-22 19:17:50.479 414-2016/? D/audio_route: Setting mixer control: RX3 MIX1 INP1, value: 3
07-22 19:17:50.479 414-2016/? D/audio_route: Setting mixer control: RX3 MIX1 INP2, value: 4
07-22 19:17:50.479 414-2016/? D/audio_route: Setting mixer control: SPK DAC Switch, value: 1
07-22 19:17:50.479 414-2016/? D/audio_route: Setting mixer control: Speaker Boost, value: 1
07-22 19:17:50.479 414-2016/? D/audio_route: Setting mixer control: RX3 Digital Volume, value: 81
07-22 19:17:50.479 414-2016/? D/audio_route: ---- audio_route_update_path ==============
07-22 19:17:50.479 414-2016/? D/audio_route: ++++ audio_route_update_mixer ==============
07-22 19:17:50.479 414-2016/? D/audio_route: ------ audio_route_update_mixer ==============
07-22 19:17:50.479 414-2016/? V/audio_hw_primary: enable_audio_route: enter: usecase(0)
07-22 19:17:50.479 414-2016/? V/audio_hw_primary: enable_audio_route: apply mixer path: deep-buffer-playback
07-22 19:17:50.479 414-2016/? D/audio_route: ++++ audio_route_update_mixer ==============
07-22 19:17:50.479 414-2016/? D/audio_route: Setting mixer control: PRI_MI2S_RX Audio Mixer MultiMedia1, value: 1
07-22 19:17:50.479 414-2016/? D/audio_route: ------ audio_route_update_mixer ==============
07-22 19:17:50.479 414-2016/? V/audio_hw_primary: enable_audio_route: exit
07-22 19:17:50.479 414-2016/? V/msm8974_platform: platform_get_output_snd_device: enter: output devices(0x2)
07-22 19:17:50.479 414-2016/? V/msm8974_platform: get_OUTPUT_snd_device: for Normal Playback
07-22 19:17:50.479 414-2016/? V/msm8974_platform: platform_get_output_snd_device: exit: snd_device(speaker)
07-22 19:17:50.479 414-2016/? D/ACDB-LOADER: ACDB -> send_audio_cal, acdb_id = 15, path =  0
07-22 19:17:50.479 414-2016/? D/ACDB-LOADER: ACDB -> send_asm_topology
07-22 19:17:50.479 414-2016/? D/ACDB-LOADER: ACDB -> ACDB_CMD_GET_AUDPROC_STREAM_TOPOLOGY_ID
07-22 19:17:50.479 414-2016/? D/ACDB-LOADER: ACDB -> send_adm_topology
07-22 19:17:50.479 414-2016/? D/ACDB-LOADER: ACDB -> ACDB_CMD_GET_AUDPROC_COMMON_TOPOLOGY_ID
07-22 19:17:50.479 414-2016/? D/ACDB-LOADER: ACDB -> send_audtable
07-22 19:17:50.479 414-2016/? D/ACDB-LOADER: ACDB -> ACDB_CMD_GET_AUDPROC_COMMON_TABLE_SIZE
07-22 19:17:50.479 414-2016/? D/ACDB-LOADER: ACDB -> ACDB_CMD_GET_AUDPROC_COMMON_TABLE
07-22 19:17:50.479 414-2016/? D/ACDB-LOADER: ACDB -> AUDIO_SET_AUDPROC_CAL
07-22 19:17:50.479 414-2016/? D/ACDB-LOADER: ACDB -> send_audvoltable
07-22 19:17:50.479 414-2016/? D/ACDB-LOADER: ACDB -> ACDB_CMD_GET_AUDPROC_GAIN_DEP_STEP_TABLE
07-22 19:17:50.479 414-2016/? D/ACDB-LOADER: ACDB -> AUDIO_SET_AUDPROC_VOL_CAL
07-22 19:17:50.479 414-2016/? D/ACDB-LOADER: ACDB -> send_afe_cal
07-22 19:17:50.479 414-2016/? D/ACDB-LOADER: ACDB -> ACDB_CMD_GET_AFE_COMMON_TABLE
07-22 19:17:50.479 414-2016/? D/ACDB-LOADER: ACDB -> AUDIO_SET_AFE_CAL
07-22 19:17:50.479 414-2016/? D/ACDB-LOADER: ACDB -> send_hw_delay : acdb_id = 15 path = 0
07-22 19:17:50.479 414-2016/? D/ACDB-LOADER: ACDB -> ACDB_AVSYNC_INFO: ACDB_CMD_GET_DEVICE_PROPERTY
07-22 19:17:50.479 414-2016/? V/audio_hw_primary: start_output_stream: Opening PCM device card_id(0) device_id(0)
07-22 19:17:50.479 414-2016/? V/audio_hw_primary: start_output_stream: exit
07-22 19:17:50.489 28269-1944/? W/System.err: addSampleData ====== video: false, size : 364, time : 242665622
07-22 19:17:50.509 28269-1944/? W/System.err: addSampleData ====== video: false, size : 360, time : 242685039
07-22 19:17:50.529 28269-1944/? W/System.err: addSampleData ====== video: false, size : 364, time : 242706217
07-22 19:17:50.549 28269-1944/? W/System.err: addSampleData ====== video: false, size : 355, time : 242726439
07-22 19:17:50.569 28269-1944/? W/System.err: addSampleData ====== video: false, size : 365, time : 242746464
07-22 19:17:50.599 1463-1463/? D/CustomFrequencyManagerService: releaseDVFSLockLocked : Getting Lock type frm List : DVFS_MIN_LIMIT  frequency : 1190400  uid : 1000  pid : 1463  tag : ROTATION_BOOSTER@39
07-22 19:17:50.609 28269-1944/? W/System.err: addSampleData ====== video: false, size : 358, time : 242785788
07-22 19:17:50.629 28269-1944/? W/System.err: addSampleData ====== video: false, size : 360, time : 242806097
07-22 19:17:50.639 414-2016/? D/AudioFlinger: mixer(0xb0d13008) throttle end: throttle time(119)
07-22 19:17:50.649 28269-1944/? W/System.err: addSampleData ====== video: false, size : 363, time : 242825660
07-22 19:17:50.649 1463-2716/? D/BatteryService: !@BatteryListener : batteryPropertiesChanged!
07-22 19:17:50.649 1463-2716/? D/BatteryService: level:48, scale:100, status:2, health:2, present:true, voltage: 3832, temperature: 384, technology: Li-ion, AC powered:false, USB powered:true, POGO powered:false, Wireless powered:false, icon:17303419, invalid charger:0, maxChargingCurrent:0
07-22 19:17:50.649 1463-2716/? D/BatteryService: online:4, current avg:21, charge type:1, power sharing:false, high voltage charger:false, capacity:280000, batterySWSelfDischarging:false, current_now:-27
07-22 19:17:50.649 1463-1463/? D/BatteryService: Sending ACTION_BATTERY_CHANGED.
07-22 19:17:50.659 1463-1463/? I/MotionRecognitionService: Plugged
07-22 19:17:50.659 1463-1463/? D/MotionRecognitionService:   cableConnection= 1
07-22 19:17:50.659 1463-1463/? D/MotionRecognitionService: setPowerConnected | current backoff  = 1024 , state =1024
07-22 19:17:50.659 1463-1463/? D/MotionRecognitionService: skip setTransmitPower. 
07-22 19:17:50.659 2294-2294/? D/KeyguardUpdateMonitor: received broadcast android.intent.action.BATTERY_CHANGED
07-22 19:17:50.659 2294-2294/? D/PowerUI: priorPlugType = 2 mPlugType =  2
07-22 19:17:50.659 2294-2294/? D/KeyguardUpdateMonitor: handleBatteryUpdate
07-22 19:17:50.659 2294-2294/? D/PowerUI.Notification: Charging remaining time is not supported and connected cable is not a fast/slow charger, so return!
07-22 19:17:50.669 28269-1944/? W/System.err: addSampleData ====== video: false, size : 361, time : 242846053
07-22 19:17:50.689 2294-2294/? D/BatteryMeterView: ACTION_BATTERY_CHANGED : level:48 status:2 health:2
07-22 19:17:50.689 2294-2294/? D/BatteryMeterView: ACTION_BATTERY_CHANGED : level:48 status:2 health:2
07-22 19:17:50.689 2294-2294/? D/CoverUpdateMonitor: received broadcast android.intent.action.BATTERY_CHANGED
07-22 19:17:50.689 28269-1944/? W/System.err: addSampleData ====== video: false, size : 359, time : 242869549
07-22 19:17:50.709 28269-1944/? W/System.err: addSampleData ====== video: false, size : 365, time : 242887240
07-22 19:17:50.709 28269-1940/? W/System.err: addSampleData ====== video: true, size : 1063, time : 242889325
07-22 19:17:50.729 28269-1944/? W/System.err: addSampleData ====== video: false, size : 357, time : 242906840
07-22 19:17:50.759 28269-1940/? W/System.err: addSampleData ====== video: true, size : 410, time : 242936076
07-22 19:17:50.769 28269-1944/? W/System.err: addSampleData ====== video: false, size : 357, time : 242945643
07-22 19:17:50.789 28269-1944/? W/System.err: addSampleData ====== video: false, size : 365, time : 242965884
07-22 19:17:50.819 28269-1944/? W/System.err: addSampleData ====== video: false, size : 364, time : 242994988
07-22 19:17:50.839 28269-1944/? W/System.err: addSampleData ====== video: false, size : 362, time : 243017813
07-22 19:17:50.859 28269-1944/? W/System.err: addSampleData ====== video: false, size : 360, time : 243038772
07-22 19:17:50.879 28269-1944/? W/System.err: addSampleData ====== video: false, size : 348, time : 243056805
07-22 19:17:50.899 28269-1944/? W/System.err: addSampleData ====== video: false, size : 365, time : 243075649
07-22 19:17:50.939 28269-1944/? W/System.err: addSampleData ====== video: false, size : 350, time : 243118276
07-22 19:17:50.959 28269-1944/? W/System.err: addSampleData ====== video: false, size : 370, time : 243135654
07-22 19:17:50.979 28269-1944/? W/System.err: addSampleData ====== video: false, size : 370, time : 243155993
07-22 19:17:50.999 28269-1944/? W/System.err: addSampleData ====== video: false, size : 355, time : 243174958
07-22 19:17:51.019 28269-1944/? W/System.err: addSampleData ====== video: false, size : 357, time : 243195431
07-22 19:17:51.039 28269-1944/? W/System.err: addSampleData ====== video: false, size : 355, time : 243216110
07-22 19:17:51.059 28269-1944/? W/System.err: addSampleData ====== video: false, size : 355, time : 243236080
07-22 19:17:51.099 28269-1944/? W/System.err: addSampleData ====== video: false, size : 361, time : 243275790
07-22 19:17:51.119 28269-1944/? W/System.err: addSampleData ====== video: false, size : 384, time : 243296089
07-22 19:17:51.139 28269-1944/? W/System.err: addSampleData ====== video: false, size : 347, time : 243316153
07-22 19:17:51.159 28269-1944/? W/System.err: addSampleData ====== video: false, size : 350, time : 243335657
07-22 19:17:51.179 28269-1944/? W/System.err: addSampleData ====== video: false, size : 360, time : 243360066
07-22 19:17:51.199 28269-1944/? W/System.err: addSampleData ====== video: false, size : 369, time : 243378637
07-22 19:17:51.219 28269-1944/? W/System.err: addSampleData ====== video: false, size : 358, time : 243397663
07-22 19:17:51.239 28269-1940/? W/System.err: addSampleData ====== video: true, size : 86, time : 243414815
07-22 19:17:51.259 28269-1940/? W/System.err: addSampleData ====== video: true, size : 271, time : 243435484
07-22 19:17:51.259 28269-1944/? W/System.err: addSampleData ====== video: false, size : 360, time : 243436277
07-22 19:17:51.279 28269-1944/? W/System.err: addSampleData ====== video: false, size : 350, time : 243456309
07-22 19:17:51.299 28269-1944/? W/System.err: addSampleData ====== video: false, size : 359, time : 243475807
07-22 19:17:51.319 28269-1944/? W/System.err: addSampleData ====== video: false, size : 358, time : 243495165
07-22 19:17:51.339 28269-1944/? W/System.err: addSampleData ====== video: false, size : 360, time : 243515662
07-22 19:17:51.359 28269-1944/? W/System.err: addSampleData ====== video: false, size : 365, time : 243536286
07-22 19:17:51.379 28269-1944/? W/System.err: addSampleData ====== video: false, size : 356, time : 243555926
07-22 19:17:51.419 28269-1944/? W/System.err: addSampleData ====== video: false, size : 364, time : 243595463
07-22 19:17:51.449 28269-1944/? W/System.err: addSampleData ====== video: false, size : 369, time : 243627260
07-22 19:17:51.469 28269-1944/? W/System.err: addSampleData ====== video: false, size : 351, time : 243645450
07-22 19:17:51.489 28269-1940/? W/System.err: addSampleData ====== video: true, size : 2272, time : 243664475
07-22 19:17:51.489 28269-1944/? W/System.err: addSampleData ====== video: false, size : 448, time : 243673076
07-22 19:17:51.509 28269-1944/? W/System.err: addSampleData ====== video: false, size : 336, time : 243692760
07-22 19:17:51.529 28269-1944/? W/System.err: addSampleData ====== video: false, size : 341, time : 243707435
07-22 19:17:51.529 28269-1940/? W/System.err: addSampleData ====== video: true, size : 1364, time : 243711399
07-22 19:17:51.549 28269-1944/? W/System.err: addSampleData ====== video: false, size : 336, time : 243726377
07-22 19:17:51.559 28269-1940/? W/System.err: addSampleData ====== video: true, size : 1303, time : 243742284
07-22 19:17:51.589 28269-1944/? W/System.err: addSampleData ====== video: false, size : 349, time : 243767332
07-22 19:17:51.599 28269-1940/? W/System.err: addSampleData ====== video: true, size : 1257, time : 243778777
07-22 19:17:51.599 1463-2170/? D/SensorService: [SO] 9.084 0.457 3.042
07-22 19:17:51.599 1463-2170/? D/SensorService: [SO] [0 -> 1]
07-22 19:17:51.599 1463-1677/? V/WindowOrientationListener: OrientationSensorJudge.onSensorChanged, Rotation: -1
07-22 19:17:51.609 1463-1677/? V/WindowOrientationListener: OrientationSensorJudge.getProposedRotation, Rotation: 1
07-22 19:17:51.609 1463-1677/? V/WindowManager: rotationForOrientationLw(orient=0, last=1); user=0  sensorRotation=1 mLidState=-1 mDockMode=0 mHdmiPlugged=false mMobileKeyboardEnabled=false displayId=0
07-22 19:17:51.609 1463-1677/? V/WindowOrientationListener: OrientationSensorJudge.getProposedRotation, Rotation: 1
07-22 19:17:51.609 28269-1944/? W/System.err: addSampleData ====== video: false, size : 355, time : 243786152
07-22 19:17:51.629 28269-1944/? W/System.err: addSampleData ====== video: false, size : 360, time : 243807517
07-22 19:17:51.629 28269-1940/? W/System.err: addSampleData ====== video: true, size : 1132, time : 243812036
07-22 19:17:51.649 28269-1944/? W/System.err: addSampleData ====== video: false, size : 356, time : 243826243
07-22 19:17:51.649 28269-1940/? W/System.err: addSampleData ====== video: true, size : 1088, time : 243830610
07-22 19:17:51.669 28269-1944/? W/System.err: addSampleData ====== video: false, size : 352, time : 243847733
07-22 19:17:51.679 28269-1940/? W/System.err: addSampleData ====== video: true, size : 1072, time : 243857543
07-22 19:17:51.689 28269-1944/? W/System.err: addSampleData ====== video: false, size : 356, time : 243869607
07-22 19:17:51.699 28269-1940/? W/System.err: addSampleData ====== video: true, size : 1037, time : 243877525
07-22 19:17:51.709 28269-1944/? W/System.err: addSampleData ====== video: false, size : 361, time : 243890434
07-22 19:17:51.729 28269-1940/? W/System.err: addSampleData ====== video: true, size : 911, time : 243911850
07-22 19:17:51.749 28269-1944/? W/System.err: addSampleData ====== video: false, size : 361, time : 243926998
07-22 19:17:51.749 28269-1940/? W/System.err: addSampleData ====== video: true, size : 935, time : 243933709
07-22 19:17:51.769 28269-1940/? W/System.err: addSampleData ====== video: true, size : 945, time : 243944577
07-22 19:17:51.769 28269-1944/? W/System.err: addSampleData ====== video: false, size : 365, time : 243948962
07-22 19:17:51.789 28269-1944/? W/System.err: addSampleData ====== video: false, size : 355, time : 243965509
07-22 19:17:51.799 28269-1940/? W/System.err: addSampleData ====== video: true, size : 891, time : 243975108
07-22 19:17:51.809 28269-1944/? W/System.err: addSampleData ====== video: false, size : 359, time : 243986649
07-22 19:17:51.809 28269-1940/? W/System.err: addSampleData ====== video: true, size : 801, time : 243993763
07-22 19:17:51.829 1463-1755/? I/art: Starting a blocking GC Explicit
07-22 19:17:51.839 28269-1940/? W/System.err: addSampleData ====== video: true, size : 824, time : 244016162
07-22 19:17:51.839 28269-1944/? W/System.err: addSampleData ====== video: false, size : 358, time : 244019324
07-22 19:17:51.849 28269-1944/? W/System.err: addSampleData ====== video: false, size : 359, time : 244027827
07-22 19:17:51.849 28269-1940/? W/System.err: addSampleData ====== video: true, size : 780, time : 244033959
07-22 19:17:51.869 28269-1944/? W/System.err: addSampleData ====== video: false, size : 362, time : 244049700
07-22 19:17:51.879 28269-1940/? W/System.err: addSampleData ====== video: true, size : 773, time : 244056589
07-22 19:17:51.909 28269-1944/? W/System.err: addSampleData ====== video: false, size : 359, time : 244089949
07-22 19:17:51.919 28269-1940/? W/System.err: addSampleData ====== video: true, size : 701, time : 244101032
07-22 19:17:51.929 28269-1944/? W/System.err: addSampleData ====== video: false, size : 362, time : 244107154
07-22 19:17:51.939 28269-1940/? W/System.err: addSampleData ====== video: true, size : 741, time : 244114578
07-22 19:17:51.949 28269-1944/? W/System.err: addSampleData ====== video: false, size : 363, time : 244128413
07-22 19:17:51.959 28269-1940/? W/System.err: addSampleData ====== video: true, size : 499, time : 244134620
07-22 19:17:51.969 28269-1944/? W/System.err: addSampleData ====== video: false, size : 357, time : 244145786
07-22 19:17:51.979 28269-1940/? W/System.err: addSampleData ====== video: true, size : 499, time : 244156704
07-22 19:17:51.989 28269-1944/? W/System.err: addSampleData ====== video: false, size : 361, time : 244167030
07-22 19:17:52.009 28269-1944/? W/System.err: addSampleData ====== video: false, size : 360, time : 244186161
07-22 19:17:52.029 28269-1944/? W/System.err: addSampleData ====== video: false, size : 366, time : 244205816
07-22 19:17:52.059 1463-1755/? I/art: Explicit concurrent mark sweep GC freed 19199(1208KB) AllocSpace objects, 2(80KB) LOS objects, 29% free, 37MB/53MB, paused 3.309ms total 236.296ms
07-22 19:17:52.069 28269-1944/? W/System.err: addSampleData ====== video: false, size : 363, time : 244245702
07-22 19:17:52.099 28269-1944/? W/System.err: addSampleData ====== video: false, size : 359, time : 244275187
07-22 19:17:52.119 28269-1944/? W/System.err: addSampleData ====== video: false, size : 355, time : 244295535
07-22 19:17:52.139 28269-1944/? W/System.err: addSampleData ====== video: false, size : 355, time : 244315007
07-22 19:17:52.149 1463-2903/? D/SensorService: SensorEventConnection::SocketBufferSize, SystemSocketBufferSize - 4096, 8388608
07-22 19:17:52.149 1463-3597/? I/Sensors: AccelerometerSensor(0) setDelay : 10000000(ns)
07-22 19:17:52.159 1463-2709/? I/Sensors: AccelerometerSensor(0) setDelay : 20000000(ns)
07-22 19:17:52.159 28269-1944/? W/System.err: addSampleData ====== video: false, size : 362, time : 244335860
07-22 19:17:52.179 9953-9969/? I/PeriodicStatsRunner: PeriodicStatsRunner.call():175 call()
07-22 19:17:52.179 9953-9969/? I/PeriodicStatsRunner: PeriodicStatsRunner.call():179 No submit PeriodicStats since input started.
07-22 19:17:52.189 28269-1944/? W/System.err: addSampleData ====== video: false, size : 360, time : 244365699
07-22 19:17:52.199 28269-1944/? W/System.err: addSampleData ====== video: false, size : 357, time : 244380705
07-22 19:17:52.239 28269-1944/? W/System.err: addSampleData ====== video: false, size : 359, time : 244416991
07-22 19:17:52.249 28269-1940/? W/System.err: addSampleData ====== video: true, size : 149, time : 244426066
07-22 19:17:52.259 28269-1944/? W/System.err: addSampleData ====== video: false, size : 362, time : 244439472
07-22 19:17:52.279 28269-1944/? W/System.err: addSampleData ====== video: false, size : 363, time : 244457492
07-22 19:17:52.299 28269-1944/? W/System.err: addSampleData ====== video: false, size : 354, time : 244475979
07-22 19:17:52.319 28269-1944/? W/System.err: addSampleData ====== video: false, size : 365, time : 244497687
07-22 19:17:52.319 28269-1940/? W/System.err: addSampleData ====== video: true, size : 21757, time : 244500326
07-22 19:17:52.339 28269-1944/? W/System.err: addSampleData ====== video: false, size : 365, time : 244518244
07-22 19:17:52.359 28269-1944/? W/System.err: addSampleData ====== video: false, size : 356, time : 244539287
07-22 19:17:52.399 28269-1944/? W/System.err: addSampleData ====== video: false, size : 359, time : 244577389
07-22 19:17:52.419 28269-1944/? W/System.err: addSampleData ====== video: false, size : 365, time : 244596694
07-22 19:17:52.439 28269-1944/? W/System.err: addSampleData ====== video: false, size : 357, time : 244616801
07-22 19:17:52.459 28269-1944/? W/System.err: addSampleData ====== video: false, size : 358, time : 244636219
07-22 19:17:52.479 28269-1944/? W/System.err: addSampleData ====== video: false, size : 360, time : 244657428
07-22 19:17:52.499 28269-1944/? W/System.err: addSampleData ====== video: false, size : 358, time : 244677157
07-22 19:17:52.519 28269-1944/? W/System.err: addSampleData ====== video: false, size : 357, time : 244696725
07-22 19:17:52.559 28269-1944/? W/System.err: addSampleData ====== video: false, size : 363, time : 244735157
07-22 19:17:52.579 28269-1944/? W/System.err: addSampleData ====== video: false, size : 362, time : 244755511
07-22 19:17:52.599 28269-1944/? W/System.err: addSampleData ====== video: false, size : 361, time : 244778444
07-22 19:17:52.619 28269-1944/? W/System.err: addSampleData ====== video: false, size : 360, time : 244795782
07-22 19:17:52.629 30282-32392/? W/Adreno-ES20: <core_glDeleteShader:170>: GL_INVALID_VALUE
07-22 19:17:52.629 30282-32392/? E/libEGL: ------------------------------------------------
07-22 19:17:52.629 30282-32392/? E/libEGL: HWUI Context(-1207812472) Damaged Report-Shader
07-22 19:17:52.629 30282-32392/? E/libEGL: HWUI   Shaders(5):
07-22 19:17:52.629 30282-32392/? E/libEGL: HWUI     Unit 0) Handle(10)
07-22 19:17:52.629 30282-32392/? E/libEGL: HWUI     Unit 1) Handle(12)
07-22 19:17:52.629 30282-32392/? E/libEGL: HWUI     Unit 2) DAMAGED Handle(17)
07-22 19:17:52.629 30282-32392/? E/libEGL: HWUI     Unit 3) Handle(19)
07-22 19:17:52.629 30282-32392/? E/libEGL: HWUI     Unit 4) Handle(21)
07-22 19:17:52.629 30282-32392/? E/libEGL: ------------------------------------------------
07-22 19:17:52.629 30282-32392/? E/libGLESv2: HWUI Protection: wrong calling from app context F:ES2-glDeleteShader, handle(17)
07-22 19:17:52.629 30282-32392/? E/libEGL: ------------------------------------------------
07-22 19:17:52.629 30282-32392/? E/libEGL: HWUI Context(-1207812472) Damaged Report-Shader
07-22 19:17:52.629 30282-32392/? E/libEGL: HWUI   Shaders(5):
07-22 19:17:52.629 30282-32392/? E/libEGL: HWUI     Unit 0) Handle(10)
07-22 19:17:52.629 30282-32392/? E/libEGL: HWUI     Unit 1) Handle(12)
07-22 19:17:52.629 30282-32392/? E/libEGL: HWUI     Unit 2) Handle(17)
07-22 19:17:52.629 30282-32392/? E/libEGL: HWUI     Unit 3) Handle(19)
07-22 19:17:52.629 30282-32392/? E/libEGL: HWUI     Unit 4) DAMAGED Handle(21)
07-22 19:17:52.629 30282-32392/? E/libEGL: ------------------------------------------------
07-22 19:17:52.629 30282-32392/? E/libGLESv2: HWUI Protection: wrong calling from app context F:ES2-glDeleteShader, handle(21)
07-22 19:17:52.629 30282-32392/? E/libEGL: ------------------------------------------------
07-22 19:17:52.629 30282-32392/? E/libEGL: HWUI Context(-1207812472) Damaged Report-Shader
07-22 19:17:52.629 30282-32392/? E/libEGL: HWUI   Shaders(5):
07-22 19:17:52.629 30282-32392/? E/libEGL: HWUI     Unit 0) DAMAGED Handle(10)
07-22 19:17:52.629 30282-32392/? E/libEGL: HWUI     Unit 1) Handle(12)
07-22 19:17:52.629 30282-32392/? E/libEGL: HWUI     Unit 2) Handle(17)
07-22 19:17:52.629 30282-32392/? E/libEGL: HWUI     Unit 3) Handle(19)
07-22 19:17:52.629 30282-32392/? E/libEGL: HWUI     Unit 4) Handle(21)
07-22 19:17:52.629 30282-32392/? E/libEGL: ------------------------------------------------
07-22 19:17:52.629 30282-32392/? E/libGLESv2: HWUI Protection: wrong calling from app context F:ES2-glDeleteShader, handle(10)
07-22 19:17:52.629 30282-32392/? E/libEGL: ------------------------------------------------
07-22 19:17:52.629 30282-32392/? E/libEGL: HWUI Context(-1207812472) Damaged Report-Shader
07-22 19:17:52.629 30282-32392/? E/libEGL: HWUI   Shaders(5):
07-22 19:17:52.629 30282-32392/? E/libEGL: HWUI     Unit 0) Handle(10)
07-22 19:17:52.629 30282-32392/? E/libEGL: HWUI     Unit 1) DAMAGED Handle(12)
07-22 19:17:52.629 30282-32392/? E/libEGL: HWUI     Unit 2) Handle(17)
07-22 19:17:52.629 30282-32392/? E/libEGL: HWUI     Unit 3) Handle(19)
07-22 19:17:52.629 30282-32392/? E/libEGL: HWUI     Unit 4) Handle(21)
07-22 19:17:52.629 30282-32392/? E/libEGL: ------------------------------------------------
07-22 19:17:52.629 30282-32392/? E/libGLESv2: HWUI Protection: wrong calling from app context F:ES2-glDeleteShader, handle(12)
07-22 19:17:52.629 30282-32392/? E/libEGL: ------------------------------------------------
07-22 19:17:52.629 30282-32392/? E/libEGL: HWUI Context(-1207812472) Damaged Report-Shader
07-22 19:17:52.629 30282-32392/? E/libEGL: HWUI   Shaders(5):
07-22 19:17:52.629 30282-32392/? E/libEGL: HWUI     Unit 0) Handle(10)
07-22 19:17:52.629 30282-32392/? E/libEGL: HWUI     Unit 1) Handle(12)
07-22 19:17:52.629 30282-32392/? E/libEGL: HWUI     Unit 2) Handle(17)
07-22 19:17:52.629 30282-32392/? E/libEGL: HWUI     Unit 3) DAMAGED Handle(19)
07-22 19:17:52.629 30282-32392/? E/libEGL: HWUI     Unit 4) Handle(21)
07-22 19:17:52.629 30282-32392/? E/libEGL: ------------------------------------------------
07-22 19:17:52.629 30282-32392/? E/libGLESv2: HWUI Protection: wrong calling from app context F:ES2-glDeleteShader, handle(19)
07-22 19:17:52.639 28269-1944/? W/System.err: addSampleData ====== video: false, size : 358, time : 244816606
07-22 19:17:52.659 28269-1944/? W/System.err: addSampleData ====== video: false, size : 357, time : 244836624
07-22 19:17:52.679 28269-1944/? W/System.err: addSampleData ====== video: false, size : 365, time : 244856383
07-22 19:17:52.729 28269-1944/? W/System.err: addSampleData ====== video: false, size : 359, time : 244905417
07-22 19:17:52.749 28269-1944/? W/System.err: addSampleData ====== video: false, size : 360, time : 244925854
07-22 19:17:52.769 28269-1944/? W/System.err: addSampleData ====== video: false, size : 359, time : 244946077
07-22 19:17:52.789 28269-1944/? W/System.err: addSampleData ====== video: false, size : 361, time : 244965429
07-22 19:17:52.809 28269-1944/? W/System.err: addSampleData ====== video: false, size : 355, time : 244987546
07-22 19:17:52.829 28269-1944/? W/System.err: addSampleData ====== video: false, size : 362, time : 245008626
07-22 19:17:52.839 2525-2596/? W/Unity: The referenced script on this Behaviour (Game Object 'AmazonGameCircleManager') is missing!
     
    (Filename:  Line: 1789)
07-22 19:17:52.849 2525-2596/? W/Unity: The referenced script on this Behaviour (Game Object 'FieldTileItem') is missing!
     
    (Filename:  Line: 1789)
07-22 19:17:52.849 28269-1944/? W/System.err: addSampleData ====== video: false, size : 348, time : 245026606
07-22 19:17:52.859 28269-1940/? W/System.err: addSampleData ====== video: true, size : 73, time : 245036612
07-22 19:17:52.889 28269-1944/? W/System.err: addSampleData ====== video: false, size : 366, time : 245065750
07-22 19:17:52.909 28269-1944/? W/System.err: addSampleData ====== video: false, size : 374, time : 245085821
07-22 19:17:52.929 28269-1944/? W/System.err: addSampleData ====== video: false, size : 364, time : 245105281
07-22 19:17:52.949 28269-1944/? W/System.err: addSampleData ====== video: false, size : 355, time : 245125249
07-22 19:17:52.969 28269-1944/? W/System.err: addSampleData ====== video: false, size : 364, time : 245145758
07-22 19:17:52.989 28269-1944/? W/System.err: addSampleData ====== video: false, size : 355, time : 245165813
07-22 19:17:53.009 28269-1944/? W/System.err: addSampleData ====== video: false, size : 360, time : 245186815
07-22 19:17:53.049 28269-1944/? W/System.err: addSampleData ====== video: false, size : 380, time : 245225716
07-22 19:17:53.069 28269-1944/? W/System.err: addSampleData ====== video: false, size : 350, time : 245245917
07-22 19:17:53.089 28269-1944/? W/System.err: addSampleData ====== video: false, size : 352, time : 245265553
07-22 19:17:53.109 28269-1944/? W/System.err: addSampleData ====== video: false, size : 355, time : 245285100
07-22 19:17:53.129 28269-1944/? W/System.err: addSampleData ====== video: false, size : 364, time : 245305943
07-22 19:17:53.149 28269-1944/? W/System.err: addSampleData ====== video: false, size : 357, time : 245326079
07-22 19:17:53.169 28269-1944/? W/System.err: addSampleData ====== video: false, size : 354, time : 245345843
07-22 19:17:53.209 28269-1944/? W/System.err: addSampleData ====== video: false, size : 362, time : 245386196
07-22 19:17:53.229 28269-1944/? W/System.err: addSampleData ====== video: false, size : 363, time : 245405069
07-22 19:17:53.239 28269-1940/? W/System.err: addSampleData ====== video: true, size : 30, time : 245419318
07-22 19:17:53.249 28269-1944/? W/System.err: addSampleData ====== video: false, size : 358, time : 245424993
07-22 19:17:53.269 28269-1944/? W/System.err: addSampleData ====== video: false, size : 355, time : 245445237
07-22 19:17:53.289 28269-1944/? W/System.err: addSampleData ====== video: false, size : 363, time : 245466632
07-22 19:17:53.309 28269-1944/? W/System.err: addSampleData ====== video: false, size : 361, time : 245491631
07-22 19:17:53.329 28269-1944/? W/System.err: addSampleData ====== video: false, size : 364, time : 245506193
07-22 19:17:53.379 28269-1944/? W/System.err: addSampleData ====== video: false, size : 358, time : 245556569
07-22 19:17:53.389 28269-1940/? W/System.err: addSampleData ====== video: true, size : 81, time : 245570578
07-22 19:17:53.399 28269-1944/? W/System.err: addSampleData ====== video: false, size : 355, time : 245576335
07-22 19:17:53.419 28269-1944/? W/System.err: addSampleData ====== video: false, size : 361, time : 245597514
07-22 19:17:53.439 28269-1944/? W/System.err: addSampleData ====== video: false, size : 360, time : 245618636
07-22 19:17:53.449 1463-2226/? D/NetworkPolicy: isUidForegroundLocked: 10011, mScreenOn: true, uidstate: 2, mProxSensorScreenOff: false
07-22 19:17:53.459 28269-1944/? W/System.err: addSampleData ====== video: false, size : 360, time : 245640720
07-22 19:17:53.479 28269-1944/? W/System.err: addSampleData ====== video: false, size : 361, time : 245656658
07-22 19:17:53.499 28269-1944/? W/System.err: addSampleData ====== video: false, size : 364, time : 245677111
07-22 19:17:53.539 28269-1944/? W/System.err: addSampleData ====== video: false, size : 352, time : 245715411
07-22 19:17:53.559 28269-1944/? W/System.err: addSampleData ====== video: false, size : 358, time : 245736435
07-22 19:17:53.579 28269-1944/? W/System.err: addSampleData ====== video: false, size : 359, time : 245756516
07-22 19:17:53.599 28269-1944/? W/System.err: addSampleData ====== video: false, size : 365, time : 245776288
07-22 19:17:53.619 28269-1944/? W/System.err: addSampleData ====== video: false, size : 365, time : 245797320
07-22 19:17:53.639 28269-1944/? W/System.err: addSampleData ====== video: false, size : 368, time : 245816580
07-22 19:17:53.659 28269-1944/? W/System.err: addSampleData ====== video: false, size : 354, time : 245837384
07-22 19:17:53.699 28269-1944/? W/System.err: addSampleData ====== video: false, size : 359, time : 245875940
07-22 19:17:53.719 28269-1944/? W/System.err: addSampleData ====== video: false, size : 356, time : 245899505
07-22 19:17:53.749 28269-1944/? W/System.err: addSampleData ====== video: false, size : 362, time : 245922845
07-22 19:17:53.759 28269-1944/? W/System.err: addSampleData ====== video: false, size : 366, time : 245935945
07-22 19:17:53.779 28269-1944/? W/System.err: addSampleData ====== video: false, size : 353, time : 245958441
07-22 19:17:53.799 28269-1944/? W/System.err: addSampleData ====== video: false, size : 357, time : 245976913
07-22 19:17:53.819 28269-1944/? W/System.err: addSampleData ====== video: false, size : 361, time : 245997614
07-22 19:17:53.859 28269-1944/? W/System.err: addSampleData ====== video: false, size : 359, time : 246036767
07-22 19:17:53.879 28269-1944/? W/System.err: addSampleData ====== video: false, size : 361, time : 246056101
07-22 19:17:53.899 28269-1944/? W/System.err: addSampleData ====== video: false, size : 365, time : 246076189
07-22 19:17:53.919 28269-1944/? W/System.err: addSampleData ====== video: false, size : 360, time : 246096088
07-22 19:17:53.939 28269-1944/? W/System.err: addSampleData ====== video: false, size : 359, time : 246116737
07-22 19:17:53.939 28269-1940/? W/System.err: addSampleData ====== video: true, size : 20, time : 246118737
07-22 19:17:53.959 28269-1944/? W/System.err: addSampleData ====== video: false, size : 366, time : 246136767
07-22 19:17:53.979 28269-1944/? W/System.err: addSampleData ====== video: false, size : 358, time : 246156620
07-22 19:17:53.999 1463-2170/? D/SensorService: [SO] 8.698 -0.528 4.720
07-22 19:17:54.029 28269-1944/? W/System.err: addSampleData ====== video: false, size : 351, time : 246206694
07-22 19:17:54.049 28269-1944/? W/System.err: addSampleData ====== video: false, size : 354, time : 246226194
07-22 19:17:54.069 28269-1944/? W/System.err: addSampleData ====== video: false, size : 366, time : 246245608
07-22 19:17:54.089 28269-1944/? W/System.err: addSampleData ====== video: false, size : 359, time : 246265363
07-22 19:17:54.109 28269-1944/? W/System.err: addSampleData ====== video: false, size : 358, time : 246286391
07-22 19:17:54.129 28269-1944/? W/System.err: addSampleData ====== video: false, size : 367, time : 246307105
