07-22 19:18:02.269 28269-1944/? W/System.err: addSampleData ====== video: false, size : 355, time : 254448728
07-22 19:18:02.309 28269-1944/? W/System.err: addSampleData ====== video: false, size : 363, time : 254488441
07-22 19:18:02.339 28269-1944/? W/System.err: addSampleData ====== video: false, size : 355, time : 254515998
07-22 19:18:02.359 28269-1944/? W/System.err: addSampleData ====== video: false, size : 351, time : 254536464
07-22 19:18:02.379 28269-1944/? W/System.err: addSampleData ====== video: false, size : 363, time : 254555493
07-22 19:18:02.399 28269-1944/? W/System.err: addSampleData ====== video: false, size : 359, time : 254576435
07-22 19:18:02.419 28269-1944/? W/System.err: addSampleData ====== video: false, size : 366, time : 254596726
07-22 19:18:02.439 28269-1944/? W/System.err: addSampleData ====== video: false, size : 359, time : 254618025
07-22 19:18:02.479 28269-1944/? W/System.err: addSampleData ====== video: false, size : 363, time : 254660320
07-22 19:18:02.499 28269-1944/? W/System.err: addSampleData ====== video: false, size : 359, time : 254675808
07-22 19:18:02.499 2525-2545/? W/Unity: <pre>CoreException Object
    (
        [message:protected] => include_once(GamedataController.php): failed to open stream: No such file or directory
        [string:Exception:private] => 
        [code:protected] => 2
        [file:protected] => /home/t-mob/index.php
        [line:protected] => 33
        [trace:Exception:private] => Array
            (
                [0] => Array
                    (
                        [file] => /home/t-mob/index.php
                        [line] => 33
                        [function] => err2exc
                        [args] => Array
                            (
                                [0] => 2
                                [1] => include_once(GamedataController.php): failed to open stream: No such file or directory
                                [2] => /home/t-mob/index.php
                                [3] => 33
                                [4] => Array
                                    (
                                        [className] => GamedataController
                                    )
    
                            )
    
       
07-22 19:18:02.519 28269-1944/? W/System.err: addSampleData ====== video: false, size : 356, time : 254699441
07-22 19:18:02.529 2525-2545/? E/Unity: LitJson.JsonException: Invalid character '<' in input string
      at LitJson.Lexer.NextToken () [0x00000] in <filename unknown>:0 
      at LitJson.JsonReader.ReadToken () [0x00000] in <filename unknown>:0 
      at LitJson.JsonReader.Read () [0x00000] in <filename unknown>:0 
      at LitJson.JsonMapper.ReadValue (LitJson.WrapperFactory factory, LitJson.JsonReader reader) [0x00000] in <filename unknown>:0 
      at LitJson.JsonMapper.ToWrapper (LitJson.WrapperFactory factory, System.String json) [0x00000] in <filename unknown>:0 
      at LitJson.JsonMapper.ToObject (System.String json) [0x00000] in <filename unknown>:0 
      at GameDataFromServer.WebRequestPost_RequestGameData (System.Object sender) [0x00000] in <filename unknown>:0 
     
    (Filename: ./Runtime/Export/Debug.bindings.h Line: 43)
07-22 19:18:02.539 28269-1944/? W/System.err: addSampleData ====== video: false, size : 364, time : 254716380
07-22 19:18:02.539 28269-1940/? W/System.err: addSampleData ====== video: true, size : 16, time : 254719191
07-22 19:18:02.549 2525-2590/? I/System.out: (HTTPLog)-Static: isSBSettingEnabled false
07-22 19:18:02.549 2525-2590/? I/System.out: (HTTPLog)-Static: isSBSettingEnabled false
07-22 19:18:02.549 400-2003/? D/EnterpriseController: netId is 0
07-22 19:18:02.549 400-2003/? D/Netd: getNetworkForDns: using netid 504 for uid 10133
07-22 19:18:02.569 28269-1944/? W/System.err: addSampleData ====== video: false, size : 360, time : 254745520
07-22 19:18:02.579 28269-1944/? W/System.err: addSampleData ====== video: false, size : 357, time : 254760024
07-22 19:18:02.599 28269-1944/? W/System.err: addSampleData ====== video: false, size : 378, time : 254778643
07-22 19:18:02.639 28269-1944/? W/System.err: addSampleData ====== video: false, size : 355, time : 254816072
07-22 19:18:02.639 28269-1940/? W/System.err: addSampleData ====== video: true, size : 16, time : 254818261
07-22 19:18:02.679 28269-1944/? W/System.err: addSampleData ====== video: false, size : 373, time : 254846656
07-22 19:18:02.679 28269-1940/? W/System.err: addSampleData ====== video: true, size : 16, time : 254856241
07-22 19:18:02.679 28269-1944/? W/System.err: addSampleData ====== video: false, size : 346, time : 254858349
07-22 19:18:02.699 28269-1944/? W/System.err: addSampleData ====== video: false, size : 353, time : 254875576
07-22 19:18:02.719 28269-1944/? W/System.err: addSampleData ====== video: false, size : 359, time : 254901166
07-22 19:18:02.739 28269-1944/? W/System.err: addSampleData ====== video: false, size : 361, time : 254918610
07-22 19:18:02.749 28269-1940/? W/System.err: addSampleData ====== video: true, size : 254438, time : 254931644
07-22 19:18:02.759 28269-1944/? W/System.err: addSampleData ====== video: false, size : 355, time : 254937508
07-22 19:18:02.769 28269-1940/? W/System.err: addSampleData ====== video: true, size : 16122, time : 254949227
07-22 19:18:02.799 28269-1944/? W/System.err: addSampleData ====== video: false, size : 358, time : 254976353
07-22 19:18:02.819 28269-1944/? W/System.err: addSampleData ====== video: false, size : 363, time : 254995849
07-22 19:18:02.839 28269-1944/? W/System.err: addSampleData ====== video: false, size : 360, time : 255016026
07-22 19:18:02.839 2525-2570/? I/System.out: (HTTPLog)-Static: isSBSettingEnabled false
07-22 19:18:02.839 2525-2570/? I/System.out: (HTTPLog)-Static: isSBSettingEnabled false
07-22 19:18:02.839 400-2003/? D/EnterpriseController: netId is 0
07-22 19:18:02.839 400-2003/? D/Netd: getNetworkForDns: using netid 504 for uid 10133
07-22 19:18:02.859 28269-1944/? W/System.err: addSampleData ====== video: false, size : 365, time : 255040630
07-22 19:18:02.879 28269-1944/? W/System.err: addSampleData ====== video: false, size : 362, time : 255057850
07-22 19:18:02.899 28269-1944/? W/System.err: addSampleData ====== video: false, size : 358, time : 255078406
07-22 19:18:02.919 28269-1944/? W/System.err: addSampleData ====== video: false, size : 354, time : 255096613
07-22 19:18:02.949 28269-1940/? W/System.err: addSampleData ====== video: true, size : 23397, time : 255128663
07-22 19:18:02.969 28269-1944/? W/System.err: addSampleData ====== video: false, size : 360, time : 255147449
07-22 19:18:02.989 28269-1944/? W/System.err: addSampleData ====== video: false, size : 361, time : 255167090
07-22 19:18:02.999 1463-2170/? D/SensorService: [SO] 8.052 -0.420 5.376
07-22 19:18:03.009 28269-1944/? W/System.err: addSampleData ====== video: false, size : 360, time : 255188893
07-22 19:18:03.029 28269-1944/? W/System.err: addSampleData ====== video: false, size : 364, time : 255205552
07-22 19:18:03.039 28269-1940/? W/System.err: addSampleData ====== video: true, size : 28576, time : 255220751
07-22 19:18:03.049 28269-1944/? W/System.err: addSampleData ====== video: false, size : 356, time : 255228835
07-22 19:18:03.069 28269-1944/? W/System.err: addSampleData ====== video: false, size : 357, time : 255247520
07-22 19:18:03.089 28269-1944/? W/System.err: addSampleData ====== video: false, size : 359, time : 255269049
07-22 19:18:03.089 28269-1940/? W/System.err: addSampleData ====== video: true, size : 58683, time : 255272617
07-22 19:18:03.129 28269-1944/? W/System.err: addSampleData ====== video: false, size : 359, time : 255308285
07-22 19:18:03.149 28269-1944/? W/System.err: addSampleData ====== video: false, size : 361, time : 255329118
07-22 19:18:03.159 28269-1940/? W/System.err: addSampleData ====== video: true, size : 32177, time : 255337388
07-22 19:18:03.169 28269-1944/? W/System.err: addSampleData ====== video: false, size : 359, time : 255347905
07-22 19:18:03.179 2525-2588/? I/System.out: (HTTPLog)-Static: isSBSettingEnabled false
07-22 19:18:03.179 2525-2588/? I/System.out: (HTTPLog)-Static: isSBSettingEnabled false
07-22 19:18:03.189 28269-1944/? W/System.err: addSampleData ====== video: false, size : 363, time : 255366107
07-22 19:18:03.209 28269-1944/? W/System.err: addSampleData ====== video: false, size : 360, time : 255388614
07-22 19:18:03.209 28269-1940/? W/System.err: addSampleData ====== video: true, size : 48190, time : 255393744
07-22 19:18:03.229 28269-1944/? W/System.err: addSampleData ====== video: false, size : 360, time : 255406974
07-22 19:18:03.249 28269-1944/? W/System.err: addSampleData ====== video: false, size : 358, time : 255427467
07-22 19:18:03.259 28269-1940/? W/System.err: addSampleData ====== video: true, size : 49415, time : 255439511
07-22 19:18:03.289 28269-1944/? W/System.err: addSampleData ====== video: false, size : 364, time : 255466218
07-22 19:18:03.289 28269-1940/? W/System.err: addSampleData ====== video: true, size : 73972, time : 255469401
07-22 19:18:03.309 28269-1944/? W/System.err: addSampleData ====== video: false, size : 360, time : 255486273
07-22 19:18:03.329 28269-1944/? W/System.err: addSampleData ====== video: false, size : 359, time : 255505874
07-22 19:18:03.349 28269-1944/? W/System.err: addSampleData ====== video: false, size : 361, time : 255525771
07-22 19:18:03.369 28269-1944/? W/System.err: addSampleData ====== video: false, size : 380, time : 255549925
07-22 19:18:03.379 2525-2571/? I/System.out: (HTTPLog)-Static: isSBSettingEnabled false
07-22 19:18:03.379 2525-2571/? I/System.out: (HTTPLog)-Static: isSBSettingEnabled false
07-22 19:18:03.379 2525-2592/? I/System.out: (HTTPLog)-Static: isSBSettingEnabled false
07-22 19:18:03.379 2525-2592/? I/System.out: (HTTPLog)-Static: isSBSettingEnabled false
07-22 19:18:03.379 2525-2589/? I/System.out: (HTTPLog)-Static: isSBSettingEnabled false
07-22 19:18:03.379 2525-2589/? I/System.out: (HTTPLog)-Static: isSBSettingEnabled false
07-22 19:18:03.379 2525-2590/? I/System.out: (HTTPLog)-Static: isSBSettingEnabled false
07-22 19:18:03.379 2525-2590/? I/System.out: (HTTPLog)-Static: isSBSettingEnabled false
07-22 19:18:03.389 2525-2574/? I/System.out: (HTTPLog)-Static: isSBSettingEnabled false
07-22 19:18:03.389 2525-2574/? I/System.out: (HTTPLog)-Static: isSBSettingEnabled false
07-22 19:18:03.399 28269-1944/? W/System.err: addSampleData ====== video: false, size : 356, time : 255575155
07-22 19:18:03.409 28269-1944/? W/System.err: addSampleData ====== video: false, size : 350, time : 255590204
07-22 19:18:03.449 28269-1944/? W/System.err: addSampleData ====== video: false, size : 359, time : 255625669
07-22 19:18:03.469 28269-1944/? W/System.err: addSampleData ====== video: false, size : 364, time : 255646103
07-22 19:18:03.479 28269-1940/? W/System.err: addSampleData ====== video: true, size : 36654, time : 255654061
07-22 19:18:03.489 28269-1944/? W/System.err: addSampleData ====== video: false, size : 359, time : 255665687
07-22 19:18:03.499 1463-2191/? D/InputReader: Input event(4): value=1 when=34880737304000
07-22 19:18:03.499 1463-2191/? I/InputReader: Touch event's action is 0x0 (deviceType=0) [pCnt=1, s=0.4656 ] when=34880737304000
07-22 19:18:03.499 1463-2191/? D/InputReader: lastThreadEndTime = 34865927145657, currentThreadStartTime = 34865927150032, diff = 0
07-22 19:18:03.499 1463-2190/? I/InputDispatcher: Delivering touch to (2525): action: 0x0, toolType: 1
07-22 19:18:03.499 2525-2525/? D/ViewRootImpl: ViewPostImeInputStage processPointer 0
07-22 19:18:03.509 28269-1944/? W/System.err: addSampleData ====== video: false, size : 354, time : 255689094
07-22 19:18:03.529 28269-1944/? W/System.err: addSampleData ====== video: false, size : 361, time : 255706854
07-22 19:18:03.549 28269-1944/? W/System.err: addSampleData ====== video: false, size : 362, time : 255728274
07-22 19:18:03.549 28269-1940/? W/System.err: addSampleData ====== video: true, size : 129475, time : 255733215
07-22 19:18:03.569 28269-1944/? W/System.err: addSampleData ====== video: false, size : 367, time : 255746691
07-22 19:18:03.589 1463-2191/? D/InputReader: Input event(4): value=0 when=34880824865000
07-22 19:18:03.589 1463-2191/? I/InputReader: Touch event's action is 0x1 (deviceType=0) [pCnt=1, s=] when=34880824865000
07-22 19:18:03.589 1463-2190/? I/InputDispatcher: Delivering touch to (2525): action: 0x1, toolType: 1
07-22 19:18:03.589 2525-2525/? D/ViewRootImpl: ViewPostImeInputStage processPointer 1
07-22 19:18:03.619 28269-1944/? W/System.err: addSampleData ====== video: false, size : 355, time : 255797168
07-22 19:18:03.629 28269-1940/? W/System.err: addSampleData ====== video: true, size : 93637, time : 255811242
07-22 19:18:03.639 28269-1944/? W/System.err: addSampleData ====== video: false, size : 357, time : 255816236
07-22 19:18:03.669 28269-1944/? W/System.err: addSampleData ====== video: false, size : 351, time : 255843940
07-22 19:18:03.689 28269-1940/? W/System.err: addSampleData ====== video: true, size : 104201, time : 255860461
07-22 19:18:03.689 28269-1944/? W/System.err: addSampleData ====== video: false, size : 363, time : 255867065
07-22 19:18:03.709 28269-1944/? W/System.err: addSampleData ====== video: false, size : 364, time : 255886126
07-22 19:18:03.719 28269-1944/? W/System.err: addSampleData ====== video: false, size : 358, time : 255900115
07-22 19:18:03.739 28269-1944/? W/System.err: addSampleData ====== video: false, size : 364, time : 255919928
07-22 19:18:03.759 28269-1940/? W/System.err: addSampleData ====== video: true, size : 97900, time : 255935106
07-22 19:18:03.779 2525-2534/? W/art: Suspending all threads took: 14.967ms
07-22 19:18:03.779 28269-1944/? W/System.err: addSampleData ====== video: false, size : 355, time : 255958360
07-22 19:18:03.799 28269-1944/? W/System.err: addSampleData ====== video: false, size : 352, time : 255977073
07-22 19:18:03.809 2525-2534/? I/art: Background sticky concurrent mark sweep GC freed 7650(322KB) AllocSpace objects, 30(2MB) LOS objects, 17% free, 5MB/7MB, paused 16.361ms total 123.732ms
07-22 19:18:03.819 28269-1944/? W/System.err: addSampleData ====== video: false, size : 363, time : 255999421
07-22 19:18:03.839 28269-1940/? W/System.err: addSampleData ====== video: true, size : 13926, time : 256015725
07-22 19:18:03.839 28269-1944/? W/System.err: addSampleData ====== video: false, size : 363, time : 256020645
07-22 19:18:03.869 28269-1944/? W/System.err: addSampleData ====== video: false, size : 359, time : 256047507
07-22 19:18:03.879 28269-1944/? W/System.err: addSampleData ====== video: false, size : 360, time : 256059117
07-22 19:18:03.899 28269-1940/? W/System.err: addSampleData ====== video: true, size : 4965, time : 256081533
07-22 19:18:03.909 28269-1940/? W/System.err: addSampleData ====== video: true, size : 49797, time : 256085154
07-22 19:18:03.909 28269-1944/? W/System.err: addSampleData ====== video: false, size : 358, time : 256091296
07-22 19:18:03.939 28269-1944/? W/System.err: addSampleData ====== video: false, size : 361, time : 256115810
07-22 19:18:03.959 28269-1944/? W/System.err: addSampleData ====== video: false, size : 373, time : 256137528
07-22 19:18:03.959 28269-1940/? W/System.err: addSampleData ====== video: true, size : 116370, time : 256142423
07-22 19:18:03.979 28269-1944/? W/System.err: addSampleData ====== video: false, size : 358, time : 256156094
07-22 19:18:03.999 28269-1944/? W/System.err: addSampleData ====== video: false, size : 355, time : 256176355
07-22 19:18:03.999 400-2003/? D/EnterpriseController: netId is 0
07-22 19:18:03.999 400-2003/? D/Netd: getNetworkForDns: using netid 504 for uid 10133
07-22 19:18:04.019 28269-1944/? W/System.err: addSampleData ====== video: false, size : 357, time : 256198743
07-22 19:18:04.039 28269-1940/? W/System.err: addSampleData ====== video: true, size : 117048, time : 256218617
07-22 19:18:04.039 28269-1944/? W/System.err: addSampleData ====== video: false, size : 360, time : 256219787
07-22 19:18:04.059 28269-1944/? W/System.err: addSampleData ====== video: false, size : 363, time : 256241042
07-22 19:18:04.089 28269-1940/? W/System.err: addSampleData ====== video: true, size : 106295, time : 256266738
07-22 19:18:04.099 28269-1944/? W/System.err: addSampleData ====== video: false, size : 363, time : 256278883
07-22 19:18:04.119 28269-1944/? W/System.err: addSampleData ====== video: false, size : 357, time : 256297308
07-22 19:18:04.139 28269-1944/? W/System.err: addSampleData ====== video: false, size : 364, time : 256316389
07-22 19:18:04.159 28269-1944/? W/System.err: addSampleData ====== video: false, size : 356, time : 256338733
07-22 19:18:04.179 28269-1944/? W/System.err: addSampleData ====== video: false, size : 356, time : 256359227
07-22 19:18:04.199 28269-1940/? W/System.err: addSampleData ====== video: true, size : 113726, time : 256381553
07-22 19:18:04.219 28269-1940/? W/System.err: addSampleData ====== video: true, size : 100573, time : 256391844
07-22 19:18:04.219 28269-1944/? W/System.err: addSampleData ====== video: false, size : 365, time : 256392252
07-22 19:18:04.219 28269-1944/? W/System.err: addSampleData ====== video: false, size : 360, time : 256403631
07-22 19:18:04.249 28269-1940/? W/System.err: addSampleData ====== video: true, size : 124827, time : 256424988
07-22 19:18:04.269 28269-1944/? W/System.err: addSampleData ====== video: false, size : 358, time : 256449291
07-22 19:18:04.299 28269-1944/? W/System.err: addSampleData ====== video: false, size : 362, time : 256475828
07-22 19:18:04.309 28269-1944/? W/System.err: addSampleData ====== video: false, size : 358, time : 256485733
07-22 19:18:04.329 28269-1944/? W/System.err: addSampleData ====== video: false, size : 357, time : 256507281
07-22 19:18:04.329 1463-2191/? D/InputReader: Input event(4): value=1 when=34881566596000
07-22 19:18:04.329 1463-2191/? I/InputReader: Touch event's action is 0x0 (deviceType=0) [pCnt=1, s=0.4657 ] when=34881566596000
07-22 19:18:04.329 1463-2191/? D/InputReader: lastThreadEndTime = 34880825314401, currentThreadStartTime = 34880825318047, diff = 0
07-22 19:18:04.329 1463-2190/? I/InputDispatcher: Delivering touch to (28269): action: 0x0, toolType: 1
07-22 19:18:04.339 28269-28269/? D/ViewRootImpl: ViewPostImeInputStage processPointer 0
07-22 19:18:04.349 28269-1944/? W/System.err: addSampleData ====== video: false, size : 366, time : 256529407
07-22 19:18:04.359 28269-1940/? W/System.err: addSampleData ====== video: true, size : 114256, time : 256538927
07-22 19:18:04.369 28269-1940/? W/System.err: addSampleData ====== video: true, size : 62250, time : 256546793
07-22 19:18:04.379 28269-1944/? W/System.err: addSampleData ====== video: false, size : 358, time : 256561713
07-22 19:18:04.389 28269-1944/? W/System.err: addSampleData ====== video: false, size : 360, time : 256573255
07-22 19:18:04.429 28269-1944/? W/System.err: addSampleData ====== video: false, size : 353, time : 256606197
07-22 19:18:04.429 1463-2191/? D/InputReader: Input event(4): value=0 when=34881665153000
07-22 19:18:04.429 1463-2191/? I/InputReader: Touch event's action is 0x1 (deviceType=0) [pCnt=1, s=] when=34881665153000
07-22 19:18:04.429 1463-2190/? I/InputDispatcher: Delivering touch to (28269): action: 0x1, toolType: 1
07-22 19:18:04.429 28269-28269/? D/ViewRootImpl: ViewPostImeInputStage processPointer 1
07-22 19:18:04.449 28269-28269/? D/ViewRootImpl: #1 mView = android.widget.FrameLayout{c267490 V.E...C.. ......I. 0,0-0,0}
07-22 19:18:04.449 28269-1944/? W/System.err: addSampleData ====== video: false, size : 360, time : 256628192
07-22 19:18:04.449 1463-2716/? V/MARsPolicyManager: handelAlertToastWindowStarted pkgName = videoeditor.videorecorder.screenrecorder
07-22 19:18:04.459 28269-1940/? W/System.err: addSampleData ====== video: true, size : 71973, time : 256636629
07-22 19:18:04.459 28269-28269/? D/ViewRootImpl: #1 mView = android.widget.RelativeLayout{b43b189 V.E...... ......I. 0,0-0,0}
07-22 19:18:04.469 28269-1944/? W/System.err: addSampleData ====== video: false, size : 359, time : 256647302
07-22 19:18:04.469 1463-2397/? V/MARsPolicyManager: handelAlertToastWindowStarted pkgName = videoeditor.videorecorder.screenrecorder
07-22 19:18:04.499 28269-1944/? W/System.err: addSampleData ====== video: false, size : 360, time : 256672753
07-22 19:18:04.509 28269-1944/? W/System.err: addSampleData ====== video: false, size : 360, time : 256687546
07-22 19:18:04.519 28269-1940/? W/System.err: addSampleData ====== video: true, size : 92051, time : 256699565
07-22 19:18:04.529 347-347/? I/SurfaceFlinger: id=1748 createSurf (1x1),1 flag=4, 
07-22 19:18:04.539 28269-1944/? W/System.err: addSampleData ====== video: false, size : 362, time : 256715811
07-22 19:18:04.549 28269-1944/? W/System.err: addSampleData ====== video: false, size : 360, time : 256727568
07-22 19:18:04.549 2525-2534/? W/art: Suspending all threads took: 24.861ms
07-22 19:18:04.579 28269-1940/? W/System.err: addSampleData ====== video: true, size : 75400, time : 256756028
07-22 19:18:04.589 28269-1944/? W/System.err: addSampleData ====== video: false, size : 360, time : 256766685
07-22 19:18:04.609 28269-1944/? W/System.err: addSampleData ====== video: false, size : 363, time : 256787720
07-22 19:18:04.629 28269-1944/? W/System.err: addSampleData ====== video: false, size : 360, time : 256807464
07-22 19:18:04.639 28269-1940/? W/System.err: addSampleData ====== video: true, size : 22479, time : 256817951
07-22 19:18:04.649 28269-1944/? W/System.err: addSampleData ====== video: false, size : 356, time : 256825527
07-22 19:18:04.659 2525-2534/? I/art: Background partial concurrent mark sweep GC freed 57(1648B) AllocSpace objects, 56(6MB) LOS objects, 39% free, 6MB/11MB, paused 26.597ms total 208.561ms
07-22 19:18:04.659 347-347/? I/SurfaceFlinger: id=1749 createSurf (1x1),1 flag=4, 
07-22 19:18:04.679 28269-1944/? W/System.err: addSampleData ====== video: false, size : 357, time : 256857310
07-22 19:18:04.699 28269-1944/? W/System.err: addSampleData ====== video: false, size : 359, time : 256874402
07-22 19:18:04.709 28269-1944/? W/System.err: addSampleData ====== video: false, size : 362, time : 256889720
07-22 19:18:04.749 28269-1940/? W/System.err: addSampleData ====== video: true, size : 101761, time : 256926330
07-22 19:18:04.749 28269-1944/? W/System.err: addSampleData ====== video: false, size : 364, time : 256926553
07-22 19:18:04.769 28269-1944/? W/System.err: addSampleData ====== video: false, size : 359, time : 256947553
07-22 19:18:04.779 1463-3621/? V/WindowStateAnimator: Finishing drawing window Window{64000d8 u0 d0 videoeditor.videorecorder.screenrecorder}: mDrawState=DRAW_PENDING
07-22 19:18:04.789 28269-1944/? W/System.err: addSampleData ====== video: false, size : 360, time : 256966175
07-22 19:18:04.799 28269-1940/? W/System.err: addSampleData ====== video: true, size : 116282, time : 256980517
07-22 19:18:04.799 1463-1482/? V/WindowStateAnimator: Finishing drawing window Window{d4e5f16 u0 d0 videoeditor.videorecorder.screenrecorder}: mDrawState=DRAW_PENDING
07-22 19:18:04.809 28269-1944/? W/System.err: addSampleData ====== video: false, size : 357, time : 256985938
07-22 19:18:04.809 28269-28269/? D/ViewRootImpl: MSG_RESIZED_REPORT: ci=Rect(0, 0 - 0, 0) vi=Rect(0, 0 - 0, 0) or=2
07-22 19:18:04.809 28269-28269/? D/ViewRootImpl: MSG_RESIZED_REPORT: ci=Rect(0, 0 - 0, 0) vi=Rect(0, 0 - 0, 0) or=2
07-22 19:18:04.829 28269-1944/? W/System.err: addSampleData ====== video: false, size : 355, time : 257008116
07-22 19:18:04.829 1463-5030/? D/SSRM:n: SIOP:: AP = 520, PST = 494 (W:14), CP = 40, CUR = 19, LCD = 86
07-22 19:18:04.849 28269-1944/? W/System.err: addSampleData ====== video: false, size : 363, time : 257032040
07-22 19:18:04.869 28269-1944/? W/System.err: addSampleData ====== video: false, size : 368, time : 257047664
07-22 19:18:04.869 1463-1483/? V/WindowStateAnimator: Finishing drawing window Window{d4e5f16 u0 d0 videoeditor.videorecorder.screenrecorder}: mDrawState=HAS_DRAWN
07-22 19:18:04.869 1463-3597/? V/WindowStateAnimator: Finishing drawing window Window{64000d8 u0 d0 videoeditor.videorecorder.screenrecorder}: mDrawState=HAS_DRAWN
07-22 19:18:04.879 1463-5030/? D/ConnectivityService: returning getNetworkInfo for network type 1 : [type: WIFI[] - WIFI, state: CONNECTED/CONNECTED, reason: (unspecified), extra: "Xiaomi_B6CB", roaming: false, failover: false, isAvailable: true]
07-22 19:18:04.889 1463-2225/? V/NetworkStats: performPollLocked(flags=0x1)
07-22 19:18:04.889 1463-2225/? D/NtpTrustedTime: currentTimeMillis() cache hit
07-22 19:18:04.899 28269-1940/? W/System.err: addSampleData ====== video: true, size : 102811, time : 257078504
07-22 19:18:04.919 28269-1944/? W/System.err: addSampleData ====== video: false, size : 360, time : 257095505
07-22 19:18:04.939 28269-1944/? W/System.err: addSampleData ====== video: false, size : 357, time : 257118849
07-22 19:18:04.949 2525-2534/? W/art: Suspending all threads took: 5.231ms
07-22 19:18:04.959 2525-2534/? I/art: Background sticky concurrent mark sweep GC freed 73(1968B) AllocSpace objects, 39(4MB) LOS objects, 41% free, 6MB/11MB, paused 7.007ms total 32.573ms
07-22 19:18:04.959 28269-1944/? W/System.err: addSampleData ====== video: false, size : 358, time : 257137289
07-22 19:18:04.959 28269-1940/? W/System.err: addSampleData ====== video: true, size : 123645, time : 257140404
07-22 19:18:04.979 28269-1944/? W/System.err: addSampleData ====== video: false, size : 353, time : 257158703
07-22 19:18:04.999 28269-1944/? W/System.err: addSampleData ====== video: false, size : 354, time : 257182484
07-22 19:18:05.009 1463-2225/? D/NtpTrustedTime: currentTimeMillis() cache hit
07-22 19:18:05.009 1463-2225/? V/NetworkStats: performPollLocked() took 119ms
07-22 19:18:05.009 1463-2226/? D/NtpTrustedTime: currentTimeMillis() cache hit
07-22 19:18:05.019 28269-1944/? W/System.err: addSampleData ====== video: false, size : 366, time : 257199408
07-22 19:18:05.059 28269-1940/? W/System.err: addSampleData ====== video: true, size : 87112, time : 257234970
07-22 19:18:05.059 28269-1944/? W/System.err: addSampleData ====== video: false, size : 364, time : 257239174
07-22 19:18:05.079 28269-1944/? W/System.err: addSampleData ====== video: false, size : 365, time : 257255537
07-22 19:18:05.099 28269-1944/? W/System.err: addSampleData ====== video: false, size : 358, time : 257283401
07-22 19:18:05.109 28269-1940/? W/System.err: addSampleData ====== video: true, size : 106494, time : 257283430
07-22 19:18:05.119 28269-1944/? W/System.err: addSampleData ====== video: false, size : 360, time : 257299400
07-22 19:18:05.139 28269-1944/? W/System.err: addSampleData ====== video: false, size : 355, time : 257319807
07-22 19:18:05.159 1463-2226/? D/NtpTrustedTime: currentTimeMillis() cache hit
07-22 19:18:05.159 28269-1944/? W/System.err: addSampleData ====== video: false, size : 367, time : 257341005
07-22 19:18:05.179 28269-1944/? W/System.err: addSampleData ====== video: false, size : 364, time : 257362043
07-22 19:18:05.189 1463-1463/? D/CustomFrequencyManagerService: acquireDVFSLockLocked : type : DVFS_MIN_LIMIT  frequency : 1190400  uid : 1000  pid : 1463  pkgName : WIFI_TP@6
07-22 19:18:05.199 28269-1940/? W/System.err: addSampleData ====== video: true, size : 97819, time : 257375365
07-22 19:18:05.199 28269-1944/? W/System.err: addSampleData ====== video: false, size : 360, time : 257381426
07-22 19:18:05.239 28269-1944/? W/System.err: addSampleData ====== video: false, size : 360, time : 257417919
07-22 19:18:05.249 28269-1940/? W/System.err: addSampleData ====== video: true, size : 119180, time : 257426333
07-22 19:18:05.259 28269-1944/? W/System.err: addSampleData ====== video: false, size : 359, time : 257437806
07-22 19:18:05.279 28269-1944/? W/System.err: addSampleData ====== video: false, size : 354, time : 257458287
07-22 19:18:05.299 28269-1944/? W/System.err: addSampleData ====== video: false, size : 364, time : 257475788
07-22 19:18:05.319 28269-1944/? W/System.err: addSampleData ====== video: false, size : 359, time : 257498979
07-22 19:18:05.329 2525-2534/? I/art: Background partial concurrent mark sweep GC freed 69(1952B) AllocSpace objects, 63(7MB) LOS objects, 42% free, 5MB/9MB, paused 4.204ms total 183.620ms
07-22 19:18:05.339 28269-1944/? W/System.err: addSampleData ====== video: false, size : 355, time : 257523255
07-22 19:18:05.349 28269-1940/? W/System.err: addSampleData ====== video: true, size : 71913, time : 257527338
07-22 19:18:05.359 28269-1944/? W/System.err: addSampleData ====== video: false, size : 361, time : 257543362
07-22 19:18:05.399 28269-1944/? W/System.err: addSampleData ====== video: false, size : 358, time : 257577214
07-22 19:18:05.419 28269-1944/? W/System.err: addSampleData ====== video: false, size : 355, time : 257597086
07-22 19:18:05.449 28269-1940/? W/System.err: addSampleData ====== video: true, size : 114358, time : 257622215
07-22 19:18:05.449 28269-1944/? W/System.err: addSampleData ====== video: false, size : 362, time : 257623452
07-22 19:18:05.459 28269-1944/? W/System.err: addSampleData ====== video: false, size : 362, time : 257637253
07-22 19:18:05.479 28269-1944/? W/System.err: addSampleData ====== video: false, size : 365, time : 257659767
07-22 19:18:05.499 28269-1944/? W/System.err: addSampleData ====== video: false, size : 357, time : 257678423
07-22 19:18:05.519 28269-1940/? W/System.err: addSampleData ====== video: true, size : 114487, time : 257698297
07-22 19:18:05.529 28269-1944/? W/System.err: addSampleData ====== video: false, size : 359, time : 257707919
07-22 19:18:05.569 28269-1944/? W/System.err: addSampleData ====== video: false, size : 359, time : 257746769
07-22 19:18:05.589 28269-1944/? W/System.err: addSampleData ====== video: false, size : 364, time : 257766460
07-22 19:18:05.609 28269-1944/? W/System.err: addSampleData ====== video: false, size : 360, time : 257787067
07-22 19:18:05.619 28269-1940/? W/System.err: addSampleData ====== video: true, size : 121284, time : 257796342
07-22 19:18:05.629 28269-1944/? W/System.err: addSampleData ====== video: false, size : 359, time : 257806920
07-22 19:18:05.649 28269-1944/? W/System.err: addSampleData ====== video: false, size : 351, time : 257831403
07-22 19:18:05.669 28269-1944/? W/System.err: addSampleData ====== video: false, size : 366, time : 257847070
07-22 19:18:05.699 28269-1944/? W/System.err: addSampleData ====== video: false, size : 363, time : 257875046
07-22 19:18:05.729 28269-1944/? W/System.err: addSampleData ====== video: false, size : 358, time : 257908183
07-22 19:18:05.729 28269-1940/? W/System.err: addSampleData ====== video: true, size : 70809, time : 257909992
07-22 19:18:05.749 28269-1944/? W/System.err: addSampleData ====== video: false, size : 364, time : 257928313
07-22 19:18:05.749 2525-2534/? I/art: Background partial concurrent mark sweep GC freed 57(1616B) AllocSpace objects, 44(4MB) LOS objects, 44% free, 4MB/8MB, paused 5.189ms total 51.660ms
07-22 19:18:05.769 28269-1944/? W/System.err: addSampleData ====== video: false, size : 365, time : 257947801
07-22 19:18:05.789 28269-1944/? W/System.err: addSampleData ====== video: false, size : 358, time : 257966381
07-22 19:18:05.809 28269-1944/? W/System.err: addSampleData ====== video: false, size : 365, time : 257989215
07-22 19:18:05.819 28269-1940/? W/System.err: addSampleData ====== video: true, size : 121545, time : 258000179
07-22 19:18:05.829 28269-1944/? W/System.err: addSampleData ====== video: false, size : 350, time : 258007159
07-22 19:18:05.849 28269-1944/? W/System.err: addSampleData ====== video: false, size : 353, time : 258027163
07-22 19:18:05.889 28269-1944/? W/System.err: addSampleData ====== video: false, size : 363, time : 258067377
07-22 19:18:05.889 28269-1940/? W/System.err: addSampleData ====== video: true, size : 103420, time : 258070726
07-22 19:18:05.909 28269-1944/? W/System.err: addSampleData ====== video: false, size : 363, time : 258088664
07-22 19:18:05.929 28269-1944/? W/System.err: addSampleData ====== video: false, size : 360, time : 258105728
07-22 19:18:05.949 28269-1944/? W/System.err: addSampleData ====== video: false, size : 362, time : 258127562
07-22 19:18:05.969 28269-1944/? W/System.err: addSampleData ====== video: false, size : 364, time : 258146740
07-22 19:18:05.979 28269-1940/? W/System.err: addSampleData ====== video: true, size : 121290, time : 258159140
07-22 19:18:05.989 28269-1944/? W/System.err: addSampleData ====== video: false, size : 358, time : 258173211
07-22 19:18:06.009 28269-1944/? W/System.err: addSampleData ====== video: false, size : 358, time : 258189826
07-22 19:18:06.049 28269-1944/? W/System.err: addSampleData ====== video: false, size : 358, time : 258225337
07-22 19:18:06.049 1463-2191/? D/InputReader: Input event(4): value=1 when=34883287956000
07-22 19:18:06.049 1463-2191/? I/InputReader: Touch event's action is 0x0 (deviceType=0) [pCnt=1, s=0.4658 ] when=34883287956000
07-22 19:18:06.049 1463-2191/? D/InputReader: lastThreadEndTime = 34881665644974, currentThreadStartTime = 34881665649921, diff = 0
07-22 19:18:06.049 1463-2190/? I/InputDispatcher: Delivering touch to (28269): action: 0x0, toolType: 1
07-22 19:18:06.049 28269-28269/? D/ViewRootImpl: ViewPostImeInputStage processPointer 0
07-22 19:18:06.069 28269-1944/? W/System.err: addSampleData ====== video: false, size : 358, time : 258247469
07-22 19:18:06.089 28269-1940/? W/System.err: addSampleData ====== video: true, size : 96274, time : 258265159
07-22 19:18:06.099 28269-1944/? W/System.err: addSampleData ====== video: false, size : 355, time : 258278449
07-22 19:18:06.119 28269-1944/? W/System.err: addSampleData ====== video: false, size : 362, time : 258300742
07-22 19:18:06.129 28269-1944/? W/System.err: addSampleData ====== video: false, size : 369, time : 258308814
07-22 19:18:06.139 2525-2534/? W/art: Suspending all threads took: 36.807ms
07-22 19:18:06.149 28269-1944/? W/System.err: addSampleData ====== video: false, size : 355, time : 258332860
07-22 19:18:06.179 28269-1940/? W/System.err: addSampleData ====== video: true, size : 104440, time : 258353937
07-22 19:18:06.179 28269-1944/? W/System.err: addSampleData ====== video: false, size : 360, time : 258362957
07-22 19:18:06.179 1463-2191/? D/InputReader: Input event(4): value=0 when=34883419536000
07-22 19:18:06.179 1463-2191/? I/InputReader: Touch event's action is 0x1 (deviceType=0) [pCnt=1, s=] when=34883419536000
07-22 19:18:06.189 1463-2190/? I/InputDispatcher: Delivering touch to (28269): action: 0x1, toolType: 1
07-22 19:18:06.189 28269-28269/? D/ViewRootImpl: ViewPostImeInputStage processPointer 1
07-22 19:18:06.189 1463-1463/? D/CustomFrequencyManagerService: releaseDVFSLockLocked : Getting Lock type frm List : DVFS_MIN_LIMIT  frequency : 1190400  uid : 1000  pid : 1463  tag : WIFI_TP@6
07-22 19:18:06.189 1463-1463/? D/CustomFrequencyManagerService: acquireDVFSLockLocked : type : DVFS_MIN_LIMIT  frequency : 1190400  uid : 1000  pid : 1463  pkgName : WIFI_TP@6
07-22 19:18:06.199 2525-2534/? I/art: Background partial concurrent mark sweep GC freed 43(1216B) AllocSpace objects, 42(4MB) LOS objects, 43% free, 5MB/9MB, paused 38.216ms total 149.722ms
07-22 19:18:06.219 28269-1944/? W/System.err: addSampleData ====== video: false, size : 354, time : 258398874
07-22 19:18:06.239 28269-1944/? W/System.err: addSampleData ====== video: false, size : 363, time : 258419002
07-22 19:18:06.249 28269-1940/? W/System.err: addSampleData ====== video: true, size : 114604, time : 258427302
07-22 19:18:06.259 28269-1967/? E/AudioRecord-JNI: Error -4 during AudioRecord native read
07-22 19:18:06.269 414-2193/? I/APM::AudioPolicyManager: stopInput() input 587
07-22 19:18:06.279 414-1970/? V/audio_hw_primary: in_set_parameters: enter: kvpairs=routing=0
07-22 19:18:06.279 414-1970/? V/audio_hw_primary: in_set_parameters: exit: status(0)
07-22 19:18:06.279 414-1970/? V/audio_hw_primary: in_standby: enter
07-22 19:18:06.309 1463-2225/? V/NetworkStats: performPollLocked(flags=0x1)
07-22 19:18:06.309 1463-2225/? D/NtpTrustedTime: currentTimeMillis() cache hit
07-22 19:18:06.319 414-1970/? V/audio_hw_primary: stop_input_stream: enter: usecase(7: audio-record)
07-22 19:18:06.319 414-1970/? V/audio_hw_primary: disable_audio_route: enter: usecase(7)
07-22 19:18:06.319 414-1970/? V/audio_hw_primary: disable_audio_route: reset mixer path: audio-record
07-22 19:18:06.319 414-1970/? D/audio_route: ++++ audio_route_update_mixer ==============
07-22 19:18:06.319 414-1970/? D/audio_route: Setting mixer control: MultiMedia1 Mixer TERT_MI2S_TX, value: 0
07-22 19:18:06.319 414-1970/? D/audio_route: ------ audio_route_update_mixer ==============
07-22 19:18:06.319 414-1970/? V/audio_hw_primary: disable_audio_route: exit
07-22 19:18:06.319 414-1970/? D/hardware_info: hw_info_append_hw_type : device_name = rec-main-mic
07-22 19:18:06.319 414-1970/? V/audio_hw_primary: disable_snd_device: snd_device(152: rec-main-mic)
07-22 19:18:06.319 414-1970/? D/audio_route: ++++ audio_route_update_path ==============
07-22 19:18:06.319 414-1970/? D/audio_route: Setting mixer control: ADC1 Volume, value: 13
07-22 19:18:06.319 414-1970/? D/audio_route: Setting mixer control: DEC1 Volume, value: 84
07-22 19:18:06.319 414-1970/? D/audio_route: Setting mixer control: DEC1 MUX, value: 0
07-22 19:18:06.319 414-1970/? D/audio_route: ---- audio_route_update_path ==============
07-22 19:18:06.319 414-1970/? V/audio_hw_primary: stop_input_stream: exit: status(0)
07-22 19:18:06.319 414-1970/? V/audio_hw_primary: in_standby: exit:  status(0)
07-22 19:18:06.339 28269-1946/? I/ACodec: [OMX.qcom.video.encoder.avc] Now Executing->Idle
07-22 19:18:06.349 28269-28279/? E/BufferQueueProducer: [SurfaceTexture-1-28269-16] dequeueBuffer: BufferQueue has been abandoned
07-22 19:18:06.349 347-347/? W/Adreno-EGLSUB: <DequeueBuffer:721>: dequeue native buffer fail: No such device, buffer=0x0, handle=0x0
07-22 19:18:06.349 347-347/? W/Adreno-EGL: <qeglDrvAPI_eglSwapBuffers:3800>: EGL_BAD_SURFACE
07-22 19:18:06.349 347-347/? E/SurfaceFlinger: eglSwapBuffers(0x1, 0xb8fcc348) failed with 0x0000300d
07-22 19:18:06.369 414-2023/? W/GraphicBufferSource: Dropped back down to Loaded without Executing
07-22 19:18:06.389 1463-1482/? I/DisplayManagerService: Display device removed: DisplayDeviceInfo{"Capturing Display": uniqueId="virtual:videoeditor.videorecorder.screenrecorder,10306,Capturing Display,0", 720 x 1280, modeId 16, defaultModeId 16, supportedModes [{id=16, width=720, height=1280, fps=60.0}], colorTransformId 0, defaultColorTransformId 0, supportedColorTransforms [], density 1, 1.0 x 1.0 dpi, appVsyncOff 0, presDeadline 16666666, touch NONE, rotation 0, fixedOrientation -1, type VIRTUAL, state ON, owner videoeditor.videorecorder.screenrecorder (uid 10306), FLAG_PRIVATE, FLAG_PRESENTATION}
07-22 19:18:06.409 28269-1946/? I/ACodec: [OMX.qcom.video.encoder.avc] Now Idle->Loaded
07-22 19:18:06.409 28269-1946/? I/ACodec: [OMX.qcom.video.encoder.avc] Now Loaded
07-22 19:18:06.409 28269-1946/? I/ACodec:  [OMX.qcom.video.encoder.avc] Now kWhatShutdownCompleted event : 7021
07-22 19:18:06.409 28269-1945/? I/MediaCodec: Codec shutdown complete
07-22 19:18:06.419 28269-1832/? E/BufferQueueProducer: [SurfaceTexture-1-28269-16] dequeueBuffer: BufferQueue has been abandoned
07-22 19:18:06.419 347-347/? W/Adreno-EGLSUB: <DequeueBuffer:721>: dequeue native buffer fail: No such device, buffer=0x0, handle=0x0
07-22 19:18:06.419 347-347/? W/Adreno-EGL: <qeglDrvAPI_eglSwapBuffers:3800>: EGL_BAD_SURFACE
07-22 19:18:06.419 347-347/? E/SurfaceFlinger: eglSwapBuffers(0x1, 0xb8fcc348) failed with 0x0000300d
07-22 19:18:06.429 414-14199/? V/audio_hw_primary: adev_close_input_stream
07-22 19:18:06.429 414-14199/? V/audio_hw_primary: in_standby: enter
07-22 19:18:06.429 414-14199/? V/audio_hw_primary: in_standby: exit:  status(0)
07-22 19:18:06.429 414-2192/? I/OMX-VENC: Component Deinit
07-22 19:18:06.449 28269-1946/? I/ACodec:  [OMX.qcom.video.encoder.avc] Now uninitialized
07-22 19:18:06.459 28269-1967/? E/MediaAudioEncoder: AudioThread#run
    java.lang.IllegalStateException
        at android.media.AudioRecord.native_stop(Native Method)
        at android.media.AudioRecord.stop(AudioRecord.java:1002)
        at aqz$a.run(SourceFile:245)
07-22 19:18:06.469 28269-1951/? I/ACodec: [OMX.google.aac.encoder] Now Executing->Idle
07-22 19:18:06.469 28269-1951/? I/ACodec: [OMX.google.aac.encoder] Now Idle->Loaded
07-22 19:18:06.469 28269-1951/? I/ACodec: [OMX.google.aac.encoder] Now Loaded
07-22 19:18:06.469 28269-1951/? I/ACodec:  [OMX.google.aac.encoder] Now kWhatShutdownCompleted event : 7021
07-22 19:18:06.469 28269-1951/? I/MediaCodec: Codec shutdown complete
07-22 19:18:06.479 28269-1946/? I/ACodec:  [] Now kWhatShutdownCompleted event : 7021
07-22 19:18:06.489 28269-1951/? I/ACodec:  [OMX.google.aac.encoder] Now uninitialized
07-22 19:18:06.489 28269-1945/? I/MediaCodec: Codec shutdown complete
07-22 19:18:06.499 28269-1940/? I/MediaEncoder: ===cus----=release
07-22 19:18:06.529 28269-1951/? I/ACodec:  [] Now kWhatShutdownCompleted event : 7021
07-22 19:18:06.529 28269-1951/? I/MediaCodec: Codec shutdown complete
07-22 19:18:06.529 1463-2225/? D/NtpTrustedTime: currentTimeMillis() cache hit
07-22 19:18:06.529 1463-2225/? V/NetworkStats: performPollLocked() took 222ms
07-22 19:18:06.539 28269-28269/? D/ViewRootImpl: #3 mView = null
07-22 19:18:06.539 347-1516/? I/SurfaceFlinger: id=1748 Removed  (8/15)
07-22 19:18:06.539 28269-1944/? D/MPEG4Writer: Video track stopping
07-22 19:18:06.539 347-484/? I/SurfaceFlinger: id=1748 Removed  (-2/15)
07-22 19:18:06.539 28269-1944/? D/MPEG4Writer: Video track source stopping
07-22 19:18:06.539 28269-1944/? D/MPEG4Writer: Video track source stopped
07-22 19:18:06.539 28269-1976/? W/MPEG4Writer: 0-duration samples found: 3
07-22 19:18:06.539 28269-1976/? I/MPEG4Writer: Received total/0-length (11086/0) buffers and encoded 11086 frames. - Audio
07-22 19:18:06.539 28269-1976/? I/MPEG4Writer: Audio track drift time: 0 us
07-22 19:18:06.549 28269-1975/? I/MPEG4Writer: Received total/0-length (3224/0) buffers and encoded 3224 frames. - Video
07-22 19:18:06.549 28269-1944/? D/MPEG4Writer: Video track stopped
07-22 19:18:06.549 28269-1944/? D/MPEG4Writer: Audio track stopping
07-22 19:18:06.549 28269-1944/? D/MPEG4Writer: Audio track source stopping
07-22 19:18:06.549 28269-1944/? D/MPEG4Writer: Audio track source stopped
07-22 19:18:06.549 28269-1944/? D/MPEG4Writer: Audio track stopped
07-22 19:18:06.549 28269-1944/? D/MPEG4Writer: Duration from tracks range is [257340650, 257413650] us
07-22 19:18:06.549 28269-1944/? D/MPEG4Writer: Stopping writer thread
07-22 19:18:06.559 1463-2226/? D/NtpTrustedTime: currentTimeMillis() cache hit
07-22 19:18:06.569 28269-1974/? D/MPEG4Writer: 0 chunks are written in the last batch
07-22 19:18:06.569 28269-1944/? D/MPEG4Writer: Writer thread stopped
07-22 19:18:06.569 28269-28269/? D/ViewRootImpl: #3 mView = null
07-22 19:18:06.579 347-10312/? I/SurfaceFlinger: id=1749 Removed  (8/14)
07-22 19:18:06.579 347-484/? I/SurfaceFlinger: id=1749 Removed  (-2/14)
07-22 19:18:06.609 1463-1673/? D/ApplicationPolicy: isStatusBarNotificationAllowedAsUser: packageName = videoeditor.videorecorder.screenrecorder,userId = 0
07-22 19:18:06.619 1463-1463/? D/MARsPolicyManager: NotificationListenerService OngoingNotificationPosted : videoeditor.videorecorder.screenrecorder
07-22 19:18:06.619 2294-2294/? D/PhoneStatusBar: setAreThereNotifications: N=3 any=true clearable=true
07-22 19:18:06.639 2294-2294/? D/NotificationStackScrollLayout:  scroll range should be extended : 756
07-22 19:18:06.689 28269-1944/? I/MPEG4Writer: The mp4 file will not be streamable.
07-22 19:18:06.689 28269-1944/? D/MPEG4Writer: Video track stopping
07-22 19:18:06.699 28269-1944/? D/MPEG4Writer: Audio track stopping
07-22 19:18:06.719 32652-32652/? D/MediaScannerReceiver: action: android.intent.action.MEDIA_SCANNER_SCAN_FILE
07-22 19:18:06.719 1463-1673/? V/BroadcastQueue: [background] Process cur broadcast BroadcastRecord{6205284 u0 android.intent.action.MEDIA_SCANNER_SCAN_FILE qIdx=4}, state= (APP_RECEIVE) DELIVERED for app ProcessRecord{8e12f9d 32652:android.process.media/u0a35}
07-22 19:18:06.739 1463-2226/? D/NtpTrustedTime: currentTimeMillis() cache hit
07-22 19:18:06.799 2525-2572/? I/System.out: (HTTPLog)-Static: isSBSettingEnabled false
07-22 19:18:06.799 2525-2572/? I/System.out: (HTTPLog)-Static: isSBSettingEnabled false
07-22 19:18:06.929 2525-2573/? I/System.out: (HTTPLog)-Static: isSBSettingEnabled false
07-22 19:18:06.929 2525-2573/? I/System.out: (HTTPLog)-Static: isSBSettingEnabled false
07-22 19:18:06.959 1463-1483/? D/ResourcesManager: For user 0 new overlays fetched Null
07-22 19:18:06.959 1463-1483/? D/CustomFrequencyManagerService: acquireDVFSLockLocked : type : DVFS_MIN_LIMIT  frequency : 1190400  uid : 1000  pid : 1463  pkgName : ACTIVITY_RESUME_BOOSTER@7
07-22 19:18:06.969 1463-1483/? D/ActivityManager: mDVFSHelper.acquire()
07-22 19:18:06.989 1463-1483/? V/WindowManager: addAppToken: AppWindowToken{2eb6f33 token=Token{84956a2 ActivityRecord{aff8a6d u0 videoeditor.videorecorder.screenrecorder/com.inshot.screenrecorder.activities.RecordResultDialogActivity t944}}} to stack=1 task=944 at 0
07-22 19:18:07.039 1463-1483/? D/InputDispatcher: Focused application set to: xxxx
07-22 19:18:07.049 1463-1483/? D/InputDispatcher: Focus left window: 2525
07-22 19:18:07.049 1463-1755/? D/PointerIcon: setMouseIconStyle1 pointerType: 1001 iconType:101 flag:0 pid:1463 uid:1000
07-22 19:18:07.049 1463-1755/? D/PointerIcon: setMouseCustomIcon IconType is same.101
07-22 19:18:07.139 3179-2604/? I/System.out: (HTTPLog)-Static: isSBSettingEnabled false
07-22 19:18:07.139 3179-2604/? I/System.out: (HTTPLog)-Static: isSBSettingEnabled false
07-22 19:18:07.159 3179-2604/? I/qtaguid: Tagging socket 216 with tag 3000020000000000{805306880,0} for uid 10011, pid: 3179, getuid(): 10011
07-22 19:18:07.199 1463-1463/? D/CustomFrequencyManagerService: releaseDVFSLockLocked : Getting Lock type frm List : DVFS_MIN_LIMIT  frequency : 1190400  uid : 1000  pid : 1463  tag : WIFI_TP@6
07-22 19:18:07.199 1463-1463/? D/CustomFrequencyManagerService: acquireDVFSLockLocked : type : DVFS_MIN_LIMIT  frequency : 1190400  uid : 1000  pid : 1463  pkgName : WIFI_TP@6
07-22 19:18:07.209 1463-2344/? V/AlarmManager:  remove PendingIntent] PendingIntent{71d6e1c: PendingIntentRecord{5526eff com.google.android.gms broadcastIntent}}
07-22 19:18:07.229 28269-1944/? D/EventBus: No subscribers registered for event class apm
07-22 19:18:07.229 28269-1944/? D/EventBus: No subscribers registered for event class org.greenrobot.eventbus.g
07-22 19:18:07.239 28269-1944/? I/MediaEncoder: ===cus----=release
07-22 19:18:07.239 1463-1673/? V/BroadcastQueue: [background] Process cur broadcast BroadcastRecord{4bc9a25 u0 com.google.android.gms.gcm.ACTION_SCHEDULE qIdx=4}, state= (APP_RECEIVE) DELIVERED for app ProcessRecord{2145ef7 2612:com.google.android.gms.persistent/u0a11}
07-22 19:18:07.249 1463-1673/? V/BroadcastQueue: [background] Process cur broadcast BroadcastRecord{8e317fa u0 com.google.android.gms.gcm.ACTION_SCHEDULE qIdx=4}, state= (APP_RECEIVE) DELIVERED for app ProcessRecord{2145ef7 2612:com.google.android.gms.persistent/u0a11}
07-22 19:18:07.259 2525-2534/? W/art: Suspending all threads took: 67.064ms
07-22 19:18:07.269 1463-6077/? I/Sensors: AccelerometerSensor(0) setDelay : 66000000(ns)
07-22 19:18:07.289 2525-2570/? I/System.out: (HTTPLog)-Static: isSBSettingEnabled false
07-22 19:18:07.289 2525-2570/? I/System.out: (HTTPLog)-Static: isSBSettingEnabled false
07-22 19:18:07.309 3179-2604/? I/qtaguid: Untagging socket 216
07-22 19:18:07.309 1463-3407/? D/ActivityManager:  Launching videoeditor.videorecorder.screenrecorder, updated priority
07-22 19:18:07.319 1463-3613/? V/AlarmManager:  remove PendingIntent] PendingIntent{f5b91ab: PendingIntentRecord{5172a25 com.google.android.gms broadcastIntent}}
07-22 19:18:07.339 1463-2226/? D/NetworkPolicy: isUidForegroundLocked: 10306, mScreenOn: true, uidstate: 2, mProxSensorScreenOff: false
07-22 19:18:07.339 1463-2226/? D/NetworkPolicy: isUidForegroundLocked: 10022, mScreenOn: true, uidstate: 2, mProxSensorScreenOff: false
07-22 19:18:07.339 1463-5030/? D/O: limitCPUFreq:: freq = -1
07-22 19:18:07.349 1463-5030/? D/CustomFrequencyManagerService: releaseDVFSLockLocked : Getting Lock type frm List : DVFS_MAX_LIMIT  frequency : 998400  uid : 1000  pid : 1463  tag : SIOP_ARM_MAX@22
07-22 19:18:07.359 1463-5030/? D/O: limitGPUFreq:: freq = -1
07-22 19:18:07.369 414-2014/? I/APM::AudioPolicyManager: stopOutput() output 2, stream 3, session 592
07-22 19:18:07.379 2612-12098/? E/SQLiteDatabase: Error inserting service_kind=0 source=16 tag=Measurement.PackageMeasurementTaskService.UPLOAD_TASK_TAG requires_charging=0 target_package=com.google.android.gms source_version=202614000 required_network_type=0 flex_time=2206000 persistence_level=1 target_class=com.google.android.gms.measurement.PackageMeasurementTaskService runtime=1595434687274 retry_strategy={"maximum_backoff_seconds":{"3600":0},"initial_backoff_seconds":{"30":0},"retry_policy":{"0":0}} preferred_network_type=1 required_idleness_state=0 preferred_charging_state=1 last_runtime=0 period=4413000 task_type=0 job_id=-1 user_id=0
    android.database.sqlite.SQLiteConstraintException: UNIQUE constraint failed: pending_ops.tag, pending_ops.target_class, pending_ops.target_package, pending_ops.user_id (code 2067)
    #################################################################
    Error Code : 2067 (SQLITE_CONSTRAINT_UNIQUE)
    Caused By : Abort due to constraint violation.
    	(UNIQUE constraint failed: pending_ops.tag, pending_ops.target_class, pending_ops.target_package, pending_ops.user_id (code 2067))
