07-22 19:17:35.939 28269-1944/? W/System.err: addSampleData ====== video: false, size : 364, time : 228119608
07-22 19:17:35.979 28269-1944/? W/System.err: addSampleData ====== video: false, size : 365, time : 228156995
07-22 19:17:35.979 28269-1940/? W/System.err: addSampleData ====== video: true, size : 12005, time : 228163983
07-22 19:17:35.999 28269-1944/? W/System.err: addSampleData ====== video: false, size : 342, time : 228178543
07-22 19:17:36.019 28269-1944/? W/System.err: addSampleData ====== video: false, size : 358, time : 228197296
07-22 19:17:36.039 28269-1944/? W/System.err: addSampleData ====== video: false, size : 349, time : 228216738
07-22 19:17:36.059 28269-1940/? W/System.err: addSampleData ====== video: true, size : 11722, time : 228235568
07-22 19:17:36.059 28269-1944/? W/System.err: addSampleData ====== video: false, size : 355, time : 228241138
07-22 19:17:36.089 28269-1944/? W/System.err: addSampleData ====== video: false, size : 355, time : 228266935
07-22 19:17:36.099 1463-3407/? V/WindowStateAnimator: Finishing drawing window Window{ebbb758 u0 d0 videoeditor.videorecorder.screenrecorder}: mDrawState=DRAW_PENDING
07-22 19:17:36.099 1463-3269/? V/WindowStateAnimator: Finishing drawing window Window{d53996 u0 d0 videoeditor.videorecorder.screenrecorder}: mDrawState=DRAW_PENDING
07-22 19:17:36.109 28269-28269/? D/ViewRootImpl: MSG_RESIZED_REPORT: ci=Rect(0, 0 - 0, 0) vi=Rect(0, 0 - 0, 0) or=2
07-22 19:17:36.109 28269-28269/? D/ViewRootImpl: MSG_RESIZED_REPORT: ci=Rect(0, 0 - 0, 0) vi=Rect(0, 0 - 0, 0) or=2
07-22 19:17:36.109 28269-1944/? W/System.err: addSampleData ====== video: false, size : 358, time : 228292967
07-22 19:17:36.149 28269-1944/? W/System.err: addSampleData ====== video: false, size : 370, time : 228328006
07-22 19:17:36.149 28269-1940/? W/System.err: addSampleData ====== video: true, size : 9991, time : 228331352
07-22 19:17:36.169 28269-1944/? W/System.err: addSampleData ====== video: false, size : 360, time : 228346676
07-22 19:17:36.189 28269-1944/? W/System.err: addSampleData ====== video: false, size : 350, time : 228365821
07-22 19:17:36.209 28269-1944/? W/System.err: addSampleData ====== video: false, size : 350, time : 228385799
07-22 19:17:36.229 1463-1482/? V/WindowStateAnimator: Finishing drawing window Window{d53996 u0 d0 videoeditor.videorecorder.screenrecorder}: mDrawState=HAS_DRAWN
07-22 19:17:36.229 1463-3269/? V/WindowStateAnimator: Finishing drawing window Window{ebbb758 u0 d0 videoeditor.videorecorder.screenrecorder}: mDrawState=HAS_DRAWN
07-22 19:17:36.229 28269-1944/? W/System.err: addSampleData ====== video: false, size : 357, time : 228411414
07-22 19:17:36.249 28269-1944/? W/System.err: addSampleData ====== video: false, size : 354, time : 228430150
07-22 19:17:36.269 28269-1944/? W/System.err: addSampleData ====== video: false, size : 362, time : 228447674
07-22 19:17:36.289 28269-1940/? W/System.err: addSampleData ====== video: true, size : 1881, time : 228469555
07-22 19:17:36.309 28269-1944/? W/System.err: addSampleData ====== video: false, size : 358, time : 228487533
07-22 19:17:36.329 28269-1944/? W/System.err: addSampleData ====== video: false, size : 359, time : 228505309
07-22 19:17:36.349 28269-1944/? W/System.err: addSampleData ====== video: false, size : 375, time : 228525868
07-22 19:17:36.369 28269-1944/? W/System.err: addSampleData ====== video: false, size : 425, time : 228546082
07-22 19:17:36.389 28269-1944/? W/System.err: addSampleData ====== video: false, size : 325, time : 228568130
07-22 19:17:36.399 28269-1940/? W/System.err: addSampleData ====== video: true, size : 1690, time : 228582173
07-22 19:17:36.409 28269-1944/? W/System.err: addSampleData ====== video: false, size : 340, time : 228589692
07-22 19:17:36.439 28269-1944/? W/System.err: addSampleData ====== video: false, size : 342, time : 228617157
07-22 19:17:36.469 28269-1944/? W/System.err: addSampleData ====== video: false, size : 361, time : 228645221
07-22 19:17:36.489 28269-1944/? W/System.err: addSampleData ====== video: false, size : 354, time : 228665953
07-22 19:17:36.509 28269-1944/? W/System.err: addSampleData ====== video: false, size : 349, time : 228685880
07-22 19:17:36.509 28269-1940/? W/System.err: addSampleData ====== video: true, size : 9197, time : 228693627
07-22 19:17:36.529 28269-1944/? W/System.err: addSampleData ====== video: false, size : 358, time : 228708921
07-22 19:17:36.549 28269-1944/? W/System.err: addSampleData ====== video: false, size : 357, time : 228726463
07-22 19:17:36.569 28269-1944/? W/System.err: addSampleData ====== video: false, size : 361, time : 228746041
07-22 19:17:36.589 28269-1944/? W/System.err: addSampleData ====== video: false, size : 355, time : 228767775
07-22 19:17:36.589 28269-1940/? W/System.err: addSampleData ====== video: true, size : 5366, time : 228773117
07-22 19:17:36.629 28269-1944/? W/System.err: addSampleData ====== video: false, size : 372, time : 228806812
07-22 19:17:36.649 28269-1944/? W/System.err: addSampleData ====== video: false, size : 369, time : 228826888
07-22 19:17:36.649 28269-1940/? W/System.err: addSampleData ====== video: true, size : 5069, time : 228830163
07-22 19:17:36.669 28269-1944/? W/System.err: addSampleData ====== video: false, size : 400, time : 228846646
07-22 19:17:36.689 28269-1944/? W/System.err: addSampleData ====== video: false, size : 340, time : 228868959
07-22 19:17:36.719 28269-1944/? W/System.err: addSampleData ====== video: false, size : 352, time : 228895815
07-22 19:17:36.739 28269-1944/? W/System.err: addSampleData ====== video: false, size : 357, time : 228917255
07-22 19:17:36.759 28269-1944/? W/System.err: addSampleData ====== video: false, size : 370, time : 228938656
07-22 19:17:36.779 28269-1940/? W/System.err: addSampleData ====== video: true, size : 1021, time : 228962755
07-22 19:17:36.799 28269-1944/? W/System.err: addSampleData ====== video: false, size : 350, time : 228977312
07-22 19:17:36.819 28269-1944/? W/System.err: addSampleData ====== video: false, size : 353, time : 228996498
07-22 19:17:36.849 28269-1944/? W/System.err: addSampleData ====== video: false, size : 365, time : 229020826
07-22 19:17:36.859 28269-1944/? W/System.err: addSampleData ====== video: false, size : 358, time : 229037333
07-22 19:17:36.879 28269-1944/? W/System.err: addSampleData ====== video: false, size : 356, time : 229057262
07-22 19:17:36.899 28269-1944/? W/System.err: addSampleData ====== video: false, size : 359, time : 229078478
07-22 19:17:36.909 28269-1940/? W/System.err: addSampleData ====== video: true, size : 971, time : 229082728
07-22 19:17:36.919 28269-1944/? W/System.err: addSampleData ====== video: false, size : 364, time : 229096646
07-22 19:17:36.959 28269-1944/? W/System.err: addSampleData ====== video: false, size : 367, time : 229138299
07-22 19:17:36.979 28269-1944/? W/System.err: addSampleData ====== video: false, size : 363, time : 229162154
07-22 19:17:36.999 28269-1944/? W/System.err: addSampleData ====== video: false, size : 359, time : 229176900
07-22 19:17:37.019 28269-1944/? W/System.err: addSampleData ====== video: false, size : 364, time : 229196929
07-22 19:17:37.039 28269-1944/? W/System.err: addSampleData ====== video: false, size : 357, time : 229219747
07-22 19:17:37.049 28269-1940/? W/System.err: addSampleData ====== video: true, size : 632, time : 229226185
07-22 19:17:37.059 28269-1944/? W/System.err: addSampleData ====== video: false, size : 360, time : 229243467
07-22 19:17:37.079 28269-1944/? W/System.err: addSampleData ====== video: false, size : 367, time : 229259941
07-22 19:17:37.119 28269-1944/? W/System.err: addSampleData ====== video: false, size : 349, time : 229295942
07-22 19:17:37.139 28269-1944/? W/System.err: addSampleData ====== video: false, size : 365, time : 229317622
07-22 19:17:37.169 28269-1944/? W/System.err: addSampleData ====== video: false, size : 360, time : 229339170
07-22 19:17:37.169 28269-1940/? W/System.err: addSampleData ====== video: true, size : 676, time : 229343830
07-22 19:17:37.179 28269-1944/? W/System.err: addSampleData ====== video: false, size : 366, time : 229357063
07-22 19:17:37.199 28269-1944/? W/System.err: addSampleData ====== video: false, size : 369, time : 229381653
07-22 19:17:37.219 28269-1944/? W/System.err: addSampleData ====== video: false, size : 362, time : 229397544
07-22 19:17:37.239 28269-1944/? W/System.err: addSampleData ====== video: false, size : 360, time : 229418281
07-22 19:17:37.279 28269-1940/? W/System.err: addSampleData ====== video: true, size : 688, time : 229457692
07-22 19:17:37.279 28269-1944/? W/System.err: addSampleData ====== video: false, size : 360, time : 229459865
07-22 19:17:37.299 28269-1944/? W/System.err: addSampleData ====== video: false, size : 359, time : 229478909
07-22 19:17:37.319 28269-1944/? W/System.err: addSampleData ====== video: false, size : 363, time : 229496344
07-22 19:17:37.339 28269-1940/? W/System.err: addSampleData ====== video: true, size : 709, time : 229514601
07-22 19:17:37.339 28269-1944/? W/System.err: addSampleData ====== video: false, size : 358, time : 229518234
07-22 19:17:37.369 28269-1944/? W/System.err: addSampleData ====== video: false, size : 392, time : 229546950
07-22 19:17:37.399 28269-1944/? W/System.err: addSampleData ====== video: false, size : 340, time : 229576761
07-22 19:17:37.409 28269-1940/? W/System.err: addSampleData ====== video: true, size : 901, time : 229588142
07-22 19:17:37.409 28269-1944/? W/System.err: addSampleData ====== video: false, size : 370, time : 229592562
07-22 19:17:37.449 28269-1944/? W/System.err: addSampleData ====== video: false, size : 359, time : 229627287
07-22 19:17:37.469 28269-1944/? W/System.err: addSampleData ====== video: false, size : 356, time : 229647509
07-22 19:17:37.489 28269-1944/? W/System.err: addSampleData ====== video: false, size : 353, time : 229665607
07-22 19:17:37.509 28269-1944/? W/System.err: addSampleData ====== video: false, size : 353, time : 229686011
07-22 19:17:37.529 28269-1944/? W/System.err: addSampleData ====== video: false, size : 354, time : 229708844
07-22 19:17:37.549 28269-1944/? W/System.err: addSampleData ====== video: false, size : 361, time : 229726484
07-22 19:17:37.549 2294-2681/? D/NetworkController.MobileSignalController(0/1): onSignalStrengthsChanged signalStrength=SignalStrength: 11 99 -120 -160 -120 -1 -1 99 2147483647 2147483647 2147483647 -1 2147483647 0x3 gsm|lte level=3
07-22 19:17:37.549 2294-2681/? D/NetworkController.MobileSignalController(0/1): getMobileIconGroup(): 10
07-22 19:17:37.569 28269-1944/? W/System.err: addSampleData ====== video: false, size : 352, time : 229747322
07-22 19:17:37.589 28269-1940/? W/System.err: addSampleData ====== video: true, size : 664, time : 229765355
07-22 19:17:37.609 28269-1944/? W/System.err: addSampleData ====== video: false, size : 369, time : 229789023
07-22 19:17:37.629 28269-1944/? W/System.err: addSampleData ====== video: false, size : 346, time : 229806336
07-22 19:17:37.649 28269-1944/? W/System.err: addSampleData ====== video: false, size : 362, time : 229826727
07-22 19:17:37.669 28269-1944/? W/System.err: addSampleData ====== video: false, size : 358, time : 229845922
07-22 19:17:37.669 28269-1940/? W/System.err: addSampleData ====== video: true, size : 686, time : 229845924
07-22 19:17:37.689 28269-1944/? W/System.err: addSampleData ====== video: false, size : 350, time : 229868658
07-22 19:17:37.709 28269-1944/? W/System.err: addSampleData ====== video: false, size : 358, time : 229889869
07-22 19:17:37.739 28269-1944/? W/System.err: addSampleData ====== video: false, size : 360, time : 229915130
07-22 19:17:37.769 28269-1944/? W/System.err: addSampleData ====== video: false, size : 357, time : 229946285
07-22 19:17:37.789 28269-1944/? W/System.err: addSampleData ====== video: false, size : 352, time : 229965687
07-22 19:17:37.809 28269-1944/? W/System.err: addSampleData ====== video: false, size : 364, time : 229985589
07-22 19:17:37.829 28269-1944/? W/System.err: addSampleData ====== video: false, size : 363, time : 230005824
07-22 19:17:37.829 28269-1940/? W/System.err: addSampleData ====== video: true, size : 705, time : 230011930
07-22 19:17:37.849 28269-1944/? W/System.err: addSampleData ====== video: false, size : 355, time : 230028449
07-22 19:17:37.869 28269-1944/? W/System.err: addSampleData ====== video: false, size : 365, time : 230046347
07-22 19:17:37.889 28269-1944/? W/System.err: addSampleData ====== video: false, size : 363, time : 230066464
07-22 19:17:37.909 28269-1940/? W/System.err: addSampleData ====== video: true, size : 685, time : 230093633
07-22 19:17:37.929 28269-1944/? W/System.err: addSampleData ====== video: false, size : 359, time : 230110550
07-22 19:17:37.949 28269-1944/? W/System.err: addSampleData ====== video: false, size : 365, time : 230129106
07-22 19:17:37.969 28269-1944/? W/System.err: addSampleData ====== video: false, size : 372, time : 230145293
07-22 19:17:37.989 28269-1944/? W/System.err: addSampleData ====== video: false, size : 354, time : 230165339
07-22 19:17:37.999 28269-1940/? W/System.err: addSampleData ====== video: true, size : 672, time : 230175983
07-22 19:17:38.019 28269-1944/? W/System.err: addSampleData ====== video: false, size : 357, time : 230197754
07-22 19:17:38.039 28269-1944/? W/System.err: addSampleData ====== video: false, size : 359, time : 230216263
07-22 19:17:38.059 28269-1944/? W/System.err: addSampleData ====== video: false, size : 356, time : 230237861
07-22 19:17:38.079 28269-1940/? W/System.err: addSampleData ====== video: true, size : 596, time : 230258510
07-22 19:17:38.099 28269-1944/? W/System.err: addSampleData ====== video: false, size : 364, time : 230280891
07-22 19:17:38.119 28269-1944/? W/System.err: addSampleData ====== video: false, size : 362, time : 230297322
07-22 19:17:38.119 28269-28269/? D/ViewRootImpl: #3 mView = null
07-22 19:17:38.129 347-10312/? I/SurfaceFlinger: id=1728 Removed  (8/15)
07-22 19:17:38.129 347-484/? I/SurfaceFlinger: id=1728 Removed  (-2/15)
07-22 19:17:38.139 28269-1944/? W/System.err: addSampleData ====== video: false, size : 366, time : 230315581
07-22 19:17:38.159 28269-28269/? D/ViewRootImpl: #3 mView = null
07-22 19:17:38.159 347-3345/? I/SurfaceFlinger: id=1729 Removed  (8/14)
07-22 19:17:38.159 28269-1944/? W/System.err: addSampleData ====== video: false, size : 376, time : 230336868
07-22 19:17:38.159 347-1516/? I/SurfaceFlinger: id=1729 Removed  (-2/14)
07-22 19:17:38.159 28269-1940/? W/System.err: addSampleData ====== video: true, size : 1418, time : 230343198
07-22 19:17:38.179 28269-1944/? W/System.err: addSampleData ====== video: false, size : 368, time : 230357933
07-22 19:17:38.199 28269-1944/? W/System.err: addSampleData ====== video: false, size : 335, time : 230377662
07-22 19:17:38.219 28269-1944/? W/System.err: addSampleData ====== video: false, size : 343, time : 230398256
07-22 19:17:38.259 28269-1944/? W/System.err: addSampleData ====== video: false, size : 345, time : 230436856
07-22 19:17:38.269 28269-1940/? W/System.err: addSampleData ====== video: true, size : 1249, time : 230449665
07-22 19:17:38.279 28269-1944/? W/System.err: addSampleData ====== video: false, size : 350, time : 230457140
07-22 19:17:38.309 28269-1944/? W/System.err: addSampleData ====== video: false, size : 364, time : 230476944
07-22 19:17:38.319 28269-1944/? W/System.err: addSampleData ====== video: false, size : 358, time : 230496343
07-22 19:17:38.339 1463-2191/? D/InputReader: Input event(4): value=1 when=34855570206000
07-22 19:17:38.339 1463-2191/? I/InputReader: Touch event's action is 0x0 (deviceType=0) [pCnt=1, s=0.4653 ] when=34855570206000
07-22 19:17:38.339 1463-2190/? D/PowerManagerService: [api] userActivityFromNative : 640 (event: 2 flags: 0) eventTime = 34855570
07-22 19:17:38.339 1463-2191/? D/InputReader: lastThreadEndTime = 34852988490141, currentThreadStartTime = 34852988493214, diff = 0
07-22 19:17:38.339 1463-2190/? I/InputDispatcher: Delivering touch to (2024): action: 0x0, toolType: 1
07-22 19:17:38.339 2024-2024/? D/ViewRootImpl: ViewPostImeInputStage processPointer 0
07-22 19:17:38.339 28269-1944/? W/System.err: addSampleData ====== video: false, size : 360, time : 230521614
07-22 19:17:38.369 28269-1944/? W/System.err: addSampleData ====== video: false, size : 365, time : 230541513
07-22 19:17:38.379 28269-1944/? W/System.err: addSampleData ====== video: false, size : 360, time : 230561122
07-22 19:17:38.379 28269-1940/? W/System.err: addSampleData ====== video: true, size : 5634, time : 230563048
07-22 19:17:38.419 28269-1944/? W/System.err: addSampleData ====== video: false, size : 352, time : 230597643
07-22 19:17:38.439 28269-1944/? W/System.err: addSampleData ====== video: false, size : 361, time : 230616075
07-22 19:17:38.459 28269-1944/? W/System.err: addSampleData ====== video: false, size : 358, time : 230638999
07-22 19:17:38.469 28269-1940/? W/System.err: addSampleData ====== video: true, size : 5278, time : 230647485
07-22 19:17:38.479 28269-1944/? W/System.err: addSampleData ====== video: false, size : 362, time : 230656171
07-22 19:17:38.499 28269-1944/? W/System.err: addSampleData ====== video: false, size : 360, time : 230678189
07-22 19:17:38.509 1463-2191/? D/InputReader: Input event(4): value=0 when=34855745550000
07-22 19:17:38.509 1463-2191/? I/InputReader: Touch event's action is 0x1 (deviceType=0) [pCnt=1, s=] when=34855745550000
07-22 19:17:38.509 1463-2190/? I/InputDispatcher: Delivering touch to (2024): action: 0x1, toolType: 1
07-22 19:17:38.509 2024-2024/? D/ViewRootImpl: ViewPostImeInputStage processPointer 1
07-22 19:17:38.519 28269-1944/? W/System.err: addSampleData ====== video: false, size : 366, time : 230698008
07-22 19:17:38.539 28269-1944/? W/System.err: addSampleData ====== video: false, size : 359, time : 230716782
07-22 19:17:38.569 28269-1940/? W/System.err: addSampleData ====== video: true, size : 1571, time : 230752097
07-22 19:17:38.579 28269-1944/? W/System.err: addSampleData ====== video: false, size : 373, time : 230757651
07-22 19:17:38.599 28269-1944/? W/System.err: addSampleData ====== video: false, size : 406, time : 230777027
07-22 19:17:38.609 28269-1940/? W/System.err: addSampleData ====== video: true, size : 12747, time : 230792377
07-22 19:17:38.619 28269-1944/? W/System.err: addSampleData ====== video: false, size : 358, time : 230797469
07-22 19:17:38.649 28269-1944/? W/System.err: addSampleData ====== video: false, size : 353, time : 230825943
07-22 19:17:38.669 28269-1944/? W/System.err: addSampleData ====== video: false, size : 358, time : 230846843
07-22 19:17:38.689 28269-1944/? W/System.err: addSampleData ====== video: false, size : 366, time : 230868281
07-22 19:17:38.699 28269-1940/? W/System.err: addSampleData ====== video: true, size : 253057, time : 230877985
07-22 19:17:38.709 28269-1944/? W/System.err: addSampleData ====== video: false, size : 358, time : 230887629
07-22 19:17:38.749 28269-1944/? W/System.err: addSampleData ====== video: false, size : 357, time : 230926636
07-22 19:17:38.769 28269-1944/? W/System.err: addSampleData ====== video: false, size : 356, time : 230947575
07-22 19:17:38.779 28269-1940/? W/System.err: addSampleData ====== video: true, size : 10459, time : 230957799
07-22 19:17:38.789 28269-1944/? W/System.err: addSampleData ====== video: false, size : 354, time : 230968124
07-22 19:17:38.809 28269-1944/? W/System.err: addSampleData ====== video: false, size : 377, time : 230987468
07-22 19:17:38.829 28269-1944/? W/System.err: addSampleData ====== video: false, size : 362, time : 231006843
07-22 19:17:38.849 28269-1944/? W/System.err: addSampleData ====== video: false, size : 356, time : 231027358
07-22 19:17:38.869 28269-1944/? W/System.err: addSampleData ====== video: false, size : 358, time : 231046423
07-22 19:17:38.909 28269-1944/? W/System.err: addSampleData ====== video: false, size : 359, time : 231086035
07-22 19:17:38.909 28269-1940/? W/System.err: addSampleData ====== video: true, size : 1565, time : 231089345
07-22 19:17:38.929 28269-1944/? W/System.err: addSampleData ====== video: false, size : 367, time : 231109296
07-22 19:17:38.949 28269-1944/? W/System.err: addSampleData ====== video: false, size : 364, time : 231126711
07-22 19:17:38.969 28269-1944/? W/System.err: addSampleData ====== video: false, size : 360, time : 231145817
07-22 19:17:38.979 28269-1940/? W/System.err: addSampleData ====== video: true, size : 1034, time : 231152463
07-22 19:17:38.989 28269-1944/? W/System.err: addSampleData ====== video: false, size : 354, time : 231168628
07-22 19:17:39.009 28269-1944/? W/System.err: addSampleData ====== video: false, size : 358, time : 231189205
07-22 19:17:39.029 28269-1944/? W/System.err: addSampleData ====== video: false, size : 358, time : 231206563
07-22 19:17:39.049 28269-1940/? W/System.err: addSampleData ====== video: true, size : 601, time : 231221711
07-22 19:17:39.069 28269-1944/? W/System.err: addSampleData ====== video: false, size : 361, time : 231245866
07-22 19:17:39.089 28269-1944/? W/System.err: addSampleData ====== video: false, size : 369, time : 231266303
07-22 19:17:39.109 28269-1944/? W/System.err: addSampleData ====== video: false, size : 347, time : 231285732
07-22 19:17:39.109 28269-1940/? W/System.err: addSampleData ====== video: true, size : 341, time : 231287181
07-22 19:17:39.129 28269-1944/? W/System.err: addSampleData ====== video: false, size : 360, time : 231306710
07-22 19:17:39.149 28269-1944/? W/System.err: addSampleData ====== video: false, size : 392, time : 231327522
07-22 19:17:39.169 28269-1944/? W/System.err: addSampleData ====== video: false, size : 343, time : 231346813
07-22 19:17:39.169 28269-1940/? W/System.err: addSampleData ====== video: true, size : 297, time : 231350479
07-22 19:17:39.189 28269-1944/? W/System.err: addSampleData ====== video: false, size : 348, time : 231369272
07-22 19:17:39.229 28269-1944/? W/System.err: addSampleData ====== video: false, size : 352, time : 231406128
07-22 19:17:39.249 28269-1940/? W/System.err: addSampleData ====== video: true, size : 286, time : 231424991
07-22 19:17:39.249 28269-1944/? W/System.err: addSampleData ====== video: false, size : 355, time : 231427240
07-22 19:17:39.269 28269-1944/? W/System.err: addSampleData ====== video: false, size : 351, time : 231446913
07-22 19:17:39.299 28269-1944/? W/System.err: addSampleData ====== video: false, size : 369, time : 231477182
07-22 19:17:39.319 28269-1944/? W/System.err: addSampleData ====== video: false, size : 352, time : 231502888
07-22 19:17:39.339 28269-1944/? W/System.err: addSampleData ====== video: false, size : 350, time : 231518900
07-22 19:17:39.359 28269-1944/? W/System.err: addSampleData ====== video: false, size : 384, time : 231539436
07-22 19:17:39.379 28269-1940/? W/System.err: addSampleData ====== video: true, size : 291, time : 231563007
07-22 19:17:39.399 28269-1944/? W/System.err: addSampleData ====== video: false, size : 351, time : 231577085
07-22 19:17:39.419 28269-1944/? W/System.err: addSampleData ====== video: false, size : 352, time : 231599080
07-22 19:17:39.439 28269-1944/? W/System.err: addSampleData ====== video: false, size : 357, time : 231618336
07-22 19:17:39.459 28269-1944/? W/System.err: addSampleData ====== video: false, size : 354, time : 231636406
07-22 19:17:39.479 28269-1944/? W/System.err: addSampleData ====== video: false, size : 363, time : 231662004
07-22 19:17:39.499 28269-1944/? W/System.err: addSampleData ====== video: false, size : 356, time : 231681566
07-22 19:17:39.509 28269-1940/? W/System.err: addSampleData ====== video: true, size : 313, time : 231686308
07-22 19:17:39.519 28269-1944/? W/System.err: addSampleData ====== video: false, size : 358, time : 231702364
07-22 19:17:39.559 28269-1944/? W/System.err: addSampleData ====== video: false, size : 362, time : 231736874
07-22 19:17:39.579 28269-1944/? W/System.err: addSampleData ====== video: false, size : 361, time : 231758296
07-22 19:17:39.599 28269-1940/? W/System.err: addSampleData ====== video: true, size : 290, time : 231777217
07-22 19:17:39.609 28269-1944/? W/System.err: addSampleData ====== video: false, size : 354, time : 231785357
07-22 19:17:39.619 28269-1944/? W/System.err: addSampleData ====== video: false, size : 358, time : 231796891
07-22 19:17:39.639 28269-1944/? W/System.err: addSampleData ====== video: false, size : 357, time : 231819315
07-22 19:17:39.659 28269-1944/? W/System.err: addSampleData ====== video: false, size : 361, time : 231839954
07-22 19:17:39.679 28269-1944/? W/System.err: addSampleData ====== video: false, size : 356, time : 231857781
07-22 19:17:39.719 28269-1944/? W/System.err: addSampleData ====== video: false, size : 368, time : 231897582
07-22 19:17:39.749 28269-1940/? W/System.err: addSampleData ====== video: true, size : 376, time : 231922680
07-22 19:17:39.749 28269-1944/? W/System.err: addSampleData ====== video: false, size : 355, time : 231926632
07-22 19:17:39.759 28269-1944/? W/System.err: addSampleData ====== video: false, size : 356, time : 231937608
07-22 19:17:39.779 28269-1944/? W/System.err: addSampleData ====== video: false, size : 362, time : 231957111
07-22 19:17:39.799 28269-1944/? W/System.err: addSampleData ====== video: false, size : 358, time : 231977698
07-22 19:17:39.819 28269-1944/? W/System.err: addSampleData ====== video: false, size : 363, time : 231999004
07-22 19:17:39.839 28269-1944/? W/System.err: addSampleData ====== video: false, size : 361, time : 232016485
07-22 19:17:39.839 28269-1940/? W/System.err: addSampleData ====== video: true, size : 281, time : 232018024
07-22 19:17:39.879 28269-1944/? W/System.err: addSampleData ====== video: false, size : 369, time : 232056661
07-22 19:17:39.899 28269-1944/? W/System.err: addSampleData ====== video: false, size : 357, time : 232076348
07-22 19:17:39.929 28269-1940/? W/System.err: addSampleData ====== video: true, size : 267, time : 232105752
07-22 19:17:39.939 28269-1944/? W/System.err: addSampleData ====== video: false, size : 356, time : 232114960
07-22 19:17:39.949 28269-1944/? W/System.err: addSampleData ====== video: false, size : 361, time : 232127161
07-22 19:17:39.969 28269-1944/? W/System.err: addSampleData ====== video: false, size : 403, time : 232147587
07-22 19:17:39.989 28269-1944/? W/System.err: addSampleData ====== video: false, size : 366, time : 232167520
07-22 19:17:40.009 28269-1944/? W/System.err: addSampleData ====== video: false, size : 361, time : 232186575
07-22 19:17:40.029 28269-1940/? W/System.err: addSampleData ====== video: true, size : 288, time : 232207724
07-22 19:17:40.049 28269-1944/? W/System.err: addSampleData ====== video: false, size : 347, time : 232226213
07-22 19:17:40.069 28269-1944/? W/System.err: addSampleData ====== video: false, size : 357, time : 232246419
07-22 19:17:40.089 28269-1944/? W/System.err: addSampleData ====== video: false, size : 360, time : 232268452
07-22 19:17:40.109 28269-1944/? W/System.err: addSampleData ====== video: false, size : 361, time : 232287108
07-22 19:17:40.129 28269-1944/? W/System.err: addSampleData ====== video: false, size : 362, time : 232306928
07-22 19:17:40.149 28269-1944/? W/System.err: addSampleData ====== video: false, size : 366, time : 232327699
07-22 19:17:40.169 28269-1944/? W/System.err: addSampleData ====== video: false, size : 435, time : 232346947
07-22 19:17:40.189 28269-1940/? W/System.err: addSampleData ====== video: true, size : 258, time : 232370192
07-22 19:17:40.209 28269-1944/? W/System.err: addSampleData ====== video: false, size : 363, time : 232387112
07-22 19:17:40.229 28269-1944/? W/System.err: addSampleData ====== video: false, size : 323, time : 232407947
07-22 19:17:40.249 28269-1944/? W/System.err: addSampleData ====== video: false, size : 341, time : 232425967
07-22 19:17:40.269 28269-1944/? W/System.err: addSampleData ====== video: false, size : 348, time : 232445530
07-22 19:17:40.289 28269-1944/? W/System.err: addSampleData ====== video: false, size : 337, time : 232470676
07-22 19:17:40.299 28269-1940/? W/System.err: addSampleData ====== video: true, size : 356, time : 232475839
07-22 19:17:40.309 28269-1944/? W/System.err: addSampleData ====== video: false, size : 349, time : 232487102
07-22 19:17:40.329 28269-1944/? W/System.err: addSampleData ====== video: false, size : 361, time : 232506254
07-22 19:17:40.369 28269-1944/? W/System.err: addSampleData ====== video: false, size : 360, time : 232547106
07-22 19:17:40.369 28269-1940/? W/System.err: addSampleData ====== video: true, size : 285, time : 232553713
07-22 19:17:40.389 28269-1944/? W/System.err: addSampleData ====== video: false, size : 355, time : 232566253
07-22 19:17:40.409 28269-1944/? W/System.err: addSampleData ====== video: false, size : 367, time : 232589399
07-22 19:17:40.429 28269-1944/? W/System.err: addSampleData ====== video: false, size : 369, time : 232611473
07-22 19:17:40.449 28269-1944/? W/System.err: addSampleData ====== video: false, size : 366, time : 232628840
07-22 19:17:40.469 28269-1944/? W/System.err: addSampleData ====== video: false, size : 361, time : 232646957
07-22 19:17:40.489 28269-1940/? W/System.err: addSampleData ====== video: true, size : 283, time : 232665483
07-22 19:17:40.489 28269-1944/? W/System.err: addSampleData ====== video: false, size : 355, time : 232669017
07-22 19:17:40.529 28269-1944/? W/System.err: addSampleData ====== video: false, size : 357, time : 232708954
07-22 19:17:40.549 28269-1944/? W/System.err: addSampleData ====== video: false, size : 367, time : 232726897
07-22 19:17:40.579 28269-1944/? W/System.err: addSampleData ====== video: false, size : 358, time : 232756964
07-22 19:17:40.579 1463-3407/? D/BatteryService: !@BatteryListener : batteryPropertiesChanged!
07-22 19:17:40.579 1463-3407/? D/BatteryService: level:48, scale:100, status:2, health:2, present:true, voltage: 3863, temperature: 384, technology: Li-ion, AC powered:false, USB powered:true, POGO powered:false, Wireless powered:false, icon:17303419, invalid charger:0, maxChargingCurrent:0
07-22 19:17:40.579 1463-3407/? D/BatteryService: online:4, current avg:11, charge type:1, power sharing:false, high voltage charger:false, capacity:280000, batterySWSelfDischarging:false, current_now:78
07-22 19:17:40.579 1463-1463/? D/BatteryService: Sending ACTION_BATTERY_CHANGED.
07-22 19:17:40.589 1463-1463/? I/MotionRecognitionService: Plugged
07-22 19:17:40.589 1463-1463/? D/MotionRecognitionService:   cableConnection= 1
07-22 19:17:40.589 1463-1463/? D/MotionRecognitionService: setPowerConnected | current backoff  = 1024 , state =1024
07-22 19:17:40.589 1463-1463/? D/MotionRecognitionService: skip setTransmitPower. 
07-22 19:17:40.589 2294-2294/? D/KeyguardUpdateMonitor: received broadcast android.intent.action.BATTERY_CHANGED
07-22 19:17:40.589 2294-2294/? D/KeyguardUpdateMonitor: handleBatteryUpdate
07-22 19:17:40.599 28269-1944/? W/System.err: addSampleData ====== video: false, size : 359, time : 232775889
07-22 19:17:40.599 2294-2294/? D/PowerUI: priorPlugType = 2 mPlugType =  2
07-22 19:17:40.599 2294-2294/? D/PowerUI.Notification: Charging remaining time is not supported and connected cable is not a fast/slow charger, so return!
07-22 19:17:40.619 2294-2294/? D/BatteryMeterView: ACTION_BATTERY_CHANGED : level:48 status:2 health:2
07-22 19:17:40.619 2294-2294/? D/BatteryMeterView: ACTION_BATTERY_CHANGED : level:48 status:2 health:2
07-22 19:17:40.619 2294-2294/? D/CoverUpdateMonitor: received broadcast android.intent.action.BATTERY_CHANGED
07-22 19:17:40.619 28269-1944/? W/System.err: addSampleData ====== video: false, size : 381, time : 232802899
07-22 19:17:40.639 28269-1940/? W/System.err: addSampleData ====== video: true, size : 286, time : 232817430
07-22 19:17:40.649 28269-1944/? W/System.err: addSampleData ====== video: false, size : 354, time : 232824729
07-22 19:17:40.659 28269-1944/? W/System.err: addSampleData ====== video: false, size : 375, time : 232836974
07-22 19:17:40.699 28269-1944/? W/System.err: addSampleData ====== video: false, size : 361, time : 232878057
07-22 19:17:40.719 28269-1944/? W/System.err: addSampleData ====== video: false, size : 357, time : 232896097
07-22 19:17:40.739 28269-1944/? W/System.err: addSampleData ====== video: false, size : 363, time : 232918101
07-22 19:17:40.759 28269-1944/? W/System.err: addSampleData ====== video: false, size : 366, time : 232936555
07-22 19:17:40.759 28269-1940/? W/System.err: addSampleData ====== video: true, size : 247, time : 232939958
07-22 19:17:40.779 28269-1944/? W/System.err: addSampleData ====== video: false, size : 351, time : 232959912
07-22 19:17:40.799 28269-1944/? W/System.err: addSampleData ====== video: false, size : 358, time : 232978195
07-22 19:17:40.819 2294-2681/? D/NetworkController.MobileSignalController(0/1): onSignalStrengthsChanged signalStrength=SignalStrength: 10 99 -120 -160 -120 -1 -1 99 2147483647 2147483647 2147483647 -1 2147483647 0x3 gsm|lte level=3
07-22 19:17:40.819 2294-2681/? D/NetworkController.MobileSignalController(0/1): getMobileIconGroup(): 10
07-22 19:17:40.829 28269-1944/? W/System.err: addSampleData ====== video: false, size : 339, time : 233004543
07-22 19:17:40.849 28269-1940/? W/System.err: addSampleData ====== video: true, size : 274, time : 233028717
07-22 19:17:40.859 1463-2170/? D/SensorService: [SO] 0.429 8.809 4.003
07-22 19:17:40.859 1463-2170/? D/SensorService: [SO] [1 -> 0]
07-22 19:17:40.859 28269-1944/? W/System.err: addSampleData ====== video: false, size : 350, time : 233039802
07-22 19:17:40.869 1463-1677/? V/WindowOrientationListener: OrientationSensorJudge.onSensorChanged, Rotation: -1
07-22 19:17:40.869 1463-1677/? V/WindowOrientationListener: OrientationSensorJudge.getProposedRotation, Rotation: 0
07-22 19:17:40.869 1463-1677/? V/WindowManager: rotationForOrientationLw(orient=0, last=1); user=0  sensorRotation=0 mLidState=-1 mDockMode=0 mHdmiPlugged=false mMobileKeyboardEnabled=false displayId=0
07-22 19:17:40.869 1463-1677/? V/WindowOrientationListener: OrientationSensorJudge.getProposedRotation, Rotation: 0
07-22 19:17:40.879 28269-1944/? W/System.err: addSampleData ====== video: false, size : 366, time : 233056429
07-22 19:17:40.899 28269-1944/? W/System.err: addSampleData ====== video: false, size : 350, time : 233076538
07-22 19:17:40.899 28269-1940/? W/System.err: addSampleData ====== video: true, size : 260, time : 233076729
07-22 19:17:40.919 28269-1944/? W/System.err: addSampleData ====== video: false, size : 351, time : 233095755
07-22 19:17:40.929 1463-2734/? E/Watchdog: !@Sync 1161 [07-22 19:17:40.932]
07-22 19:17:40.939 28269-1944/? W/System.err: addSampleData ====== video: false, size : 356, time : 233119090
07-22 19:17:40.969 28269-1944/? W/System.err: addSampleData ====== video: false, size : 390, time : 233145098
07-22 19:17:40.979 28269-1944/? W/System.err: addSampleData ====== video: false, size : 340, time : 233162466
07-22 19:17:40.999 28269-1940/? W/System.err: addSampleData ====== video: true, size : 244, time : 233180975
07-22 19:17:41.019 28269-1944/? W/System.err: addSampleData ====== video: false, size : 354, time : 233197725
07-22 19:17:41.039 28269-1944/? W/System.err: addSampleData ====== video: false, size : 363, time : 233216717
07-22 19:17:41.059 28269-1944/? W/System.err: addSampleData ====== video: false, size : 417, time : 233237779
07-22 19:17:41.079 28269-1944/? W/System.err: addSampleData ====== video: false, size : 329, time : 233258308
07-22 19:17:41.099 28269-1944/? W/System.err: addSampleData ====== video: false, size : 343, time : 233281762
07-22 19:17:41.119 28269-1944/? W/System.err: addSampleData ====== video: false, size : 350, time : 233302546
07-22 19:17:41.149 28269-1944/? W/System.err: addSampleData ====== video: false, size : 399, time : 233324280
07-22 19:17:41.149 28269-1940/? W/System.err: addSampleData ====== video: true, size : 270, time : 233324046
07-22 19:17:41.169 1463-2191/? D/InputReader: Input event(6): value=1 when=34858400192000
07-22 19:17:41.169 1463-2191/? D/InputReader: !@notifyKey(172), action=0
07-22 19:17:41.169 1463-2191/? D/InputManager-JNI: !@interceptKeyBeforeQueueing(172), action=0, interactive=true
07-22 19:17:41.169 1463-2191/? D/InputManager-JNI: !@handleInterceptActions(172), action=0, wmActions=1
07-22 19:17:41.179 28269-1944/? W/System.err: addSampleData ====== video: false, size : 333, time : 233356789
07-22 19:17:41.209 28269-1944/? W/System.err: addSampleData ====== video: false, size : 360, time : 233386319
07-22 19:17:41.209 28269-1940/? W/System.err: addSampleData ====== video: true, size : 315, time : 233393710
07-22 19:17:41.229 28269-1944/? W/System.err: addSampleData ====== video: false, size : 359, time : 233406278
07-22 19:17:41.249 28269-1944/? W/System.err: addSampleData ====== video: false, size : 365, time : 233426409
07-22 19:17:41.269 28269-1944/? W/System.err: addSampleData ====== video: false, size : 388, time : 233452018
07-22 19:17:41.289 1463-2191/? D/InputReader: Input event(6): value=0 when=34858520540000
07-22 19:17:41.289 1463-2191/? D/InputReader: !@notifyKey(172), action=1
07-22 19:17:41.289 1463-2191/? D/InputManager-JNI: !@interceptKeyBeforeQueueing(172), action=1, interactive=true
07-22 19:17:41.289 1463-2191/? D/InputManager-JNI: !@handleInterceptActions(172), action=1, wmActions=1
07-22 19:17:41.289 1463-2190/? D/VoIPInterfaceManager: isVoIPRinging()...
07-22 19:17:41.289 1463-2190/? D/VoIPInterfaceManager: isVoIPRunningAndDeregi()...
07-22 19:17:41.289 1463-2190/? D/VoIPInterfaceManager: Not exist call session
07-22 19:17:41.289 28269-1944/? W/System.err: addSampleData ====== video: false, size : 347, time : 233472660
07-22 19:17:41.309 28269-1944/? W/System.err: addSampleData ====== video: false, size : 349, time : 233487813
07-22 19:17:41.349 28269-1944/? W/System.err: addSampleData ====== video: false, size : 352, time : 233525999
07-22 19:17:41.349 28269-1940/? W/System.err: addSampleData ====== video: true, size : 374, time : 233530475
07-22 19:17:41.369 28269-1944/? W/System.err: addSampleData ====== video: false, size : 379, time : 233546519
07-22 19:17:41.389 28269-1944/? W/System.err: addSampleData ====== video: false, size : 391, time : 233567462
07-22 19:17:41.409 28269-1944/? W/System.err: addSampleData ====== video: false, size : 358, time : 233585562
07-22 19:17:41.429 28269-1944/? W/System.err: addSampleData ====== video: false, size : 382, time : 233609303
07-22 19:17:41.449 28269-1944/? W/System.err: addSampleData ====== video: false, size : 344, time : 233626579
07-22 19:17:41.469 1463-1677/? I/WindowManager: startDockOrHome
07-22 19:17:41.469 28269-1944/? W/System.err: addSampleData ====== video: false, size : 333, time : 233647210
07-22 19:17:41.469 1463-1677/? D/PowerManagerService: [api] [s] userActivity : event: 0 flags: 0 (uid: 1000 pid: 1463) eventTime = 34858703
07-22 19:17:41.469 2294-2456/? D/vol.VolumeDialogControl: onReceive ACTION_CLOSE_SYSTEM_DIALOGS
07-22 19:17:41.469 2294-2294/? D/vol.SecVolumeDialog: dismissH reason: 2
07-22 19:17:41.469 2294-2294/? D/vol.SecVolumeDialog: dismissH : false
07-22 19:17:41.469 2294-2294/? D/ToggleSlider: onReceive : android.intent.action.CLOSE_SYSTEM_DIALOGS
07-22 19:17:41.469 2294-2294/? D/ToggleSlider: onReceive : android.intent.action.CLOSE_SYSTEM_DIALOGS
07-22 19:17:41.469 2294-2294/? D/ToggleSlider: onReceive : android.intent.action.CLOSE_SYSTEM_DIALOGS
07-22 19:17:41.479 2294-2294/? D/HotspotTile: onReceive : android.intent.action.CLOSE_SYSTEM_DIALOGS
07-22 19:17:41.479 2294-2294/? D/MobileDataTile: action:android.intent.action.CLOSE_SYSTEM_DIALOGS
07-22 19:17:41.479 28269-1940/? W/System.err: addSampleData ====== video: true, size : 308, time : 233656688
07-22 19:17:41.479 2294-2294/? D/LocationTile: onReceive : android.intent.action.CLOSE_SYSTEM_DIALOGS
07-22 19:17:41.479 2294-2294/? D/AirplaneModeTile: onReceive : android.intent.action.CLOSE_SYSTEM_DIALOGS
07-22 19:17:41.479 2294-2294/? D/PhoneStatusBar: animateCollapsePanels, state: 0, QSexpanded: false, QSdetailsShowing: false
07-22 19:17:41.479 2294-2294/? D/PhoneStatusBar: animateCollapse(): mExpandedVisible=false flags=0
07-22 19:17:41.479 2294-2294/? D/StatusBar-Window: fnf=true sanc=false, kni=false, sbf=false
07-22 19:17:41.479 2294-2294/? D/CoverUI: applyFocusableFlag() : Remove SAMSUNG_FLAG_SVIEW_COVER
07-22 19:17:41.479 2294-2294/? D/StatusBarWindowManager: forceCollapsed : false isKeyguardShowingAndNotOccluded() : false panelVisible : false keyguardFadingAway : false bouncerShowing : false headsUpShowing : false
07-22 19:17:41.479 2294-2294/? D/CoverUI: applyHeight h = 48, oc = false, fa = false, ac = false, sc = false
07-22 19:17:41.479 2294-2294/? D/PanelView: updateQsState
07-22 19:17:41.479 2294-2294/? D/KeyguardSwipeHelper: reset()
07-22 19:17:41.479 2294-2294/? D/KeyguardUnlockEventHandler: reset()
07-22 19:17:41.479 2294-2294/? D/KeyguardSwipeHelper: resetChildViewVI()
07-22 19:17:41.499 1463-1673/? V/BroadcastQueue: [background] Process cur broadcast BroadcastRecord{2596917 u-1 com.samsung.settings.action.directaccess.CLOSE_DIALOG qIdx=4}, state= (APP_RECEIVE) DELIVERED for app ProcessRecord{4df875d 30735:com.samsung.android.SettingsReceiver/1000}
07-22 19:17:41.509 2294-2294/? D/Recents: handleProxyCall type=3
07-22 19:17:41.519 28269-1944/? W/System.err: addSampleData ====== video: false, size : 340, time : 233695419
07-22 19:17:41.519 30282-30282/? D/Recents: handleProxyCall type=3
07-22 19:17:41.529 28269-1944/? W/System.err: addSampleData ====== video: false, size : 344, time : 233706052
07-22 19:17:41.549 28269-1944/? W/System.err: addSampleData ====== video: false, size : 352, time : 233726977
07-22 19:17:41.559 1463-1677/? D/ResourcesManager: For user 0 new overlays fetched Null
07-22 19:17:41.559 1463-1677/? D/CustomFrequencyManagerService: acquireDVFSLockLocked : type : DVFS_MIN_LIMIT  frequency : 1190400  uid : 1000  pid : 1463  pkgName : ACTIVITY_RESUME_BOOSTER@7
07-22 19:17:41.569 28269-1944/? W/System.err: addSampleData ====== video: false, size : 360, time : 233746504
07-22 19:17:41.569 1463-1677/? D/ActivityManager: mDVFSHelper.acquire()
07-22 19:17:41.579 1463-1677/? D/InputDispatcher: Focused application set to: xxxx
07-22 19:17:41.579 1463-1677/? D/InputDispatcher: Focus left window: 2024
07-22 19:17:41.579 1463-2170/? D/SensorService: [SO] 0.871 8.752 4.573
07-22 19:17:41.579 1463-1755/? D/PointerIcon: setMouseIconStyle1 pointerType: 1001 iconType:101 flag:0 pid:1463 uid:1000
07-22 19:17:41.579 1463-1755/? D/PointerIcon: setMouseCustomIcon IconType is same.101
07-22 19:17:41.589 28269-1940/? W/System.err: addSampleData ====== video: true, size : 300, time : 233766360
07-22 19:17:41.589 28269-1944/? W/System.err: addSampleData ====== video: false, size : 392, time : 233771059
07-22 19:17:41.609 28269-1944/? W/System.err: addSampleData ====== video: false, size : 350, time : 233787044
07-22 19:17:41.629 28269-1944/? W/System.err: addSampleData ====== video: false, size : 356, time : 233806973
07-22 19:17:41.669 28269-1944/? W/System.err: addSampleData ====== video: false, size : 356, time : 233846076
07-22 19:17:41.689 28269-1944/? W/System.err: addSampleData ====== video: false, size : 355, time : 233868128
07-22 19:17:41.699 28269-1940/? W/System.err: addSampleData ====== video: true, size : 275, time : 233876413
07-22 19:17:41.709 28269-1944/? W/System.err: addSampleData ====== video: false, size : 362, time : 233887140
07-22 19:17:41.729 28269-1944/? W/System.err: addSampleData ====== video: false, size : 357, time : 233906567
07-22 19:17:41.749 28269-1944/? W/System.err: addSampleData ====== video: false, size : 369, time : 233927181
07-22 19:17:41.769 28269-1944/? W/System.err: addSampleData ====== video: false, size : 388, time : 233949064
07-22 19:17:41.789 28269-1944/? W/System.err: addSampleData ====== video: false, size : 338, time : 233968352
07-22 19:17:41.829 28269-1940/? W/System.err: addSampleData ====== video: true, size : 275, time : 234006063
07-22 19:17:41.829 28269-1944/? W/System.err: addSampleData ====== video: false, size : 345, time : 234007750
07-22 19:17:41.859 28269-1944/? W/System.err: addSampleData ====== video: false, size : 351, time : 234038002
07-22 19:17:41.879 28269-1944/? W/System.err: addSampleData ====== video: false, size : 360, time : 234056088
07-22 19:17:41.899 28269-1944/? W/System.err: addSampleData ====== video: false, size : 362, time : 234075900
07-22 19:17:41.899 28269-1940/? W/System.err: addSampleData ====== video: true, size : 297, time : 234081997
07-22 19:17:41.909 2024-2039/? E/Unity: AndroidJavaException: java.lang.ClassNotFoundException: com.area730.localnotif.NotificationHandler
    java.lang.ClassNotFoundException: com.area730.localnotif.NotificationHandler
        at java.lang.Class.classForName(Native Method)
        at java.lang.Class.forName(Class.java:324)
        at java.lang.Class.forName(Class.java:285)
        at com.unity3d.player.UnityPlayer.nativeRender(Native Method)
        at com.unity3d.player.UnityPlayer.c(Unknown Source)
        at com.unity3d.player.UnityPlayer$e$2.queueIdle(Unknown Source)
        at android.os.MessageQueue.next(MessageQueue.java:392)
        at android.os.Looper.loop(Looper.java:143)
        at com.unity3d.player.UnityPlayer$e.run(Unknown Source)
     Caused by: java.lang.ClassNotFoundException: Didn't find class "com.area730.localnotif.NotificationHandler" on path: DexPathList[[zip file "/data/app/com.enixan.TotemFarm-1/base.apk"],nativeLibraryDirectories=[/data/app/com.enixan.TotemFarm-1/lib/arm, /data/app/com.enixan.TotemFarm-1/base.apk!/lib/armeabi-v7a, /vendor/lib, /system/lib]]
    	at dalvik.system.BaseDexClassLoad
07-22 19:17:41.909 2024-2071/? I/System.out: (HTTPLog)-Static: isSBSettingEnabled false
07-22 19:17:41.909 2024-2071/? I/System.out: (HTTPLog)-Static: isSBSettingEnabled false
07-22 19:17:41.909 400-2003/? D/EnterpriseController: netId is 0
07-22 19:17:41.909 400-2003/? D/Netd: getNetworkForDns: using netid 504 for uid 10133
07-22 19:17:41.919 400-2003/? D/EnterpriseController: netId is 0
07-22 19:17:41.919 400-2003/? D/Netd: getNetworkForDns: using netid 504 for uid 10133
07-22 19:17:41.919 28269-1944/? W/System.err: addSampleData ====== video: false, size : 352, time : 234097135
07-22 19:17:41.939 28269-1944/? W/System.err: addSampleData ====== video: false, size : 358, time : 234116856
07-22 19:17:41.939 28269-1940/? W/System.err: addSampleData ====== video: true, size : 300, time : 234122420
07-22 19:17:41.959 28269-1944/? W/System.err: addSampleData ====== video: false, size : 359, time : 234137400
07-22 19:17:41.959 28269-1940/? W/System.err: addSampleData ====== video: true, size : 1142, time : 234141253
07-22 19:17:41.999 28269-1944/? W/System.err: addSampleData ====== video: false, size : 369, time : 234176375
07-22 19:17:42.019 28269-1944/? W/System.err: addSampleData ====== video: false, size : 366, time : 234196706
07-22 19:17:42.039 28269-1944/? W/System.err: addSampleData ====== video: false, size : 355, time : 234215424
07-22 19:17:42.059 28269-1944/? W/System.err: addSampleData ====== video: false, size : 357, time : 234235715
07-22 19:17:42.069 1463-1673/? D/CustomFrequencyManagerService: releaseDVFSLockLocked : Getting Lock type frm List : DVFS_MIN_LIMIT  frequency : 1190400  uid : 1000  pid : 1463  tag : ACTIVITY_RESUME_BOOSTER@7
07-22 19:17:42.069 1463-1673/? D/CustomFrequencyManagerService: FrequencyrequestList.getNextCStateDisableRequest, index: 0
07-22 19:17:42.069 1463-1673/? D/ActivityManager: mDVFSHelper.release()
07-22 19:17:42.069 1463-1673/? D/CustomFrequencyManagerService: acquireDVFSLockLocked : type : DVFS_MIN_LIMIT  frequency : 1190400  uid : 1000  pid : 1463  pkgName : ACTIVITY_RESUME_BOOSTER@13
07-22 19:17:42.079 28269-1944/? W/System.err: addSampleData ====== video: false, size : 365, time : 234256787
07-22 19:17:42.099 28269-1944/? W/System.err: addSampleData ====== video: false, size : 361, time : 234276837
07-22 19:17:42.119 28269-1944/? W/System.err: addSampleData ====== video: false, size : 359, time : 234296247
07-22 19:17:42.159 28269-1944/? W/System.err: addSampleData ====== video: false, size : 360, time : 234336120
07-22 19:17:42.169 28269-1940/? W/System.err: addSampleData ====== video: true, size : 131, time : 234353755
07-22 19:17:42.179 28269-1944/? W/System.err: addSampleData ====== video: false, size : 378, time : 234356344
07-22 19:17:42.189 1463-1673/? W/ActivityManager: Activity pause timeout for ActivityRecord{cc01b1e u0 com.enixan.TotemFarm/com.unity3d.player.UnityPlayerActivity t942}
07-22 19:17:42.189 1463-1673/? D/CustomFrequencyManagerService: acquireDVFSLockLocked : type : DVFS_MIN_LIMIT  frequency : 1190400  uid : 1000  pid : 1463  pkgName : ACTIVITY_RESUME_BOOSTER@7
07-22 19:17:42.199 1463-1673/? D/ActivityManager: mDVFSHelper.acquire()
07-22 19:17:42.199 28269-1944/? W/System.err: addSampleData ====== video: false, size : 355, time : 234377459
07-22 19:17:42.199 1463-1673/? V/WindowOrientationListener: setCurrentAppOrientation :1
07-22 19:17:42.209 1463-1673/? V/WindowOrientationListener: OrientationSensorJudge.getProposedRotation, Rotation: 0
07-22 19:17:42.209 1463-1673/? V/WindowManager: rotationForOrientationLw(orient=1, last=1); user=0  sensorRotation=0 mLidState=-1 mDockMode=0 mHdmiPlugged=false mMobileKeyboardEnabled=false displayId=0
07-22 19:17:42.209 1463-1673/? V/WindowOrientationListener: OrientationSensorJudge.getProposedRotation, Rotation: 0
07-22 19:17:42.209 1463-1673/? D/SamsungWindowManager: setRotationLw() : rotation=0
07-22 19:17:42.209 1463-1673/? D/CustomFrequencyManagerService: acquireDVFSLockLocked : type : DVFS_MIN_LIMIT  frequency : 1190400  uid : 1000  pid : 1463  pkgName : ROTATION_BOOSTER@39
07-22 19:17:42.209 1463-1673/? D/InputDispatcher: setInputDispatchMode: enabled=1, frozen=1
